Archive member included to satisfy reference by file (symbol)

D:/p/STM32CubeIDE_1.19.0/STM32CubeIDE/plugins/com.st.stm32cube.ide.mcu.externaltools.gnu-tools-for-stm32.13.3.rel1.win32_1.0.0.202411081344/tools/bin/../lib/gcc/arm-none-eabi/13.3.1/../../../../arm-none-eabi/lib/thumb/v7-m/nofp\libstdc++_nano.a(del_ops.o)
                              ./Core/Src/app.o (operator delete(void*, unsigned int))
D:/p/STM32CubeIDE_1.19.0/STM32CubeIDE/plugins/com.st.stm32cube.ide.mcu.externaltools.gnu-tools-for-stm32.13.3.rel1.win32_1.0.0.202411081344/tools/bin/../lib/gcc/arm-none-eabi/13.3.1/../../../../arm-none-eabi/lib/thumb/v7-m/nofp\libstdc++_nano.a(del_op.o)
                              D:/p/STM32CubeIDE_1.19.0/STM32CubeIDE/plugins/com.st.stm32cube.ide.mcu.externaltools.gnu-tools-for-stm32.13.3.rel1.win32_1.0.0.202411081344/tools/bin/../lib/gcc/arm-none-eabi/13.3.1/../../../../arm-none-eabi/lib/thumb/v7-m/nofp\libstdc++_nano.a(del_ops.o) (operator delete(void*))
D:/p/STM32CubeIDE_1.19.0/STM32CubeIDE/plugins/com.st.stm32cube.ide.mcu.externaltools.gnu-tools-for-stm32.13.3.rel1.win32_1.0.0.202411081344/tools/bin/../lib/gcc/arm-none-eabi/13.3.1/../../../../arm-none-eabi/lib/thumb/v7-m/nofp\libc_nano.a(libc_a-exit.o)
                              D:/p/STM32CubeIDE_1.19.0/STM32CubeIDE/plugins/com.st.stm32cube.ide.mcu.externaltools.gnu-tools-for-stm32.13.3.rel1.win32_1.0.0.202411081344/tools/bin/../lib/gcc/arm-none-eabi/13.3.1/../../../../arm-none-eabi/lib/thumb/v7-m/nofp/crt0.o (exit)
D:/p/STM32CubeIDE_1.19.0/STM32CubeIDE/plugins/com.st.stm32cube.ide.mcu.externaltools.gnu-tools-for-stm32.13.3.rel1.win32_1.0.0.202411081344/tools/bin/../lib/gcc/arm-none-eabi/13.3.1/../../../../arm-none-eabi/lib/thumb/v7-m/nofp\libc_nano.a(libc_a-malloc.o)
                              D:/p/STM32CubeIDE_1.19.0/STM32CubeIDE/plugins/com.st.stm32cube.ide.mcu.externaltools.gnu-tools-for-stm32.13.3.rel1.win32_1.0.0.202411081344/tools/bin/../lib/gcc/arm-none-eabi/13.3.1/../../../../arm-none-eabi/lib/thumb/v7-m/nofp\libstdc++_nano.a(del_op.o) (free)
D:/p/STM32CubeIDE_1.19.0/STM32CubeIDE/plugins/com.st.stm32cube.ide.mcu.externaltools.gnu-tools-for-stm32.13.3.rel1.win32_1.0.0.202411081344/tools/bin/../lib/gcc/arm-none-eabi/13.3.1/../../../../arm-none-eabi/lib/thumb/v7-m/nofp\libc_nano.a(libc_a-mallocr.o)
                              D:/p/STM32CubeIDE_1.19.0/STM32CubeIDE/plugins/com.st.stm32cube.ide.mcu.externaltools.gnu-tools-for-stm32.13.3.rel1.win32_1.0.0.202411081344/tools/bin/../lib/gcc/arm-none-eabi/13.3.1/../../../../arm-none-eabi/lib/thumb/v7-m/nofp\libc_nano.a(libc_a-malloc.o) (_malloc_r)
D:/p/STM32CubeIDE_1.19.0/STM32CubeIDE/plugins/com.st.stm32cube.ide.mcu.externaltools.gnu-tools-for-stm32.13.3.rel1.win32_1.0.0.202411081344/tools/bin/../lib/gcc/arm-none-eabi/13.3.1/../../../../arm-none-eabi/lib/thumb/v7-m/nofp\libc_nano.a(libc_a-mlock.o)
                              D:/p/STM32CubeIDE_1.19.0/STM32CubeIDE/plugins/com.st.stm32cube.ide.mcu.externaltools.gnu-tools-for-stm32.13.3.rel1.win32_1.0.0.202411081344/tools/bin/../lib/gcc/arm-none-eabi/13.3.1/../../../../arm-none-eabi/lib/thumb/v7-m/nofp\libc_nano.a(libc_a-mallocr.o) (__malloc_lock)
D:/p/STM32CubeIDE_1.19.0/STM32CubeIDE/plugins/com.st.stm32cube.ide.mcu.externaltools.gnu-tools-for-stm32.13.3.rel1.win32_1.0.0.202411081344/tools/bin/../lib/gcc/arm-none-eabi/13.3.1/../../../../arm-none-eabi/lib/thumb/v7-m/nofp\libc_nano.a(libc_a-findfp.o)
                              D:/p/STM32CubeIDE_1.19.0/STM32CubeIDE/plugins/com.st.stm32cube.ide.mcu.externaltools.gnu-tools-for-stm32.13.3.rel1.win32_1.0.0.202411081344/tools/bin/../lib/gcc/arm-none-eabi/13.3.1/../../../../arm-none-eabi/lib/thumb/v7-m/nofp\libc_nano.a(libc_a-exit.o) (__stdio_exit_handler)
D:/p/STM32CubeIDE_1.19.0/STM32CubeIDE/plugins/com.st.stm32cube.ide.mcu.externaltools.gnu-tools-for-stm32.13.3.rel1.win32_1.0.0.202411081344/tools/bin/../lib/gcc/arm-none-eabi/13.3.1/../../../../arm-none-eabi/lib/thumb/v7-m/nofp\libc_nano.a(libc_a-fwalk.o)
                              D:/p/STM32CubeIDE_1.19.0/STM32CubeIDE/plugins/com.st.stm32cube.ide.mcu.externaltools.gnu-tools-for-stm32.13.3.rel1.win32_1.0.0.202411081344/tools/bin/../lib/gcc/arm-none-eabi/13.3.1/../../../../arm-none-eabi/lib/thumb/v7-m/nofp\libc_nano.a(libc_a-findfp.o) (_fwalk_sglue)
D:/p/STM32CubeIDE_1.19.0/STM32CubeIDE/plugins/com.st.stm32cube.ide.mcu.externaltools.gnu-tools-for-stm32.13.3.rel1.win32_1.0.0.202411081344/tools/bin/../lib/gcc/arm-none-eabi/13.3.1/../../../../arm-none-eabi/lib/thumb/v7-m/nofp\libc_nano.a(libc_a-stdio.o)
                              D:/p/STM32CubeIDE_1.19.0/STM32CubeIDE/plugins/com.st.stm32cube.ide.mcu.externaltools.gnu-tools-for-stm32.13.3.rel1.win32_1.0.0.202411081344/tools/bin/../lib/gcc/arm-none-eabi/13.3.1/../../../../arm-none-eabi/lib/thumb/v7-m/nofp\libc_nano.a(libc_a-findfp.o) (__sread)
[...]
Memory Configuration

Name             Origin             Length             Attributes
RAM              0x20000000         0x00010000         xrw
FLASH            0x08000000         0x00080000         xr
*default*        0x00000000         0xffffffff

Linker script and memory map

LOAD D:/p/STM32CubeIDE_1.19.0/STM32CubeIDE/plugins/com.st.stm32cube.ide.mcu.externaltools.gnu-tools-for-stm32.13.3.rel1.win32_1.0.0.202411081344/tools/bin/../lib/gcc/arm-none-eabi/13.3.1/thumb/v7-m/nofp/crti.o
LOAD D:/p/STM32CubeIDE_1.19.0/STM32CubeIDE/plugins/com.st.stm32cube.ide.mcu.externaltools.gnu-tools-for-stm32.13.3.rel1.win32_1.0.0.202411081344/tools/bin/../lib/gcc/arm-none-eabi/13.3.1/thumb/v7-m/nofp/crtbegin.o
LOAD D:/p/STM32CubeIDE_1.19.0/STM32CubeIDE/plugins/com.st.stm32cube.ide.mcu.externaltools.gnu-tools-for-stm32.13.3.rel1.win32_1.0.0.202411081344/tools/bin/../lib/gcc/arm-none-eabi/13.3.1/../../../../arm-none-eabi/lib/thumb/v7-m/nofp/crt0.o
LOAD ./Core/Src/app.o
LOAD ./Core/Src/gpio.o
LOAD ./Core/Src/main.o
LOAD ./Core/Src/stm32f1xx_hal_msp.o
LOAD ./Core/Src/stm32f1xx_it.o
LOAD ./Core/Src/syscalls.o
LOAD ./Core/Src/sysmem.o
LOAD ./Core/Src/system_stm32f1xx.o
LOAD ./Core/Startup/startup_stm32f103zetx.o
LOAD ./Drivers/STM32F1xx_HAL_Driver/Src/stm32f1xx_hal.o
LOAD ./Drivers/STM32F1xx_HAL_Driver/Src/stm32f1xx_hal_cortex.o
LOAD ./Drivers/STM32F1xx_HAL_Driver/Src/stm32f1xx_hal_dma.o
LOAD ./Drivers/STM32F1xx_HAL_Driver/Src/stm32f1xx_hal_exti.o
LOAD ./Drivers/STM32F1xx_HAL_Driver/Src/stm32f1xx_hal_flash.o
LOAD ./Drivers/STM32F1xx_HAL_Driver/Src/stm32f1xx_hal_flash_ex.o
LOAD ./Drivers/STM32F1xx_HAL_Driver/Src/stm32f1xx_hal_gpio.o
LOAD ./Drivers/STM32F1xx_HAL_Driver/Src/stm32f1xx_hal_gpio_ex.o
LOAD ./Drivers/STM32F1xx_HAL_Driver/Src/stm32f1xx_hal_pcd.o
LOAD ./Drivers/STM32F1xx_HAL_Driver/Src/stm32f1xx_hal_pcd_ex.o
LOAD ./Drivers/STM32F1xx_HAL_Driver/Src/stm32f1xx_hal_pwr.o
LOAD ./Drivers/STM32F1xx_HAL_Driver/Src/stm32f1xx_hal_rcc.o
LOAD ./Drivers/STM32F1xx_HAL_Driver/Src/stm32f1xx_hal_rcc_ex.o
LOAD ./Drivers/STM32F1xx_HAL_Driver/Src/stm32f1xx_ll_usb.o
LOAD ./Middlewares/ST/STM32_USB_Device_Library/Class/CustomHID/Src/usbd_customhid.o
LOAD ./Middlewares/ST/STM32_USB_Device_Library/Core/Src/usbd_core.o
LOAD ./Middlewares/ST/STM32_USB_Device_Library/Core/Src/usbd_ctlreq.o
LOAD ./Middlewares/ST/STM32_USB_Device_Library/Core/Src/usbd_ioreq.o
LOAD ./USB_DEVICE/App/usb_device.o
LOAD ./USB_DEVICE/App/usbd_custom_hid_if.o
LOAD ./USB_DEVICE/App/usbd_desc.o
LOAD ./USB_DEVICE/Target/usbd_conf.o
START GROUP
LOAD D:/p/STM32CubeIDE_1.19.0/STM32CubeIDE/plugins/com.st.stm32cube.ide.mcu.externaltools.gnu-tools-for-stm32.13.3.rel1.win32_1.0.0.202411081344/tools/bin/../lib/gcc/arm-none-eabi/13.3.1/../../../../arm-none-eabi/lib/thumb/v7-m/nofp\libstdc++_nano.a
LOAD D:/p/STM32CubeIDE_1.19.0/STM32CubeIDE/plugins/com.st.stm32cube.ide.mcu.externaltools.gnu-tools-for-stm32.13.3.rel1.win32_1.0.0.202411081344/tools/bin/../lib/gcc/arm-none-eabi/13.3.1/../../../../arm-none-eabi/lib/thumb/v7-m/nofp\libsupc++_nano.a
END GROUP
LOAD D:/p/STM32CubeIDE_1.19.0/STM32CubeIDE/plugins/com.st.stm32cube.ide.mcu.externaltools.gnu-tools-for-stm32.13.3.rel1.win32_1.0.0.202411081344/tools/bin/../lib/gcc/arm-none-eabi/13.3.1/../../../../arm-none-eabi/lib/thumb/v7-m/nofp\libstdc++_nano.a
LOAD D:/p/STM32CubeIDE_1.19.0/STM32CubeIDE/plugins/com.st.stm32cube.ide.mcu.externaltools.gnu-tools-for-stm32.13.3.rel1.win32_1.0.0.202411081344/tools/bin/../lib/gcc/arm-none-eabi/13.3.1/../../../../arm-none-eabi/lib/thumb/v7-m/nofp\libm.a
LOAD D:/p/STM32CubeIDE_1.19.0/STM32CubeIDE/plugins/com.st.stm32cube.ide.mcu.externaltools.gnu-tools-for-stm32.13.3.rel1.win32_1.0.0.202411081344/tools/bin/../lib/gcc/arm-none-eabi/13.3.1/../../../../arm-none-eabi/lib/thumb/v7-m/nofp\libc_nano.a
START GROUP
LOAD D:/p/STM32CubeIDE_1.19.0/STM32CubeIDE/plugins/com.st.stm32cube.ide.mcu.externaltools.gnu-tools-for-stm32.13.3.rel1.win32_1.0.0.202411081344/tools/bin/../lib/gcc/arm-none-eabi/13.3.1/thumb/v7-m/nofp\libgcc.a
LOAD D:/p/STM32CubeIDE_1.19.0/STM32CubeIDE/plugins/com.st.stm32cube.ide.mcu.externaltools.gnu-tools-for-stm32.13.3.rel1.win32_1.0.0.202411081344/tools/bin/../lib/gcc/arm-none-eabi/13.3.1/../../../../arm-none-eabi/lib/thumb/v7-m/nofp\libc_nano.a
END GROUP
START GROUP
LOAD D:/p/STM32CubeIDE_1.19.0/STM32CubeIDE/plugins/com.st.stm32cube.ide.mcu.externaltools.gnu-tools-for-stm32.13.3.rel1.win32_1.0.0.202411081344/tools/bin/../lib/gcc/arm-none-eabi/13.3.1/thumb/v7-m/nofp\libgcc.a
LOAD D:/p/STM32CubeIDE_1.19.0/STM32CubeIDE/plugins/com.st.stm32cube.ide.mcu.externaltools.gnu-tools-for-stm32.13.3.rel1.win32_1.0.0.202411081344/tools/bin/../lib/gcc/arm-none-eabi/13.3.1/../../../../arm-none-eabi/lib/thumb/v7-m/nofp\libc_nano.a
LOAD D:/p/STM32CubeIDE_1.19.0/STM32CubeIDE/plugins/com.st.stm32cube.ide.mcu.externaltools.gnu-tools-for-stm32.13.3.rel1.win32_1.0.0.202411081344/tools/bin/../lib/gcc/arm-none-eabi/13.3.1/../../../../arm-none-eabi/lib/thumb/v7-m/nofp\libnosys.a
END GROUP
START GROUP
LOAD D:/p/STM32CubeIDE_1.19.0/STM32CubeIDE/plugins/com.st.stm32cube.ide.mcu.externaltools.gnu-tools-for-stm32.13.3.rel1.win32_1.0.0.202411081344/tools/bin/../lib/gcc/arm-none-eabi/13.3.1/thumb/v7-m/nofp\libgcc.a
LOAD D:/p/STM32CubeIDE_1.19.0/STM32CubeIDE/plugins/com.st.stm32cube.ide.mcu.externaltools.gnu-tools-for-stm32.13.3.rel1.win32_1.0.0.202411081344/tools/bin/../lib/gcc/arm-none-eabi/13.3.1/../../../../arm-none-eabi/lib/thumb/v7-m/nofp\libc_nano.a
LOAD D:/p/STM32CubeIDE_1.19.0/STM32CubeIDE/plugins/com.st.stm32cube.ide.mcu.externaltools.gnu-tools-for-stm32.13.3.rel1.win32_1.0.0.202411081344/tools/bin/../lib/gcc/arm-none-eabi/13.3.1/../../../../arm-none-eabi/lib/thumb/v7-m/nofp\libnosys.a
END GROUP
LOAD D:/p/STM32CubeIDE_1.19.0/STM32CubeIDE/plugins/com.st.stm32cube.ide.mcu.externaltools.gnu-tools-for-stm32.13.3.rel1.win32_1.0.0.202411081344/tools/bin/../lib/gcc/arm-none-eabi/13.3.1/thumb/v7-m/nofp/crtend.o
LOAD D:/p/STM32CubeIDE_1.19.0/STM32CubeIDE/plugins/com.st.stm32cube.ide.mcu.externaltools.gnu-tools-for-stm32.13.3.rel1.win32_1.0.0.202411081344/tools/bin/../lib/gcc/arm-none-eabi/13.3.1/thumb/v7-m/nofp/crtn.o
                0x20010000                        _estack = (ORIGIN (RAM) + LENGTH (RAM))
                0x00000200                        _Min_Heap_Size = 0x200
                0x00000400                        _Min_Stack_Size = 0x400

.isr_vector     0x08000000      0x1e4
                0x08000000                        . = ALIGN (0x4)
 *(.isr_vector)
 .isr_vector    0x08000000      0x1e4 ./Core/Startup/startup_stm32f103zetx.o
                0x08000000                g_pfnVectors
                0x080001e4                        . = ALIGN (0x4)

.text           0x080001e4     0x8ae4
                0x080001e4                        . = ALIGN (0x4)
 *(.text)
 .text          0x080001e4       0x40 D:/p/STM32CubeIDE_1.19.0/STM32CubeIDE/plugins/com.st.stm32cube.ide.mcu.externaltools.gnu-tools-for-stm32.13.3.rel1.win32_1.0.0.202411081344/tools/bin/../lib/gcc/arm-none-eabi/13.3.1/thumb/v7-m/nofp/crtbegin.o
 .text          0x08000224      0x21c D:/p/STM32CubeIDE_1.19.0/STM32CubeIDE/plugins/com.st.stm32cube.ide.mcu.externaltools.gnu-tools-for-stm32.13.3.rel1.win32_1.0.0.202411081344/tools/bin/../lib/gcc/arm-none-eabi/13.3.1/thumb/v7-m/nofp\libgcc.a(_arm_addsubsf3.o)
                0x08000224                __aeabi_frsub
                0x0800022c                __subsf3
                0x0800022c                __aeabi_fsub
                0x08000230                __aeabi_fadd
                0x08000230                __addsf3
                0x08000390                __aeabi_ui2f
                0x08000390                __floatunsisf
                0x08000398                __aeabi_i2f
                0x08000398                __floatsisf
                0x080003b4                __aeabi_ul2f
                0x080003b4                __floatundisf
                0x080003c4                __aeabi_l2f
                0x080003c4                __floatdisf
 .text          0x08000440      0x2a0 D:/p/STM32CubeIDE_1.19.0/STM32CubeIDE/plugins/com.st.stm32cube.ide.mcu.externaltools.gnu-tools-for-stm32.13.3.rel1.win32_1.0.0.202411081344/tools/bin/../lib/gcc/arm-none-eabi/13.3.1/thumb/v7-m/nofp\libgcc.a(_arm_muldivsf3.o)
                0x08000440                __mulsf3
                0x08000440                __aeabi_fmul
                0x080005a8                __aeabi_fdiv
                0x080005a8                __divsf3
 .text          0x080006e0       0x4c D:/p/STM32CubeIDE_1.19.0/STM32CubeIDE/plugins/com.st.stm32cube.ide.mcu.externaltools.gnu-tools-for-stm32.13.3.rel1.win32_1.0.0.202411081344/tools/bin/../lib/gcc/arm-none-eabi/13.3.1/thumb/v7-m/nofp\libgcc.a(_arm_fixsfsi.o)
                0x080006e0                __aeabi_f2iz
                0x080006e0                __fixsfsi
 *(.text*)
 .text._ZN12EXTI_Manager11registerPinEtP13EXTI_Observer
                0x0800072c       0x68 ./Core/Src/app.o
                0x0800072c                EXTI_Manager::registerPin(unsigned short, EXTI_Observer*)
 .text._ZN12EXTI_Manager8dispatchEt
                0x08000794       0x58 ./Core/Src/app.o
                0x08000794                EXTI_Manager::dispatch(unsigned short)
 .text.HAL_GPIO_EXTI_Callback
                0x080007ec       0x1a ./Core/Src/app.o
                0x080007ec                HAL_GPIO_EXTI_Callback
 .text._ZN7GPIOPinC2EP12GPIO_TypeDeft
                0x08000806       0x26 ./Core/Src/app.o
                0x08000806                GPIOPin::GPIOPin(GPIO_TypeDef*, unsigned short)
                0x08000806                GPIOPin::GPIOPin(GPIO_TypeDef*, unsigned short)
 .text._ZNK7GPIOPin5writeEb
                0x0800082c       0x2e ./Core/Src/app.o
                0x0800082c                GPIOPin::write(bool) const
 .text._ZNK7GPIOPin4readEv
                0x0800085a       0x2c ./Core/Src/app.o
                0x0800085a                GPIOPin::read() const
 .text._ZN7GPIOPinaSEb
                0x08000886       0x20 ./Core/Src/app.o
                0x08000886                GPIOPin::operator=(bool)
 *fill*         0x080008a6        0x2 
 .text._ZNK7GPIOPin7setModeE8GPIOModem
                0x080008a8       0x94 ./Core/Src/app.o
                0x080008a8                GPIOPin::setMode(GPIOMode, unsigned long) const
 .text._ZN13EXTI_ObserverC2Ev
                0x0800093c       0x20 ./Core/Src/app.o
                0x0800093c                EXTI_Observer::EXTI_Observer()
                0x0800093c                EXTI_Observer::EXTI_Observer()
 .text._ZN13EXTI_ObserverD2Ev
                0x0800095c       0x20 ./Core/Src/app.o
                0x0800095c                EXTI_Observer::~EXTI_Observer()
                0x0800095c                EXTI_Observer::~EXTI_Observer()
 .text._ZN13EXTI_ObserverD0Ev
                0x0800097c       0x20 ./Core/Src/app.o
                0x0800097c                EXTI_Observer::~EXTI_Observer()
 .text._ZN6CS1237C2E7GPIOPinS0_
                0x0800099c       0x84 ./Core/Src/app.o
                0x0800099c                CS1237::CS1237(GPIOPin, GPIOPin)
                0x0800099c                CS1237::CS1237(GPIOPin, GPIOPin)
 .text._ZN6CS123719onExternalInterruptEv
                0x08000a20       0x74 ./Core/Src/app.o
                0x08000a20                CS1237::onExternalInterrupt()
 .text._ZN6CS123710syncConfigEv
                0x08000a94       0x70 ./Core/Src/app.o
                0x08000a94                CS1237::syncConfig()
 .text._ZN6CS123718ADCreadImmediatelyEv
                0x08000b04       0xa2 ./Core/Src/app.o
                0x08000b04                CS1237::ADCreadImmediately()
 .text._ZN6CS12378ReadByteEv
                0x08000ba6       0xc0 ./Core/Src/app.o
                0x08000ba6                CS1237::ReadByte()
 .text._ZN6CS12379WriteByteEh
                0x08000c66       0xb8 ./Core/Src/app.o
                0x08000c66                CS1237::WriteByte(unsigned char)
 .text._ZN6CS12375SCL_HEv
                0x08000d1e       0x1c ./Core/Src/app.o
                0x08000d1e                CS1237::SCL_H()
 .text._ZN6CS12375SCL_LEv
                0x08000d3a       0x1c ./Core/Src/app.o
                0x08000d3a                CS1237::SCL_L()
 .text._ZN6CS12375SDA_HEv
                0x08000d56       0x1c ./Core/Src/app.o
                0x08000d56                CS1237::SDA_H()
 .text._ZN6CS12375SDA_LEv
                0x08000d72       0x1c ./Core/Src/app.o
                0x08000d72                CS1237::SDA_L()
 .text._ZN6CS12377one_bitEv
                0x08000d8e       0x2c ./Core/Src/app.o
                0x08000d8e                CS1237::one_bit()
 *fill*         0x08000dba        0x2 
 .text._ZN6CS12378delay_usEm
                0x08000dbc       0x58 ./Core/Src/app.o
                0x08000dbc                CS1237::delay_us(unsigned long)
 .text._ZN11ZeroTrackerC2El
                0x08000e14       0x40 ./Core/Src/app.o
                0x08000e14                ZeroTracker::ZeroTracker(long)
                0x08000e14                ZeroTracker::ZeroTracker(long)
 .text._ZN11ZeroTracker6updateEl
                0x08000e54       0x6c ./Core/Src/app.o
                0x08000e54                ZeroTracker::update(long)
 .text.RealMain
                0x08000ec0      0x228 ./Core/Src/app.o
                0x08000ec0                RealMain
 .text._ZN6CS1237D2Ev
                0x080010e8       0x24 ./Core/Src/app.o
                0x080010e8                CS1237::~CS1237()
                0x080010e8                CS1237::~CS1237()
 .text._ZN6CS1237D0Ev
                0x0800110c       0x20 ./Core/Src/app.o
                0x0800110c                CS1237::~CS1237()
 .text._Z41__static_initialization_and_destruction_0v
                0x0800112c      0x71c ./Core/Src/app.o
 .text._Z41__static_initialization_and_destruction_1v
                0x08001848       0x28 ./Core/Src/app.o
 .text._GLOBAL__sub_I_HAL_GPIO_EXTI_Callback
                0x08001870        0xa ./Core/Src/app.o
 .text._GLOBAL__sub_D_HAL_GPIO_EXTI_Callback
                0x0800187a        0xa ./Core/Src/app.o
 .text.MX_GPIO_Init
                0x08001884      0x170 ./Core/Src/gpio.o
                0x08001884                MX_GPIO_Init
 .text.delay_init
                0x080019f4       0x34 ./Core/Src/main.o
                0x080019f4                delay_init
 .text.main     0x08001a28       0x20 ./Core/Src/main.o
                0x08001a28                main
 .text.SystemClock_Config
                0x08001a48       0xb8 ./Core/Src/main.o
                0x08001a48                SystemClock_Config
 .text.Error_Handler
                0x08001b00        0xc ./Core/Src/main.o
                0x08001b00                Error_Handler
 .text.HAL_MspInit
                0x08001b0c       0x64 ./Core/Src/stm32f1xx_hal_msp.o
                0x08001b0c                HAL_MspInit
 .text.NMI_Handler
                0x08001b70        0x8 ./Core/Src/stm32f1xx_it.o
                0x08001b70                NMI_Handler
 .text.HardFault_Handler
                0x08001b78        0x8 ./Core/Src/stm32f1xx_it.o
                0x08001b78                HardFault_Handler
 .text.MemManage_Handler
                0x08001b80        0x8 ./Core/Src/stm32f1xx_it.o
                0x08001b80                MemManage_Handler
 .text.BusFault_Handler
                0x08001b88        0x8 ./Core/Src/stm32f1xx_it.o
                0x08001b88                BusFault_Handler
 .text.UsageFault_Handler
                0x08001b90        0x8 ./Core/Src/stm32f1xx_it.o
                0x08001b90                UsageFault_Handler
 .text.SVC_Handler
                0x08001b98        0xc ./Core/Src/stm32f1xx_it.o
                0x08001b98                SVC_Handler
 .text.DebugMon_Handler
                0x08001ba4        0xc ./Core/Src/stm32f1xx_it.o
                0x08001ba4                DebugMon_Handler
 .text.PendSV_Handler
                0x08001bb0        0xc ./Core/Src/stm32f1xx_it.o
                0x08001bb0                PendSV_Handler
 .text.SysTick_Handler
                0x08001bbc        0xc ./Core/Src/stm32f1xx_it.o
                0x08001bbc                SysTick_Handler
 .text.EXTI1_IRQHandler
                0x08001bc8        0xe ./Core/Src/stm32f1xx_it.o
                0x08001bc8                EXTI1_IRQHandler
 .text.EXTI2_IRQHandler
                0x08001bd6        0xe ./Core/Src/stm32f1xx_it.o
                0x08001bd6                EXTI2_IRQHandler
 .text.EXTI3_IRQHandler
                0x08001be4        0xe ./Core/Src/stm32f1xx_it.o
                0x08001be4                EXTI3_IRQHandler
 *fill*         0x08001bf2        0x2 
 .text.USB_LP_CAN1_RX0_IRQHandler
                0x08001bf4       0x14 ./Core/Src/stm32f1xx_it.o
                0x08001bf4                USB_LP_CAN1_RX0_IRQHandler
 .text.SystemInit
                0x08001c08        0xc ./Core/Src/system_stm32f1xx.o
                0x08001c08                SystemInit
 .text.Reset_Handler
                0x08001c14       0x48 ./Core/Startup/startup_stm32f103zetx.o
                0x08001c14                Reset_Handler
 .text.Default_Handler
                0x08001c5c        0x2 ./Core/Startup/startup_stm32f103zetx.o
                0x08001c5c                RTC_Alarm_IRQHandler
                0x08001c5c                TIM8_TRG_COM_IRQHandler
                0x08001c5c                TIM8_CC_IRQHandler
                0x08001c5c                TIM1_CC_IRQHandler
                0x08001c5c                TIM6_IRQHandler
                0x08001c5c                PVD_IRQHandler
                0x08001c5c                SDIO_IRQHandler
                0x08001c5c                EXTI0_IRQHandler
                0x08001c5c                I2C2_EV_IRQHandler
                0x08001c5c                ADC1_2_IRQHandler
                0x08001c5c                SPI1_IRQHandler
                0x08001c5c                TAMPER_IRQHandler
                0x08001c5c                TIM8_UP_IRQHandler
                0x08001c5c                DMA2_Channel2_IRQHandler
                0x08001c5c                DMA1_Channel4_IRQHandler
                0x08001c5c                USART3_IRQHandler
                0x08001c5c                RTC_IRQHandler
                0x08001c5c                DMA1_Channel7_IRQHandler
                0x08001c5c                CAN1_RX1_IRQHandler
                0x08001c5c                UART5_IRQHandler
                0x08001c5c                ADC3_IRQHandler
                0x08001c5c                TIM4_IRQHandler
                0x08001c5c                DMA2_Channel1_IRQHandler
                0x08001c5c                I2C1_EV_IRQHandler
                0x08001c5c                DMA1_Channel6_IRQHandler
                0x08001c5c                UART4_IRQHandler
                0x08001c5c                TIM3_IRQHandler
                0x08001c5c                RCC_IRQHandler
                0x08001c5c                TIM1_TRG_COM_IRQHandler
                0x08001c5c                DMA1_Channel1_IRQHandler
                0x08001c5c                Default_Handler
                0x08001c5c                EXTI15_10_IRQHandler
                0x08001c5c                TIM7_IRQHandler
                0x08001c5c                TIM5_IRQHandler
                0x08001c5c                EXTI9_5_IRQHandler
                0x08001c5c                SPI2_IRQHandler
                0x08001c5c                DMA1_Channel5_IRQHandler
                0x08001c5c                EXTI4_IRQHandler
                0x08001c5c                USB_HP_CAN1_TX_IRQHandler
                0x08001c5c                DMA1_Channel3_IRQHandler
                0x08001c5c                FSMC_IRQHandler
                0x08001c5c                TIM1_UP_IRQHandler
                0x08001c5c                WWDG_IRQHandler
                0x08001c5c                TIM2_IRQHandler
                0x08001c5c                TIM1_BRK_IRQHandler
                0x08001c5c                DMA2_Channel4_5_IRQHandler
                0x08001c5c                USART2_IRQHandler
                0x08001c5c                I2C2_ER_IRQHandler
                0x08001c5c                DMA1_Channel2_IRQHandler
                0x08001c5c                TIM8_BRK_IRQHandler
                0x08001c5c                CAN1_SCE_IRQHandler
                0x08001c5c                FLASH_IRQHandler
                0x08001c5c                USART1_IRQHandler
                0x08001c5c                SPI3_IRQHandler
                0x08001c5c                I2C1_ER_IRQHandler
                0x08001c5c                USBWakeUp_IRQHandler
                0x08001c5c                DMA2_Channel3_IRQHandler
 *fill*         0x08001c5e        0x2 
 .text.HAL_Init
                0x08001c60       0x2c ./Drivers/STM32F1xx_HAL_Driver/Src/stm32f1xx_hal.o
                0x08001c60                HAL_Init
 .text.HAL_InitTick
                0x08001c8c       0x60 ./Drivers/STM32F1xx_HAL_Driver/Src/stm32f1xx_hal.o
                0x08001c8c                HAL_InitTick
 .text.HAL_IncTick
                0x08001cec       0x24 ./Drivers/STM32F1xx_HAL_Driver/Src/stm32f1xx_hal.o
                0x08001cec                HAL_IncTick
 .text.HAL_GetTick
                0x08001d10       0x14 ./Drivers/STM32F1xx_HAL_Driver/Src/stm32f1xx_hal.o
                0x08001d10                HAL_GetTick
 .text.HAL_Delay
                0x08001d24       0x48 ./Drivers/STM32F1xx_HAL_Driver/Src/stm32f1xx_hal.o
                0x08001d24                HAL_Delay
 .text.__NVIC_SetPriorityGrouping
                0x08001d6c       0x48 ./Drivers/STM32F1xx_HAL_Driver/Src/stm32f1xx_hal_cortex.o
 .text.__NVIC_GetPriorityGrouping
                0x08001db4       0x1c ./Drivers/STM32F1xx_HAL_Driver/Src/stm32f1xx_hal_cortex.o
 .text.__NVIC_EnableIRQ
                0x08001dd0       0x38 ./Drivers/STM32F1xx_HAL_Driver/Src/stm32f1xx_hal_cortex.o
 .text.__NVIC_SetPriority
                0x08001e08       0x54 ./Drivers/STM32F1xx_HAL_Driver/Src/stm32f1xx_hal_cortex.o
 .text.NVIC_EncodePriority
                0x08001e5c       0x64 ./Drivers/STM32F1xx_HAL_Driver/Src/stm32f1xx_hal_cortex.o
 .text.SysTick_Config
                0x08001ec0       0x44 ./Drivers/STM32F1xx_HAL_Driver/Src/stm32f1xx_hal_cortex.o
 .text.HAL_NVIC_SetPriorityGrouping
                0x08001f04       0x16 ./Drivers/STM32F1xx_HAL_Driver/Src/stm32f1xx_hal_cortex.o
                0x08001f04                HAL_NVIC_SetPriorityGrouping
 .text.HAL_NVIC_SetPriority
                0x08001f1a       0x38 ./Drivers/STM32F1xx_HAL_Driver/Src/stm32f1xx_hal_cortex.o
                0x08001f1a                HAL_NVIC_SetPriority
 .text.HAL_NVIC_EnableIRQ
                0x08001f52       0x1c ./Drivers/STM32F1xx_HAL_Driver/Src/stm32f1xx_hal_cortex.o
                0x08001f52                HAL_NVIC_EnableIRQ
 .text.HAL_SYSTICK_Config
                0x08001f6e       0x18 ./Drivers/STM32F1xx_HAL_Driver/Src/stm32f1xx_hal_cortex.o
                0x08001f6e                HAL_SYSTICK_Config
 *fill*         0x08001f86        0x2 
 .text.HAL_GPIO_Init
                0x08001f88      0x328 ./Drivers/STM32F1xx_HAL_Driver/Src/stm32f1xx_hal_gpio.o
                0x08001f88                HAL_GPIO_Init
 .text.HAL_GPIO_ReadPin
                0x080022b0       0x2e ./Drivers/STM32F1xx_HAL_Driver/Src/stm32f1xx_hal_gpio.o
                0x080022b0                HAL_GPIO_ReadPin
 .text.HAL_GPIO_WritePin
                0x080022de       0x30 ./Drivers/STM32F1xx_HAL_Driver/Src/stm32f1xx_hal_gpio.o
                0x080022de                HAL_GPIO_WritePin
 *fill*         0x0800230e        0x2 
 .text.HAL_GPIO_EXTI_IRQHandler
                0x08002310       0x30 ./Drivers/STM32F1xx_HAL_Driver/Src/stm32f1xx_hal_gpio.o
                0x08002310                HAL_GPIO_EXTI_IRQHandler
 .text.HAL_PCD_Init
                0x08002340      0x1ec ./Drivers/STM32F1xx_HAL_Driver/Src/stm32f1xx_hal_pcd.o
                0x08002340                HAL_PCD_Init
 .text.HAL_PCD_Start
                0x0800252c       0x4c ./Drivers/STM32F1xx_HAL_Driver/Src/stm32f1xx_hal_pcd.o
                0x0800252c                HAL_PCD_Start
 .text.HAL_PCD_IRQHandler
                0x08002578      0x260 ./Drivers/STM32F1xx_HAL_Driver/Src/stm32f1xx_hal_pcd.o
                0x08002578                HAL_PCD_IRQHandler
 .text.HAL_PCD_SetAddress
                0x080027d8       0x48 ./Drivers/STM32F1xx_HAL_Driver/Src/stm32f1xx_hal_pcd.o
                0x080027d8                HAL_PCD_SetAddress
 .text.HAL_PCD_EP_Open
                0x08002820       0xba ./Drivers/STM32F1xx_HAL_Driver/Src/stm32f1xx_hal_pcd.o
                0x08002820                HAL_PCD_EP_Open
 .text.HAL_PCD_EP_Close
                0x080028da       0x90 ./Drivers/STM32F1xx_HAL_Driver/Src/stm32f1xx_hal_pcd.o
                0x080028da                HAL_PCD_EP_Close
 .text.HAL_PCD_EP_Receive
                0x0800296a       0x62 ./Drivers/STM32F1xx_HAL_Driver/Src/stm32f1xx_hal_pcd.o
                0x0800296a                HAL_PCD_EP_Receive
 .text.HAL_PCD_EP_Transmit
                0x080029cc       0x6e ./Drivers/STM32F1xx_HAL_Driver/Src/stm32f1xx_hal_pcd.o
                0x080029cc                HAL_PCD_EP_Transmit
 .text.HAL_PCD_EP_SetStall
                0x08002a3a       0xc0 ./Drivers/STM32F1xx_HAL_Driver/Src/stm32f1xx_hal_pcd.o
                0x08002a3a                HAL_PCD_EP_SetStall
 .text.HAL_PCD_EP_ClrStall
                0x08002afa       0xa8 ./Drivers/STM32F1xx_HAL_Driver/Src/stm32f1xx_hal_pcd.o
                0x08002afa                HAL_PCD_EP_ClrStall
 .text.PCD_EP_ISR_Handler
                0x08002ba2      0x79e ./Drivers/STM32F1xx_HAL_Driver/Src/stm32f1xx_hal_pcd.o
 .text.HAL_PCD_EP_DB_Receive
                0x08003340      0x21a ./Drivers/STM32F1xx_HAL_Driver/Src/stm32f1xx_hal_pcd.o
 .text.HAL_PCD_EP_DB_Transmit
                0x0800355a      0x7f4 ./Drivers/STM32F1xx_HAL_Driver/Src/stm32f1xx_hal_pcd.o
 .text.HAL_PCDEx_PMAConfig
                0x08003d4e       0x84 ./Drivers/STM32F1xx_HAL_Driver/Src/stm32f1xx_hal_pcd_ex.o
                0x08003d4e                HAL_PCDEx_PMAConfig
 *fill*         0x08003dd2        0x2 
 .text.HAL_RCC_OscConfig
                0x08003dd4      0x504 ./Drivers/STM32F1xx_HAL_Driver/Src/stm32f1xx_hal_rcc.o
                0x08003dd4                HAL_RCC_OscConfig
 .text.HAL_RCC_ClockConfig
                0x080042d8      0x1d4 ./Drivers/STM32F1xx_HAL_Driver/Src/stm32f1xx_hal_rcc.o
                0x080042d8                HAL_RCC_ClockConfig
 .text.HAL_RCC_GetSysClockFreq
                0x080044ac       0xa8 ./Drivers/STM32F1xx_HAL_Driver/Src/stm32f1xx_hal_rcc.o
                0x080044ac                HAL_RCC_GetSysClockFreq
 .text.RCC_Delay
                0x08004554       0x3c ./Drivers/STM32F1xx_HAL_Driver/Src/stm32f1xx_hal_rcc.o
 .text.HAL_RCCEx_PeriphCLKConfig
                0x08004590      0x16c ./Drivers/STM32F1xx_HAL_Driver/Src/stm32f1xx_hal_rcc_ex.o
                0x08004590                HAL_RCCEx_PeriphCLKConfig
 .text.USB_CoreInit
                0x080046fc       0x1a ./Drivers/STM32F1xx_HAL_Driver/Src/stm32f1xx_ll_usb.o
                0x080046fc                USB_CoreInit
 .text.USB_EnableGlobalInt
                0x08004716       0x2c ./Drivers/STM32F1xx_HAL_Driver/Src/stm32f1xx_ll_usb.o
                0x08004716                USB_EnableGlobalInt
 .text.USB_DisableGlobalInt
                0x08004742       0x34 ./Drivers/STM32F1xx_HAL_Driver/Src/stm32f1xx_ll_usb.o
                0x08004742                USB_DisableGlobalInt
 .text.USB_SetCurrentMode
                0x08004776       0x18 ./Drivers/STM32F1xx_HAL_Driver/Src/stm32f1xx_ll_usb.o
                0x08004776                USB_SetCurrentMode
 .text.USB_DevInit
                0x0800478e       0x3a ./Drivers/STM32F1xx_HAL_Driver/Src/stm32f1xx_ll_usb.o
                0x0800478e                USB_DevInit
 .text.USB_ActivateEndpoint
                0x080047c8      0x780 ./Drivers/STM32F1xx_HAL_Driver/Src/stm32f1xx_ll_usb.o
                0x080047c8                USB_ActivateEndpoint
 .text.USB_DeactivateEndpoint
                0x08004f48      0x3d8 ./Drivers/STM32F1xx_HAL_Driver/Src/stm32f1xx_ll_usb.o
                0x08004f48                USB_DeactivateEndpoint
 .text.USB_EPStartXfer
                0x08005320     0x1762 ./Drivers/STM32F1xx_HAL_Driver/Src/stm32f1xx_ll_usb.o
                0x08005320                USB_EPStartXfer
 .text.USB_EPSetStall
                0x08006a82       0xa0 ./Drivers/STM32F1xx_HAL_Driver/Src/stm32f1xx_ll_usb.o
                0x08006a82                USB_EPSetStall
 .text.USB_EPClearStall
                0x08006b22      0x15a ./Drivers/STM32F1xx_HAL_Driver/Src/stm32f1xx_ll_usb.o
                0x08006b22                USB_EPClearStall
 .text.USB_SetDevAddress
                0x08006c7c       0x26 ./Drivers/STM32F1xx_HAL_Driver/Src/stm32f1xx_ll_usb.o
                0x08006c7c                USB_SetDevAddress
 .text.USB_DevConnect
                0x08006ca2       0x14 ./Drivers/STM32F1xx_HAL_Driver/Src/stm32f1xx_ll_usb.o
                0x08006ca2                USB_DevConnect
 .text.USB_DevDisconnect
                0x08006cb6       0x14 ./Drivers/STM32F1xx_HAL_Driver/Src/stm32f1xx_ll_usb.o
                0x08006cb6                USB_DevDisconnect
 .text.USB_ReadInterrupts
                0x08006cca       0x1e ./Drivers/STM32F1xx_HAL_Driver/Src/stm32f1xx_ll_usb.o
                0x08006cca                USB_ReadInterrupts
 .text.USB_EP0_OutStart
                0x08006ce8       0x16 ./Drivers/STM32F1xx_HAL_Driver/Src/stm32f1xx_ll_usb.o
                0x08006ce8                USB_EP0_OutStart
 .text.USB_WritePMA
                0x08006cfe       0x8c ./Drivers/STM32F1xx_HAL_Driver/Src/stm32f1xx_ll_usb.o
                0x08006cfe                USB_WritePMA
 .text.USB_ReadPMA
                0x08006d8a       0x9e ./Drivers/STM32F1xx_HAL_Driver/Src/stm32f1xx_ll_usb.o
                0x08006d8a                USB_ReadPMA
 .text.USBD_CUSTOM_HID_Init
                0x08006e28       0x82 ./Middlewares/ST/STM32_USB_Device_Library/Class/CustomHID/Src/usbd_customhid.o
 .text.USBD_CUSTOM_HID_DeInit
                0x08006eaa       0x5c ./Middlewares/ST/STM32_USB_Device_Library/Class/CustomHID/Src/usbd_customhid.o
 *fill*         0x08006f06        0x2 
 .text.USBD_CUSTOM_HID_Setup
                0x08006f08      0x200 ./Middlewares/ST/STM32_USB_Device_Library/Class/CustomHID/Src/usbd_customhid.o
 .text.USBD_CUSTOM_HID_SendReport
                0x08007108       0x4a ./Middlewares/ST/STM32_USB_Device_Library/Class/CustomHID/Src/usbd_customhid.o
                0x08007108                USBD_CUSTOM_HID_SendReport
 *fill*         0x08007152        0x2 
 .text.USBD_CUSTOM_HID_GetFSCfgDesc
                0x08007154       0x20 ./Middlewares/ST/STM32_USB_Device_Library/Class/CustomHID/Src/usbd_customhid.o
 .text.USBD_CUSTOM_HID_GetHSCfgDesc
                0x08007174       0x20 ./Middlewares/ST/STM32_USB_Device_Library/Class/CustomHID/Src/usbd_customhid.o
 .text.USBD_CUSTOM_HID_GetOtherSpeedCfgDesc
                0x08007194       0x20 ./Middlewares/ST/STM32_USB_Device_Library/Class/CustomHID/Src/usbd_customhid.o
 .text.USBD_CUSTOM_HID_DataIn
                0x080071b4       0x22 ./Middlewares/ST/STM32_USB_Device_Library/Class/CustomHID/Src/usbd_customhid.o
 .text.USBD_CUSTOM_HID_DataOut
                0x080071d6       0x3e ./Middlewares/ST/STM32_USB_Device_Library/Class/CustomHID/Src/usbd_customhid.o
 .text.USBD_CUSTOM_HID_EP0_RxReady
                0x08007214       0x3c ./Middlewares/ST/STM32_USB_Device_Library/Class/CustomHID/Src/usbd_customhid.o
 .text.USBD_CUSTOM_HID_GetDeviceQualifierDesc
                0x08007250       0x20 ./Middlewares/ST/STM32_USB_Device_Library/Class/CustomHID/Src/usbd_customhid.o
 .text.USBD_CUSTOM_HID_RegisterInterface
                0x08007270       0x2c ./Middlewares/ST/STM32_USB_Device_Library/Class/CustomHID/Src/usbd_customhid.o
                0x08007270                USBD_CUSTOM_HID_RegisterInterface
 .text.USBD_Init
                0x0800729c       0x56 ./Middlewares/ST/STM32_USB_Device_Library/Core/Src/usbd_core.o
                0x0800729c                USBD_Init
 .text.USBD_RegisterClass
                0x080072f2       0x32 ./Middlewares/ST/STM32_USB_Device_Library/Core/Src/usbd_core.o
                0x080072f2                USBD_RegisterClass
 .text.USBD_Start
                0x08007324       0x18 ./Middlewares/ST/STM32_USB_Device_Library/Core/Src/usbd_core.o
                0x08007324                USBD_Start
 .text.USBD_RunTestMode
                0x0800733c       0x14 ./Middlewares/ST/STM32_USB_Device_Library/Core/Src/usbd_core.o
                0x0800733c                USBD_RunTestMode
 .text.USBD_SetClassConfig
                0x08007350       0x3e ./Middlewares/ST/STM32_USB_Device_Library/Core/Src/usbd_core.o
                0x08007350                USBD_SetClassConfig
 .text.USBD_ClrClassConfig
                0x0800738e       0x26 ./Middlewares/ST/STM32_USB_Device_Library/Core/Src/usbd_core.o
                0x0800738e                USBD_ClrClassConfig
 .text.USBD_LL_SetupStage
                0x080073b4       0x9a ./Middlewares/ST/STM32_USB_Device_Library/Core/Src/usbd_core.o
                0x080073b4                USBD_LL_SetupStage
 .text.USBD_LL_DataOutStage
                0x0800744e       0xe2 ./Middlewares/ST/STM32_USB_Device_Library/Core/Src/usbd_core.o
                0x0800744e                USBD_LL_DataOutStage
 .text.USBD_LL_DataInStage
                0x08007530      0x14a ./Middlewares/ST/STM32_USB_Device_Library/Core/Src/usbd_core.o
                0x08007530                USBD_LL_DataInStage
 .text.USBD_LL_Reset
                0x0800767a       0x82 ./Middlewares/ST/STM32_USB_Device_Library/Core/Src/usbd_core.o
                0x0800767a                USBD_LL_Reset
 .text.USBD_LL_SetSpeed
                0x080076fc       0x1e ./Middlewares/ST/STM32_USB_Device_Library/Core/Src/usbd_core.o
                0x080076fc                USBD_LL_SetSpeed
 .text.USBD_LL_Suspend
                0x0800771a       0x28 ./Middlewares/ST/STM32_USB_Device_Library/Core/Src/usbd_core.o
                0x0800771a                USBD_LL_Suspend
 .text.USBD_LL_Resume
                0x08007742       0x2a ./Middlewares/ST/STM32_USB_Device_Library/Core/Src/usbd_core.o
                0x08007742                USBD_LL_Resume
 .text.USBD_LL_SOF
                0x0800776c       0x34 ./Middlewares/ST/STM32_USB_Device_Library/Core/Src/usbd_core.o
                0x0800776c                USBD_LL_SOF
 .text.USBD_StdDevReq
                0x080077a0       0xd4 ./Middlewares/ST/STM32_USB_Device_Library/Core/Src/usbd_ctlreq.o
                0x080077a0                USBD_StdDevReq
 .text.USBD_StdItfReq
                0x08007874       0x90 ./Middlewares/ST/STM32_USB_Device_Library/Core/Src/usbd_ctlreq.o
                0x08007874                USBD_StdItfReq
 .text.USBD_StdEPReq
                0x08007904      0x2c6 ./Middlewares/ST/STM32_USB_Device_Library/Core/Src/usbd_ctlreq.o
                0x08007904                USBD_StdEPReq
 *fill*         0x08007bca        0x2 
 .text.USBD_GetDescriptor
                0x08007bcc      0x2d0 ./Middlewares/ST/STM32_USB_Device_Library/Core/Src/usbd_ctlreq.o
 .text.USBD_SetAddress
                0x08007e9c       0x86 ./Middlewares/ST/STM32_USB_Device_Library/Core/Src/usbd_ctlreq.o
 *fill*         0x08007f22        0x2 
 .text.USBD_SetConfig
                0x08007f24      0x11c ./Middlewares/ST/STM32_USB_Device_Library/Core/Src/usbd_ctlreq.o
 .text.USBD_GetConfig
                0x08008040       0x6a ./Middlewares/ST/STM32_USB_Device_Library/Core/Src/usbd_ctlreq.o
 .text.USBD_GetStatus
                0x080080aa       0x66 ./Middlewares/ST/STM32_USB_Device_Library/Core/Src/usbd_ctlreq.o
 .text.USBD_SetFeature
                0x08008110       0x28 ./Middlewares/ST/STM32_USB_Device_Library/Core/Src/usbd_ctlreq.o
 .text.USBD_ClrFeature
                0x08008138       0x42 ./Middlewares/ST/STM32_USB_Device_Library/Core/Src/usbd_ctlreq.o
 .text.USBD_ParseSetupRequest
                0x0800817a       0x72 ./Middlewares/ST/STM32_USB_Device_Library/Core/Src/usbd_ctlreq.o
                0x0800817a                USBD_ParseSetupRequest
 .text.USBD_CtlError
                0x080081ec       0x22 ./Middlewares/ST/STM32_USB_Device_Library/Core/Src/usbd_ctlreq.o
                0x080081ec                USBD_CtlError
 .text.USBD_GetString
                0x0800820e       0x84 ./Middlewares/ST/STM32_USB_Device_Library/Core/Src/usbd_ctlreq.o
                0x0800820e                USBD_GetString
 .text.USBD_GetLen
                0x08008292       0x2e ./Middlewares/ST/STM32_USB_Device_Library/Core/Src/usbd_ctlreq.o
 .text.USBD_CtlSendData
                0x080082c0       0x38 ./Middlewares/ST/STM32_USB_Device_Library/Core/Src/usbd_ioreq.o
                0x080082c0                USBD_CtlSendData
 .text.USBD_CtlContinueSendData
                0x080082f8       0x24 ./Middlewares/ST/STM32_USB_Device_Library/Core/Src/usbd_ioreq.o
                0x080082f8                USBD_CtlContinueSendData
 .text.USBD_CtlPrepareRx
                0x0800831c       0x3c ./Middlewares/ST/STM32_USB_Device_Library/Core/Src/usbd_ioreq.o
                0x0800831c                USBD_CtlPrepareRx
 .text.USBD_CtlContinueRx
                0x08008358       0x24 ./Middlewares/ST/STM32_USB_Device_Library/Core/Src/usbd_ioreq.o
                0x08008358                USBD_CtlContinueRx
 .text.USBD_CtlSendStatus
                0x0800837c       0x26 ./Middlewares/ST/STM32_USB_Device_Library/Core/Src/usbd_ioreq.o
                0x0800837c                USBD_CtlSendStatus
 .text.USBD_CtlReceiveStatus
                0x080083a2       0x26 ./Middlewares/ST/STM32_USB_Device_Library/Core/Src/usbd_ioreq.o
                0x080083a2                USBD_CtlReceiveStatus
 .text.MX_USB_DEVICE_Init
                0x080083c8       0x60 ./USB_DEVICE/App/usb_device.o
                0x080083c8                MX_USB_DEVICE_Init
 .text.CUSTOM_HID_Init_FS
                0x08008428        0xe ./USB_DEVICE/App/usbd_custom_hid_if.o
 .text.CUSTOM_HID_DeInit_FS
                0x08008436        0xe ./USB_DEVICE/App/usbd_custom_hid_if.o
 .text.CUSTOM_HID_OutEvent_FS
                0x08008444       0x1c ./USB_DEVICE/App/usbd_custom_hid_if.o
 .text.USBD_FS_DeviceDescriptor
                0x08008460       0x24 ./USB_DEVICE/App/usbd_desc.o
                0x08008460                USBD_FS_DeviceDescriptor
 .text.USBD_FS_LangIDStrDescriptor
                0x08008484       0x24 ./USB_DEVICE/App/usbd_desc.o
                0x08008484                USBD_FS_LangIDStrDescriptor
 .text.USBD_FS_ProductStrDescriptor
                0x080084a8       0x3c ./USB_DEVICE/App/usbd_desc.o
                0x080084a8                USBD_FS_ProductStrDescriptor
 .text.USBD_FS_ManufacturerStrDescriptor
                0x080084e4       0x28 ./USB_DEVICE/App/usbd_desc.o
                0x080084e4                USBD_FS_ManufacturerStrDescriptor
 .text.USBD_FS_SerialStrDescriptor
                0x0800850c       0x24 ./USB_DEVICE/App/usbd_desc.o
                0x0800850c                USBD_FS_SerialStrDescriptor
 .text.USBD_FS_ConfigStrDescriptor
                0x08008530       0x3c ./USB_DEVICE/App/usbd_desc.o
                0x08008530                USBD_FS_ConfigStrDescriptor
 .text.USBD_FS_InterfaceStrDescriptor
                0x0800856c       0x3c ./USB_DEVICE/App/usbd_desc.o
                0x0800856c                USBD_FS_InterfaceStrDescriptor
 .text.Get_SerialNum
                0x080085a8       0x58 ./USB_DEVICE/App/usbd_desc.o
 .text.IntToUnicode
                0x08008600       0x7c ./USB_DEVICE/App/usbd_desc.o
 .text.HAL_PCD_MspInit
                0x0800867c       0x4c ./USB_DEVICE/Target/usbd_conf.o
                0x0800867c                HAL_PCD_MspInit
 .text.HAL_PCD_SetupStageCallback
                0x080086c8       0x24 ./USB_DEVICE/Target/usbd_conf.o
                0x080086c8                HAL_PCD_SetupStageCallback
 .text.HAL_PCD_DataOutStageCallback
                0x080086ec       0x36 ./USB_DEVICE/Target/usbd_conf.o
                0x080086ec                HAL_PCD_DataOutStageCallback
 .text.HAL_PCD_DataInStageCallback
                0x08008722       0x34 ./USB_DEVICE/Target/usbd_conf.o
                0x08008722                HAL_PCD_DataInStageCallback
 .text.HAL_PCD_SOFCallback
                0x08008756       0x1c ./USB_DEVICE/Target/usbd_conf.o
                0x08008756                HAL_PCD_SOFCallback
 .text.HAL_PCD_ResetCallback
                0x08008772       0x3c ./USB_DEVICE/Target/usbd_conf.o
                0x08008772                HAL_PCD_ResetCallback
 *fill*         0x080087ae        0x2 
 .text.HAL_PCD_SuspendCallback
                0x080087b0       0x34 ./USB_DEVICE/Target/usbd_conf.o
                0x080087b0                HAL_PCD_SuspendCallback
 .text.HAL_PCD_ResumeCallback
                0x080087e4       0x1c ./USB_DEVICE/Target/usbd_conf.o
                0x080087e4                HAL_PCD_ResumeCallback
 .text.USBD_LL_Init
                0x08008800       0xa0 ./USB_DEVICE/Target/usbd_conf.o
                0x08008800                USBD_LL_Init
 .text.USBD_LL_Start
                0x080088a0       0x36 ./USB_DEVICE/Target/usbd_conf.o
                0x080088a0                USBD_LL_Start
 .text.USBD_LL_OpenEP
                0x080088d6       0x4c ./USB_DEVICE/Target/usbd_conf.o
                0x080088d6                USBD_LL_OpenEP
 .text.USBD_LL_CloseEP
                0x08008922       0x3e ./USB_DEVICE/Target/usbd_conf.o
                0x08008922                USBD_LL_CloseEP
 .text.USBD_LL_StallEP
                0x08008960       0x3e ./USB_DEVICE/Target/usbd_conf.o
                0x08008960                USBD_LL_StallEP
 .text.USBD_LL_ClearStallEP
                0x0800899e       0x3e ./USB_DEVICE/Target/usbd_conf.o
                0x0800899e                USBD_LL_ClearStallEP
 .text.USBD_LL_IsStallEP
                0x080089dc       0x56 ./USB_DEVICE/Target/usbd_conf.o
                0x080089dc                USBD_LL_IsStallEP
 .text.USBD_LL_SetUSBAddress
                0x08008a32       0x3e ./USB_DEVICE/Target/usbd_conf.o
                0x08008a32                USBD_LL_SetUSBAddress
 .text.USBD_LL_Transmit
                0x08008a70       0x46 ./USB_DEVICE/Target/usbd_conf.o
                0x08008a70                USBD_LL_Transmit
 .text.USBD_LL_PrepareReceive
                0x08008ab6       0x46 ./USB_DEVICE/Target/usbd_conf.o
                0x08008ab6                USBD_LL_PrepareReceive
 .text.USBD_static_malloc
                0x08008afc       0x18 ./USB_DEVICE/Target/usbd_conf.o
                0x08008afc                USBD_static_malloc
 .text.USBD_static_free
                0x08008b14       0x12 ./USB_DEVICE/Target/usbd_conf.o
                0x08008b14                USBD_static_free
 .text.HAL_PCDEx_SetConnectionState
                0x08008b26       0x16 ./USB_DEVICE/Target/usbd_conf.o
                0x08008b26                HAL_PCDEx_SetConnectionState
 .text.USBD_Get_USB_Status
                0x08008b3c       0x58 ./USB_DEVICE/Target/usbd_conf.o
 .text._ZdlPvj  0x08008b94        0x4 D:/p/STM32CubeIDE_1.19.0/STM32CubeIDE/plugins/com.st.stm32cube.ide.mcu.externaltools.gnu-tools-for-stm32.13.3.rel1.win32_1.0.0.202411081344/tools/bin/../lib/gcc/arm-none-eabi/13.3.1/../../../../arm-none-eabi/lib/thumb/v7-m/nofp\libstdc++_nano.a(del_ops.o)
                0x08008b94                operator delete(void*, unsigned int)
 .text._ZdlPv   0x08008b98        0x4 D:/p/STM32CubeIDE_1.19.0/STM32CubeIDE/plugins/com.st.stm32cube.ide.mcu.externaltools.gnu-tools-for-stm32.13.3.rel1.win32_1.0.0.202411081344/tools/bin/../lib/gcc/arm-none-eabi/13.3.1/../../../../arm-none-eabi/lib/thumb/v7-m/nofp\libstdc++_nano.a(del_op.o)
                0x08008b98                operator delete(void*)
 .text.free     0x08008b9c       0x10 D:/p/STM32CubeIDE_1.19.0/STM32CubeIDE/plugins/com.st.stm32cube.ide.mcu.externaltools.gnu-tools-for-stm32.13.3.rel1.win32_1.0.0.202411081344/tools/bin/../lib/gcc/arm-none-eabi/13.3.1/../../../../arm-none-eabi/lib/thumb/v7-m/nofp\libc_nano.a(libc_a-malloc.o)
                0x08008b9c                free
 .text.__malloc_lock
                0x08008bac        0xc D:/p/STM32CubeIDE_1.19.0/STM32CubeIDE/plugins/com.st.stm32cube.ide.mcu.externaltools.gnu-tools-for-stm32.13.3.rel1.win32_1.0.0.202411081344/tools/bin/../lib/gcc/arm-none-eabi/13.3.1/../../../../arm-none-eabi/lib/thumb/v7-m/nofp\libc_nano.a(libc_a-mlock.o)
                0x08008bac                __malloc_lock
 .text.__malloc_unlock
                0x08008bb8        0xc D:/p/STM32CubeIDE_1.19.0/STM32CubeIDE/plugins/com.st.stm32cube.ide.mcu.externaltools.gnu-tools-for-stm32.13.3.rel1.win32_1.0.0.202411081344/tools/bin/../lib/gcc/arm-none-eabi/13.3.1/../../../../arm-none-eabi/lib/thumb/v7-m/nofp\libc_nano.a(libc_a-mlock.o)
                0x08008bb8                __malloc_unlock
 .text.memset   0x08008bc4       0x10 D:/p/STM32CubeIDE_1.19.0/STM32CubeIDE/plugins/com.st.stm32cube.ide.mcu.externaltools.gnu-tools-for-stm32.13.3.rel1.win32_1.0.0.202411081344/tools/bin/../lib/gcc/arm-none-eabi/13.3.1/../../../../arm-none-eabi/lib/thumb/v7-m/nofp\libc_nano.a(libc_a-memset.o)
                0x08008bc4                memset
 .text.__libc_init_array
                0x08008bd4       0x48 D:/p/STM32CubeIDE_1.19.0/STM32CubeIDE/plugins/com.st.stm32cube.ide.mcu.externaltools.gnu-tools-for-stm32.13.3.rel1.win32_1.0.0.202411081344/tools/bin/../lib/gcc/arm-none-eabi/13.3.1/../../../../arm-none-eabi/lib/thumb/v7-m/nofp\libc_nano.a(libc_a-init.o)
                0x08008bd4                __libc_init_array
 .text.__retarget_lock_acquire_recursive
                0x08008c1c        0x2 D:/p/STM32CubeIDE_1.19.0/STM32CubeIDE/plugins/com.st.stm32cube.ide.mcu.externaltools.gnu-tools-for-stm32.13.3.rel1.win32_1.0.0.202411081344/tools/bin/../lib/gcc/arm-none-eabi/13.3.1/../../../../arm-none-eabi/lib/thumb/v7-m/nofp\libc_nano.a(libc_a-lock.o)
                0x08008c1c                __retarget_lock_acquire_recursive
 .text.__retarget_lock_release_recursive
                0x08008c1e        0x2 D:/p/STM32CubeIDE_1.19.0/STM32CubeIDE/plugins/com.st.stm32cube.ide.mcu.externaltools.gnu-tools-for-stm32.13.3.rel1.win32_1.0.0.202411081344/tools/bin/../lib/gcc/arm-none-eabi/13.3.1/../../../../arm-none-eabi/lib/thumb/v7-m/nofp\libc_nano.a(libc_a-lock.o)
                0x08008c1e                __retarget_lock_release_recursive
 .text._free_r  0x08008c20       0x90 D:/p/STM32CubeIDE_1.19.0/STM32CubeIDE/plugins/com.st.stm32cube.ide.mcu.externaltools.gnu-tools-for-stm32.13.3.rel1.win32_1.0.0.202411081344/tools/bin/../lib/gcc/arm-none-eabi/13.3.1/../../../../arm-none-eabi/lib/thumb/v7-m/nofp\libc_nano.a(libc_a-freer.o)
                0x08008c20                _free_r
 *(.glue_7)
 .glue_7        0x08008cb0        0x0 linker stubs
 *(.glue_7t)
 .glue_7t       0x08008cb0        0x0 linker stubs
 *(.eh_frame)
 .eh_frame      0x08008cb0        0x0 D:/p/STM32CubeIDE_1.19.0/STM32CubeIDE/plugins/com.st.stm32cube.ide.mcu.externaltools.gnu-tools-for-stm32.13.3.rel1.win32_1.0.0.202411081344/tools/bin/../lib/gcc/arm-none-eabi/13.3.1/thumb/v7-m/nofp/crtbegin.o
 *(.init)
 .init          0x08008cb0        0x4 D:/p/STM32CubeIDE_1.19.0/STM32CubeIDE/plugins/com.st.stm32cube.ide.mcu.externaltools.gnu-tools-for-stm32.13.3.rel1.win32_1.0.0.202411081344/tools/bin/../lib/gcc/arm-none-eabi/13.3.1/thumb/v7-m/nofp/crti.o
                0x08008cb0                _init
 .init          0x08008cb4        0x8 D:/p/STM32CubeIDE_1.19.0/STM32CubeIDE/plugins/com.st.stm32cube.ide.mcu.externaltools.gnu-tools-for-stm32.13.3.rel1.win32_1.0.0.202411081344/tools/bin/../lib/gcc/arm-none-eabi/13.3.1/thumb/v7-m/nofp/crtn.o
 *(.fini)
 .fini          0x08008cbc        0x4 D:/p/STM32CubeIDE_1.19.0/STM32CubeIDE/plugins/com.st.stm32cube.ide.mcu.externaltools.gnu-tools-for-stm32.13.3.rel1.win32_1.0.0.202411081344/tools/bin/../lib/gcc/arm-none-eabi/13.3.1/thumb/v7-m/nofp/crti.o
                0x08008cbc                _fini
 .fini          0x08008cc0        0x8 D:/p/STM32CubeIDE_1.19.0/STM32CubeIDE/plugins/com.st.stm32cube.ide.mcu.externaltools.gnu-tools-for-stm32.13.3.rel1.win32_1.0.0.202411081344/tools/bin/../lib/gcc/arm-none-eabi/13.3.1/thumb/v7-m/nofp/crtn.o
                0x08008cc8                        . = ALIGN (0x4)
                0x08008cc8                        _etext = .

.vfp11_veneer   0x08008cc8        0x0
 .vfp11_veneer  0x08008cc8        0x0 linker stubs

.v4_bx          0x08008cc8        0x0
 .v4_bx         0x08008cc8        0x0 linker stubs

.iplt           0x08008cc8        0x0
 .iplt          0x08008cc8        0x0 D:/p/STM32CubeIDE_1.19.0/STM32CubeIDE/plugins/com.st.stm32cube.ide.mcu.externaltools.gnu-tools-for-stm32.13.3.rel1.win32_1.0.0.202411081344/tools/bin/../lib/gcc/arm-none-eabi/13.3.1/thumb/v7-m/nofp/crtbegin.o

.rodata         0x08008cc8       0xac
                0x08008cc8                        . = ALIGN (0x4)
 *(.rodata)
 .rodata        0x08008cc8       0x5d ./USB_DEVICE/App/usbd_desc.o
 *(.rodata*)
 *fill*         0x08008d25        0x3 
 .rodata._ZTV6CS1237
                0x08008d28       0x14 ./Core/Src/app.o
                0x08008d28                vtable for CS1237
 .rodata._ZTV13EXTI_Observer
                0x08008d3c       0x14 ./Core/Src/app.o
                0x08008d3c                vtable for EXTI_Observer
 .rodata.AHBPrescTable
                0x08008d50       0x10 ./Core/Src/system_stm32f1xx.o
                0x08008d50                AHBPrescTable
 .rodata.aPLLMULFactorTable.1
                0x08008d60       0x10 ./Drivers/STM32F1xx_HAL_Driver/Src/stm32f1xx_hal_rcc.o
 .rodata.aPredivFactorTable.0
                0x08008d70        0x2 ./Drivers/STM32F1xx_HAL_Driver/Src/stm32f1xx_hal_rcc.o
                0x08008d74                        . = ALIGN (0x4)
 *fill*         0x08008d72        0x2 

.ARM.extab      0x08008d74        0x0
                0x08008d74                        . = ALIGN (0x4)
 *(.ARM.extab* .gnu.linkonce.armextab.*)
                0x08008d74                        . = ALIGN (0x4)

.ARM            0x08008d74        0x0
                0x08008d74                        . = ALIGN (0x4)
                0x08008d74                        __exidx_start = .
 *(.ARM.exidx*)
                0x08008d74                        __exidx_end = .
                0x08008d74                        . = ALIGN (0x4)

.preinit_array  0x08008d74        0x0
                0x08008d74                        . = ALIGN (0x4)
                0x08008d74                        PROVIDE (__preinit_array_start = .)
 *(.preinit_array*)
                0x08008d74                        PROVIDE (__preinit_array_end = .)
                0x08008d74                        . = ALIGN (0x4)

.init_array     0x08008d74        0x8
                0x08008d74                        . = ALIGN (0x4)
                0x08008d74                        PROVIDE (__init_array_start = .)
 *(SORT_BY_NAME(.init_array.*))
 *(.init_array*)
 .init_array    0x08008d74        0x4 D:/p/STM32CubeIDE_1.19.0/STM32CubeIDE/plugins/com.st.stm32cube.ide.mcu.externaltools.gnu-tools-for-stm32.13.3.rel1.win32_1.0.0.202411081344/tools/bin/../lib/gcc/arm-none-eabi/13.3.1/thumb/v7-m/nofp/crtbegin.o
 .init_array    0x08008d78        0x4 ./Core/Src/app.o
                0x08008d7c                        PROVIDE (__init_array_end = .)
                0x08008d7c                        . = ALIGN (0x4)

.fini_array     0x08008d7c        0x8
                0x08008d7c                        . = ALIGN (0x4)
                [!provide]                        PROVIDE (__fini_array_start = .)
 *(SORT_BY_NAME(.fini_array.*))
 *(.fini_array*)
 .fini_array    0x08008d7c        0x4 D:/p/STM32CubeIDE_1.19.0/STM32CubeIDE/plugins/com.st.stm32cube.ide.mcu.externaltools.gnu-tools-for-stm32.13.3.rel1.win32_1.0.0.202411081344/tools/bin/../lib/gcc/arm-none-eabi/13.3.1/thumb/v7-m/nofp/crtbegin.o
 .fini_array    0x08008d80        0x4 ./Core/Src/app.o
                [!provide]                        PROVIDE (__fini_array_end = .)
                0x08008d84                        . = ALIGN (0x4)
                0x08008d84                        _sidata = LOADADDR (.data)

.rel.dyn        0x08008d84        0x0
 .rel.iplt      0x08008d84        0x0 D:/p/STM32CubeIDE_1.19.0/STM32CubeIDE/plugins/com.st.stm32cube.ide.mcu.externaltools.gnu-tools-for-stm32.13.3.rel1.win32_1.0.0.202411081344/tools/bin/../lib/gcc/arm-none-eabi/13.3.1/thumb/v7-m/nofp/crtbegin.o

.data           0x20000000      0x1cc load address 0x08008d84
                0x20000000                        . = ALIGN (0x4)
                0x20000000                        _sdata = .
 *(.data)
 *(.data*)
 .data._ZN6CS123712targetConfigE
                0x20000000        0x1 ./Core/Src/app.o
                0x20000000                CS1237::targetConfig
 .data._ZN6CS123714sampleIntervalE
                0x20000001        0x1 ./Core/Src/app.o
                0x20000001                CS1237::sampleInterval
 *fill*         0x20000002        0x2 
 .data.SystemCoreClock
                0x20000004        0x4 ./Core/Src/system_stm32f1xx.o
                0x20000004                SystemCoreClock
 .data.uwTickPrio
                0x20000008        0x4 ./Drivers/STM32F1xx_HAL_Driver/Src/stm32f1xx_hal.o
                0x20000008                uwTickPrio
 .data.uwTickFreq
                0x2000000c        0x1 ./Drivers/STM32F1xx_HAL_Driver/Src/stm32f1xx_hal.o
                0x2000000c                uwTickFreq
 *fill*         0x2000000d        0x3 
 .data.USBD_CUSTOM_HID
                0x20000010       0x38 ./Middlewares/ST/STM32_USB_Device_Library/Class/CustomHID/Src/usbd_customhid.o
                0x20000010                USBD_CUSTOM_HID
 .data.USBD_CUSTOM_HID_CfgFSDesc
                0x20000048       0x29 ./Middlewares/ST/STM32_USB_Device_Library/Class/CustomHID/Src/usbd_customhid.o
 *fill*         0x20000071        0x3 
 .data.USBD_CUSTOM_HID_CfgHSDesc
                0x20000074       0x29 ./Middlewares/ST/STM32_USB_Device_Library/Class/CustomHID/Src/usbd_customhid.o
 *fill*         0x2000009d        0x3 
 .data.USBD_CUSTOM_HID_OtherSpeedCfgDesc
                0x200000a0       0x29 ./Middlewares/ST/STM32_USB_Device_Library/Class/CustomHID/Src/usbd_customhid.o
 *fill*         0x200000c9        0x3 
 .data.USBD_CUSTOM_HID_Desc
                0x200000cc        0x9 ./Middlewares/ST/STM32_USB_Device_Library/Class/CustomHID/Src/usbd_customhid.o
 *fill*         0x200000d5        0x3 
 .data.USBD_CUSTOM_HID_DeviceQualifierDesc
                0x200000d8        0xa ./Middlewares/ST/STM32_USB_Device_Library/Class/CustomHID/Src/usbd_customhid.o
 *fill*         0x200000e2        0x2 
 .data.CUSTOM_HID_ReportDesc_FS
                0x200000e4       0x37 ./USB_DEVICE/App/usbd_custom_hid_if.o
 *fill*         0x2000011b        0x1 
 .data.USBD_CustomHID_fops_FS
                0x2000011c       0x10 ./USB_DEVICE/App/usbd_custom_hid_if.o
                0x2000011c                USBD_CustomHID_fops_FS
 .data.FS_Desc  0x2000012c       0x1c ./USB_DEVICE/App/usbd_desc.o
                0x2000012c                FS_Desc
 .data.USBD_FS_DeviceDesc
                0x20000148       0x12 ./USB_DEVICE/App/usbd_desc.o
                0x20000148                USBD_FS_DeviceDesc
 *fill*         0x2000015a        0x2 
 .data.USBD_LangIDDesc
                0x2000015c        0x4 ./USB_DEVICE/App/usbd_desc.o
                0x2000015c                USBD_LangIDDesc
 .data.USBD_StringSerial
                0x20000160       0x1a ./USB_DEVICE/App/usbd_desc.o
                0x20000160                USBD_StringSerial
 *fill*         0x2000017a        0x2 
 .data._impure_ptr
                0x2000017c        0x4 D:/p/STM32CubeIDE_1.19.0/STM32CubeIDE/plugins/com.st.stm32cube.ide.mcu.externaltools.gnu-tools-for-stm32.13.3.rel1.win32_1.0.0.202411081344/tools/bin/../lib/gcc/arm-none-eabi/13.3.1/../../../../arm-none-eabi/lib/thumb/v7-m/nofp\libc_nano.a(libc_a-impure.o)
                0x2000017c                _impure_ptr
 .data._impure_data
                0x20000180       0x4c D:/p/STM32CubeIDE_1.19.0/STM32CubeIDE/plugins/com.st.stm32cube.ide.mcu.externaltools.gnu-tools-for-stm32.13.3.rel1.win32_1.0.0.202411081344/tools/bin/../lib/gcc/arm-none-eabi/13.3.1/../../../../arm-none-eabi/lib/thumb/v7-m/nofp\libc_nano.a(libc_a-impure.o)
                0x20000180                _impure_data
 *(.RamFunc)
 *(.RamFunc*)
                0x200001cc                        . = ALIGN (0x4)
                0x200001cc                        _edata = .

.igot.plt       0x200001cc        0x0 load address 0x08008f50
 .igot.plt      0x200001cc        0x0 D:/p/STM32CubeIDE_1.19.0/STM32CubeIDE/plugins/com.st.stm32cube.ide.mcu.externaltools.gnu-tools-for-stm32.13.3.rel1.win32_1.0.0.202411081344/tools/bin/../lib/gcc/arm-none-eabi/13.3.1/thumb/v7-m/nofp/crtbegin.o
                0x200001cc                        . = ALIGN (0x4)

.bss            0x200001cc      0xd30 load address 0x08008f50
                0x200001cc                        _sbss = .
                0x200001cc                        __bss_start__ = _sbss
 *(.bss)
 .bss           0x200001cc       0x1c D:/p/STM32CubeIDE_1.19.0/STM32CubeIDE/plugins/com.st.stm32cube.ide.mcu.externaltools.gnu-tools-for-stm32.13.3.rel1.win32_1.0.0.202411081344/tools/bin/../lib/gcc/arm-none-eabi/13.3.1/thumb/v7-m/nofp/crtbegin.o
 *(.bss*)
 .bss._ZN12EXTI_Manager8registryE
                0x200001e8       0x40 ./Core/Src/app.o
                0x200001e8                EXTI_Manager::registry
 .bss._ZL3PA0   0x20000228        0x8 ./Core/Src/app.o
 .bss._ZL3PA1   0x20000230        0x8 ./Core/Src/app.o
 .bss._ZL3PA2   0x20000238        0x8 ./Core/Src/app.o
 .bss._ZL3PA3   0x20000240        0x8 ./Core/Src/app.o
 .bss._ZL3PA4   0x20000248        0x8 ./Core/Src/app.o
 .bss._ZL3PA5   0x20000250        0x8 ./Core/Src/app.o
 .bss._ZL3PA6   0x20000258        0x8 ./Core/Src/app.o
 .bss._ZL3PA7   0x20000260        0x8 ./Core/Src/app.o
 .bss._ZL3PA8   0x20000268        0x8 ./Core/Src/app.o
 .bss._ZL3PA9   0x20000270        0x8 ./Core/Src/app.o
 .bss._ZL4PA10  0x20000278        0x8 ./Core/Src/app.o
 .bss._ZL4PA11  0x20000280        0x8 ./Core/Src/app.o
 .bss._ZL4PA12  0x20000288        0x8 ./Core/Src/app.o
 .bss._ZL4PA13  0x20000290        0x8 ./Core/Src/app.o
 .bss._ZL4PA14  0x20000298        0x8 ./Core/Src/app.o
 .bss._ZL4PA15  0x200002a0        0x8 ./Core/Src/app.o
 .bss._ZL3PB0   0x200002a8        0x8 ./Core/Src/app.o
 .bss._ZL3PB1   0x200002b0        0x8 ./Core/Src/app.o
 .bss._ZL3PB2   0x200002b8        0x8 ./Core/Src/app.o
 .bss._ZL3PB3   0x200002c0        0x8 ./Core/Src/app.o
 .bss._ZL3PB4   0x200002c8        0x8 ./Core/Src/app.o
 .bss._ZL3PB5   0x200002d0        0x8 ./Core/Src/app.o
 .bss._ZL3PB6   0x200002d8        0x8 ./Core/Src/app.o
 .bss._ZL3PB7   0x200002e0        0x8 ./Core/Src/app.o
 .bss._ZL3PB8   0x200002e8        0x8 ./Core/Src/app.o
 .bss._ZL3PB9   0x200002f0        0x8 ./Core/Src/app.o
 .bss._ZL4PB10  0x200002f8        0x8 ./Core/Src/app.o
 .bss._ZL4PB11  0x20000300        0x8 ./Core/Src/app.o
 .bss._ZL4PB12  0x20000308        0x8 ./Core/Src/app.o
 .bss._ZL4PB13  0x20000310        0x8 ./Core/Src/app.o
 .bss._ZL4PB14  0x20000318        0x8 ./Core/Src/app.o
 .bss._ZL4PB15  0x20000320        0x8 ./Core/Src/app.o
 .bss._ZL3PC0   0x20000328        0x8 ./Core/Src/app.o
 .bss._ZL3PC1   0x20000330        0x8 ./Core/Src/app.o
 .bss._ZL3PC2   0x20000338        0x8 ./Core/Src/app.o
 .bss._ZL3PC3   0x20000340        0x8 ./Core/Src/app.o
 .bss._ZL3PC4   0x20000348        0x8 ./Core/Src/app.o
 .bss._ZL3PC5   0x20000350        0x8 ./Core/Src/app.o
 .bss._ZL3PC6   0x20000358        0x8 ./Core/Src/app.o
 .bss._ZL3PC7   0x20000360        0x8 ./Core/Src/app.o
 .bss._ZL3PC8   0x20000368        0x8 ./Core/Src/app.o
 .bss._ZL3PC9   0x20000370        0x8 ./Core/Src/app.o
 .bss._ZL4PC10  0x20000378        0x8 ./Core/Src/app.o
 .bss._ZL4PC11  0x20000380        0x8 ./Core/Src/app.o
 .bss._ZL4PC12  0x20000388        0x8 ./Core/Src/app.o
 .bss._ZL4PC13  0x20000390        0x8 ./Core/Src/app.o
 .bss._ZL4PC14  0x20000398        0x8 ./Core/Src/app.o
 .bss._ZL4PC15  0x200003a0        0x8 ./Core/Src/app.o
 .bss._ZL3PD0   0x200003a8        0x8 ./Core/Src/app.o
 .bss._ZL3PD1   0x200003b0        0x8 ./Core/Src/app.o
 .bss._ZL3PD2   0x200003b8        0x8 ./Core/Src/app.o
 .bss._ZL3PD3   0x200003c0        0x8 ./Core/Src/app.o
 .bss._ZL3PD4   0x200003c8        0x8 ./Core/Src/app.o
 .bss._ZL3PD5   0x200003d0        0x8 ./Core/Src/app.o
 .bss._ZL3PD6   0x200003d8        0x8 ./Core/Src/app.o
 .bss._ZL3PD7   0x200003e0        0x8 ./Core/Src/app.o
 .bss._ZL3PD8   0x200003e8        0x8 ./Core/Src/app.o
 .bss._ZL3PD9   0x200003f0        0x8 ./Core/Src/app.o
 .bss._ZL4PD10  0x200003f8        0x8 ./Core/Src/app.o
 .bss._ZL4PD11  0x20000400        0x8 ./Core/Src/app.o
 .bss._ZL4PD12  0x20000408        0x8 ./Core/Src/app.o
 .bss._ZL4PD13  0x20000410        0x8 ./Core/Src/app.o
 .bss._ZL4PD14  0x20000418        0x8 ./Core/Src/app.o
 .bss._ZL4PD15  0x20000420        0x8 ./Core/Src/app.o
 .bss._ZL3PE0   0x20000428        0x8 ./Core/Src/app.o
 .bss._ZL3PE1   0x20000430        0x8 ./Core/Src/app.o
 .bss._ZL3PE2   0x20000438        0x8 ./Core/Src/app.o
 .bss._ZL3PE3   0x20000440        0x8 ./Core/Src/app.o
 .bss._ZL3PE4   0x20000448        0x8 ./Core/Src/app.o
 .bss._ZL3PE5   0x20000450        0x8 ./Core/Src/app.o
 .bss._ZL3PE6   0x20000458        0x8 ./Core/Src/app.o
 .bss._ZL3PE7   0x20000460        0x8 ./Core/Src/app.o
 .bss._ZL3PE8   0x20000468        0x8 ./Core/Src/app.o
 .bss._ZL3PE9   0x20000470        0x8 ./Core/Src/app.o
 .bss._ZL4PE10  0x20000478        0x8 ./Core/Src/app.o
 .bss._ZL4PE11  0x20000480        0x8 ./Core/Src/app.o
 .bss._ZL4PE12  0x20000488        0x8 ./Core/Src/app.o
 .bss._ZL4PE13  0x20000490        0x8 ./Core/Src/app.o
 .bss._ZL4PE14  0x20000498        0x8 ./Core/Src/app.o
 .bss._ZL4PE15  0x200004a0        0x8 ./Core/Src/app.o
 .bss._ZL3PF0   0x200004a8        0x8 ./Core/Src/app.o
 .bss._ZL3PF1   0x200004b0        0x8 ./Core/Src/app.o
 .bss._ZL3PF2   0x200004b8        0x8 ./Core/Src/app.o
 .bss._ZL3PF3   0x200004c0        0x8 ./Core/Src/app.o
 .bss._ZL3PF4   0x200004c8        0x8 ./Core/Src/app.o
 .bss._ZL3PF5   0x200004d0        0x8 ./Core/Src/app.o
 .bss._ZL3PF6   0x200004d8        0x8 ./Core/Src/app.o
 .bss._ZL3PF7   0x200004e0        0x8 ./Core/Src/app.o
 .bss._ZL3PF8   0x200004e8        0x8 ./Core/Src/app.o
 .bss._ZL3PF9   0x200004f0        0x8 ./Core/Src/app.o
 .bss._ZL4PF10  0x200004f8        0x8 ./Core/Src/app.o
 .bss._ZL4PF11  0x20000500        0x8 ./Core/Src/app.o
 .bss._ZL4PF12  0x20000508        0x8 ./Core/Src/app.o
 .bss._ZL4PF13  0x20000510        0x8 ./Core/Src/app.o
 .bss._ZL4PF14  0x20000518        0x8 ./Core/Src/app.o
 .bss._ZL4PF15  0x20000520        0x8 ./Core/Src/app.o
 .bss._ZL3PG0   0x20000528        0x8 ./Core/Src/app.o
 .bss._ZL3PG1   0x20000530        0x8 ./Core/Src/app.o
 .bss._ZL3PG2   0x20000538        0x8 ./Core/Src/app.o
 .bss._ZL3PG3   0x20000540        0x8 ./Core/Src/app.o
 .bss._ZL3PG4   0x20000548        0x8 ./Core/Src/app.o
 .bss._ZL3PG5   0x20000550        0x8 ./Core/Src/app.o
 .bss._ZL3PG6   0x20000558        0x8 ./Core/Src/app.o
 .bss._ZL3PG7   0x20000560        0x8 ./Core/Src/app.o
 .bss._ZL3PG8   0x20000568        0x8 ./Core/Src/app.o
 .bss._ZL3PG9   0x20000570        0x8 ./Core/Src/app.o
 .bss._ZL4PG10  0x20000578        0x8 ./Core/Src/app.o
 .bss._ZL4PG11  0x20000580        0x8 ./Core/Src/app.o
 .bss._ZL4PG12  0x20000588        0x8 ./Core/Src/app.o
 .bss._ZL4PG13  0x20000590        0x8 ./Core/Src/app.o
 .bss._ZL4PG14  0x20000598        0x8 ./Core/Src/app.o
 .bss._ZL4PG15  0x200005a0        0x8 ./Core/Src/app.o
 .bss.sg0       0x200005a8       0x1c ./Core/Src/app.o
                0x200005a8                sg0
 .bss.sg1       0x200005c4       0x1c ./Core/Src/app.o
                0x200005c4                sg1
 .bss.sg2       0x200005e0       0x1c ./Core/Src/app.o
                0x200005e0                sg2
 .bss.uwTick    0x200005fc        0x4 ./Drivers/STM32F1xx_HAL_Driver/Src/stm32f1xx_hal.o
                0x200005fc                uwTick
 .bss.cfgidx.0  0x20000600        0x1 ./Middlewares/ST/STM32_USB_Device_Library/Core/Src/usbd_ctlreq.o
 *fill*         0x20000601        0x3 
 .bss.hUsbDeviceFS
                0x20000604      0x2c4 ./USB_DEVICE/App/usb_device.o
                0x20000604                hUsbDeviceFS
 .bss.USBD_StrDesc
                0x200008c8      0x200 ./USB_DEVICE/App/usbd_desc.o
                0x200008c8                USBD_StrDesc
 .bss.hpcd_USB_FS
                0x20000ac8      0x2d8 ./USB_DEVICE/Target/usbd_conf.o
                0x20000ac8                hpcd_USB_FS
 .bss.mem.0     0x20000da0       0x1c ./USB_DEVICE/Target/usbd_conf.o
 .bss.__malloc_free_list
                0x20000dbc        0x4 D:/p/STM32CubeIDE_1.19.0/STM32CubeIDE/plugins/com.st.stm32cube.ide.mcu.externaltools.gnu-tools-for-stm32.13.3.rel1.win32_1.0.0.202411081344/tools/bin/../lib/gcc/arm-none-eabi/13.3.1/../../../../arm-none-eabi/lib/thumb/v7-m/nofp\libc_nano.a(libc_a-mallocr.o)
                0x20000dbc                __malloc_free_list
 .bss.__sf      0x20000dc0      0x138 D:/p/STM32CubeIDE_1.19.0/STM32CubeIDE/plugins/com.st.stm32cube.ide.mcu.externaltools.gnu-tools-for-stm32.13.3.rel1.win32_1.0.0.202411081344/tools/bin/../lib/gcc/arm-none-eabi/13.3.1/../../../../arm-none-eabi/lib/thumb/v7-m/nofp\libc_nano.a(libc_a-findfp.o)
                0x20000dc0                __sf
 .bss.__lock___malloc_recursive_mutex
                0x20000ef8        0x1 D:/p/STM32CubeIDE_1.19.0/STM32CubeIDE/plugins/com.st.stm32cube.ide.mcu.externaltools.gnu-tools-for-stm32.13.3.rel1.win32_1.0.0.202411081344/tools/bin/../lib/gcc/arm-none-eabi/13.3.1/../../../../arm-none-eabi/lib/thumb/v7-m/nofp\libc_nano.a(libc_a-lock.o)
                0x20000ef8                __lock___malloc_recursive_mutex
 *(COMMON)
                0x20000efc                        . = ALIGN (0x4)
 *fill*         0x20000ef9        0x3 
                0x20000efc                        _ebss = .
                0x20000efc                        __bss_end__ = _ebss

._user_heap_stack
                0x20000efc      0x604 load address 0x08008f50
                0x20000f00                        . = ALIGN (0x8)
 *fill*         0x20000efc        0x4 
                [!provide]                        PROVIDE (end = .)
                0x20000f00                        PROVIDE (_end = .)
                0x20001100                        . = (. + _Min_Heap_Size)
 *fill*         0x20000f00      0x200 
                0x20001500                        . = (. + _Min_Stack_Size)
 *fill*         0x20001100      0x400 
                0x20001500                        . = ALIGN (0x8)

/DISCARD/
 libc.a(*)
 libm.a(*)
 libgcc.a(*)

.ARM.attributes
                0x00000000       0x29
 *(.ARM.attributes)
 .ARM.attributes
                0x00000000       0x1d D:/p/STM32CubeIDE_1.19.0/STM32CubeIDE/plugins/com.st.stm32cube.ide.mcu.externaltools.gnu-tools-for-stm32.13.3.rel1.win32_1.0.0.202411081344/tools/bin/../lib/gcc/arm-none-eabi/13.3.1/thumb/v7-m/nofp/crti.o
 .ARM.attributes
                0x0000001d       0x2d D:/p/STM32CubeIDE_1.19.0/STM32CubeIDE/plugins/com.st.stm32cube.ide.mcu.externaltools.gnu-tools-for-stm32.13.3.rel1.win32_1.0.0.202411081344/tools/bin/../lib/gcc/arm-none-eabi/13.3.1/thumb/v7-m/nofp/crtbegin.o
 .ARM.attributes
                0x0000004a       0x2d ./Core/Src/app.o
 .ARM.attributes
                0x00000077       0x2d ./Core/Src/gpio.o
 .ARM.attributes
                0x000000a4       0x2d ./Core/Src/main.o
 .ARM.attributes
                0x000000d1       0x2d ./Core/Src/stm32f1xx_hal_msp.o
 .ARM.attributes
                0x000000fe       0x2d ./Core/Src/stm32f1xx_it.o
 .ARM.attributes
                0x0000012b       0x2d ./Core/Src/system_stm32f1xx.o
 .ARM.attributes
                0x00000158       0x21 ./Core/Startup/startup_stm32f103zetx.o
 .ARM.attributes
                0x00000179       0x2d ./Drivers/STM32F1xx_HAL_Driver/Src/stm32f1xx_hal.o
 .ARM.attributes
                0x000001a6       0x2d ./Drivers/STM32F1xx_HAL_Driver/Src/stm32f1xx_hal_cortex.o
 .ARM.attributes
                0x000001d3       0x2d ./Drivers/STM32F1xx_HAL_Driver/Src/stm32f1xx_hal_gpio.o
 .ARM.attributes
                0x00000200       0x2d ./Drivers/STM32F1xx_HAL_Driver/Src/stm32f1xx_hal_pcd.o
 .ARM.attributes
                0x0000022d       0x2d ./Drivers/STM32F1xx_HAL_Driver/Src/stm32f1xx_hal_pcd_ex.o
 .ARM.attributes
                0x0000025a       0x2d ./Drivers/STM32F1xx_HAL_Driver/Src/stm32f1xx_hal_rcc.o
 .ARM.attributes
                0x00000287       0x2d ./Drivers/STM32F1xx_HAL_Driver/Src/stm32f1xx_hal_rcc_ex.o
 .ARM.attributes
                0x000002b4       0x2d ./Drivers/STM32F1xx_HAL_Driver/Src/stm32f1xx_ll_usb.o
 .ARM.attributes
                0x000002e1       0x2d ./Middlewares/ST/STM32_USB_Device_Library/Class/CustomHID/Src/usbd_customhid.o
 .ARM.attributes
                0x0000030e       0x2d ./Middlewares/ST/STM32_USB_Device_Library/Core/Src/usbd_core.o
 .ARM.attributes
                0x0000033b       0x2d ./Middlewares/ST/STM32_USB_Device_Library/Core/Src/usbd_ctlreq.o
 .ARM.attributes
                0x00000368       0x2d ./Middlewares/ST/STM32_USB_Device_Library/Core/Src/usbd_ioreq.o
 .ARM.attributes
                0x00000395       0x2d ./USB_DEVICE/App/usb_device.o
 .ARM.attributes
                0x000003c2       0x2d ./USB_DEVICE/App/usbd_custom_hid_if.o
 .ARM.attributes
                0x000003ef       0x2d ./USB_DEVICE/App/usbd_desc.o
 .ARM.attributes
                0x0000041c       0x2d ./USB_DEVICE/Target/usbd_conf.o
 .ARM.attributes
                0x00000449       0x2d D:/p/STM32CubeIDE_1.19.0/STM32CubeIDE/plugins/com.st.stm32cube.ide.mcu.externaltools.gnu-tools-for-stm32.13.3.rel1.win32_1.0.0.202411081344/tools/bin/../lib/gcc/arm-none-eabi/13.3.1/../../../../arm-none-eabi/lib/thumb/v7-m/nofp\libstdc++_nano.a(del_ops.o)
 .ARM.attributes
                0x00000476       0x2d D:/p/STM32CubeIDE_1.19.0/STM32CubeIDE/plugins/com.st.stm32cube.ide.mcu.externaltools.gnu-tools-for-stm32.13.3.rel1.win32_1.0.0.202411081344/tools/bin/../lib/gcc/arm-none-eabi/13.3.1/../../../../arm-none-eabi/lib/thumb/v7-m/nofp\libstdc++_nano.a(del_op.o)
 .ARM.attributes
                0x000004a3       0x2d D:/p/STM32CubeIDE_1.19.0/STM32CubeIDE/plugins/com.st.stm32cube.ide.mcu.externaltools.gnu-tools-for-stm32.13.3.rel1.win32_1.0.0.202411081344/tools/bin/../lib/gcc/arm-none-eabi/13.3.1/../../../../arm-none-eabi/lib/thumb/v7-m/nofp\libc_nano.a(libc_a-malloc.o)
 .ARM.attributes
                0x000004d0       0x2d D:/p/STM32CubeIDE_1.19.0/STM32CubeIDE/plugins/com.st.stm32cube.ide.mcu.externaltools.gnu-tools-for-stm32.13.3.rel1.win32_1.0.0.202411081344/tools/bin/../lib/gcc/arm-none-eabi/13.3.1/../../../../arm-none-eabi/lib/thumb/v7-m/nofp\libc_nano.a(libc_a-mallocr.o)
 .ARM.attributes
                0x000004fd       0x2d D:/p/STM32CubeIDE_1.19.0/STM32CubeIDE/plugins/com.st.stm32cube.ide.mcu.externaltools.gnu-tools-for-stm32.13.3.rel1.win32_1.0.0.202411081344/tools/bin/../lib/gcc/arm-none-eabi/13.3.1/../../../../arm-none-eabi/lib/thumb/v7-m/nofp\libc_nano.a(libc_a-mlock.o)
 .ARM.attributes
                0x0000052a       0x2d D:/p/STM32CubeIDE_1.19.0/STM32CubeIDE/plugins/com.st.stm32cube.ide.mcu.externaltools.gnu-tools-for-stm32.13.3.rel1.win32_1.0.0.202411081344/tools/bin/../lib/gcc/arm-none-eabi/13.3.1/../../../../arm-none-eabi/lib/thumb/v7-m/nofp\libc_nano.a(libc_a-findfp.o)
 .ARM.attributes
                0x00000557       0x2d D:/p/STM32CubeIDE_1.19.0/STM32CubeIDE/plugins/com.st.stm32cube.ide.mcu.externaltools.gnu-tools-for-stm32.13.3.rel1.win32_1.0.0.202411081344/tools/bin/../lib/gcc/arm-none-eabi/13.3.1/../../../../arm-none-eabi/lib/thumb/v7-m/nofp\libc_nano.a(libc_a-memset.o)
 .ARM.attributes
                0x00000584       0x2d D:/p/STM32CubeIDE_1.19.0/STM32CubeIDE/plugins/com.st.stm32cube.ide.mcu.externaltools.gnu-tools-for-stm32.13.3.rel1.win32_1.0.0.202411081344/tools/bin/../lib/gcc/arm-none-eabi/13.3.1/../../../../arm-none-eabi/lib/thumb/v7-m/nofp\libc_nano.a(libc_a-impure.o)
 .ARM.attributes
                0x000005b1       0x2d D:/p/STM32CubeIDE_1.19.0/STM32CubeIDE/plugins/com.st.stm32cube.ide.mcu.externaltools.gnu-tools-for-stm32.13.3.rel1.win32_1.0.0.202411081344/tools/bin/../lib/gcc/arm-none-eabi/13.3.1/../../../../arm-none-eabi/lib/thumb/v7-m/nofp\libc_nano.a(libc_a-init.o)
 .ARM.attributes
                0x000005de       0x2d D:/p/STM32CubeIDE_1.19.0/STM32CubeIDE/plugins/com.st.stm32cube.ide.mcu.externaltools.gnu-tools-for-stm32.13.3.rel1.win32_1.0.0.202411081344/tools/bin/../lib/gcc/arm-none-eabi/13.3.1/../../../../arm-none-eabi/lib/thumb/v7-m/nofp\libc_nano.a(libc_a-lock.o)
 .ARM.attributes
                0x0000060b       0x2d D:/p/STM32CubeIDE_1.19.0/STM32CubeIDE/plugins/com.st.stm32cube.ide.mcu.externaltools.gnu-tools-for-stm32.13.3.rel1.win32_1.0.0.202411081344/tools/bin/../lib/gcc/arm-none-eabi/13.3.1/../../../../arm-none-eabi/lib/thumb/v7-m/nofp\libc_nano.a(libc_a-freer.o)
 .ARM.attributes
                0x00000638       0x1d D:/p/STM32CubeIDE_1.19.0/STM32CubeIDE/plugins/com.st.stm32cube.ide.mcu.externaltools.gnu-tools-for-stm32.13.3.rel1.win32_1.0.0.202411081344/tools/bin/../lib/gcc/arm-none-eabi/13.3.1/thumb/v7-m/nofp\libgcc.a(_arm_addsubsf3.o)
 .ARM.attributes
                0x00000655       0x1d D:/p/STM32CubeIDE_1.19.0/STM32CubeIDE/plugins/com.st.stm32cube.ide.mcu.externaltools.gnu-tools-for-stm32.13.3.rel1.win32_1.0.0.202411081344/tools/bin/../lib/gcc/arm-none-eabi/13.3.1/thumb/v7-m/nofp\libgcc.a(_arm_muldivsf3.o)
 .ARM.attributes
                0x00000672       0x1d D:/p/STM32CubeIDE_1.19.0/STM32CubeIDE/plugins/com.st.stm32cube.ide.mcu.externaltools.gnu-tools-for-stm32.13.3.rel1.win32_1.0.0.202411081344/tools/bin/../lib/gcc/arm-none-eabi/13.3.1/thumb/v7-m/nofp\libgcc.a(_arm_fixsfsi.o)
 .ARM.attributes
                0x0000068f       0x1d D:/p/STM32CubeIDE_1.19.0/STM32CubeIDE/plugins/com.st.stm32cube.ide.mcu.externaltools.gnu-tools-for-stm32.13.3.rel1.win32_1.0.0.202411081344/tools/bin/../lib/gcc/arm-none-eabi/13.3.1/thumb/v7-m/nofp/crtn.o
OUTPUT(FSSB.elf elf32-littlearm)
LOAD linker stubs
LOAD D:/p/STM32CubeIDE_1.19.0/STM32CubeIDE/plugins/com.st.stm32cube.ide.mcu.externaltools.gnu-tools-for-stm32.13.3.rel1.win32_1.0.0.202411081344/tools/bin/../lib/gcc/arm-none-eabi/13.3.1/../../../../arm-none-eabi/lib/thumb/v7-m/nofp\libc.a
LOAD D:/p/STM32CubeIDE_1.19.0/STM32CubeIDE/plugins/com.st.stm32cube.ide.mcu.externaltools.gnu-tools-for-stm32.13.3.rel1.win32_1.0.0.202411081344/tools/bin/../lib/gcc/arm-none-eabi/13.3.1/../../../../arm-none-eabi/lib/thumb/v7-m/nofp\libm.a
LOAD D:/p/STM32CubeIDE_1.19.0/STM32CubeIDE/plugins/com.st.stm32cube.ide.mcu.externaltools.gnu-tools-for-stm32.13.3.rel1.win32_1.0.0.202411081344/tools/bin/../lib/gcc/arm-none-eabi/13.3.1/thumb/v7-m/nofp\libgcc.a

.debug_info     0x00000000     0xe033
 .debug_info    0x00000000     0x292a ./Core/Src/app.o
 .debug_info    0x0000292a      0x498 ./Core/Src/gpio.o
 .debug_info    0x00002dc2      0x50e ./Core/Src/main.o
 .debug_info    0x000032d0      0x1f1 ./Core/Src/stm32f1xx_hal_msp.o
 .debug_info    0x000034c1      0x644 ./Core/Src/stm32f1xx_it.o
 .debug_info    0x00003b05      0x222 ./Core/Src/system_stm32f1xx.o
 .debug_info    0x00003d27       0x30 ./Core/Startup/startup_stm32f103zetx.o
 .debug_info    0x00003d57      0x76a ./Drivers/STM32F1xx_HAL_Driver/Src/stm32f1xx_hal.o
 .debug_info    0x000044c1      0xaed ./Drivers/STM32F1xx_HAL_Driver/Src/stm32f1xx_hal_cortex.o
 .debug_info    0x00004fae      0x5ab ./Drivers/STM32F1xx_HAL_Driver/Src/stm32f1xx_hal_gpio.o
 .debug_info    0x00005559     0x16dc ./Drivers/STM32F1xx_HAL_Driver/Src/stm32f1xx_hal_pcd.o
 .debug_info    0x00006c35      0x6c3 ./Drivers/STM32F1xx_HAL_Driver/Src/stm32f1xx_hal_pcd_ex.o
 .debug_info    0x000072f8      0x7d5 ./Drivers/STM32F1xx_HAL_Driver/Src/stm32f1xx_hal_rcc.o
 .debug_info    0x00007acd      0x3e9 ./Drivers/STM32F1xx_HAL_Driver/Src/stm32f1xx_hal_rcc_ex.o
 .debug_info    0x00007eb6     0x17ae ./Drivers/STM32F1xx_HAL_Driver/Src/stm32f1xx_ll_usb.o
 .debug_info    0x00009664      0xab5 ./Middlewares/ST/STM32_USB_Device_Library/Class/CustomHID/Src/usbd_customhid.o
 .debug_info    0x0000a119      0xa52 ./Middlewares/ST/STM32_USB_Device_Library/Core/Src/usbd_core.o
 .debug_info    0x0000ab6b      0x91c ./Middlewares/ST/STM32_USB_Device_Library/Core/Src/usbd_ctlreq.o
 .debug_info    0x0000b487      0x6a0 ./Middlewares/ST/STM32_USB_Device_Library/Core/Src/usbd_ioreq.o
 .debug_info    0x0000bb27      0x61a ./USB_DEVICE/App/usb_device.o
 .debug_info    0x0000c141      0x1de ./USB_DEVICE/App/usbd_custom_hid_if.o
 .debug_info    0x0000c31f      0x44a ./USB_DEVICE/App/usbd_desc.o
 .debug_info    0x0000c769     0x18ca ./USB_DEVICE/Target/usbd_conf.o

.debug_abbrev   0x00000000     0x2efd
 .debug_abbrev  0x00000000      0x60f ./Core/Src/app.o
 .debug_abbrev  0x0000060f      0x161 ./Core/Src/gpio.o
 .debug_abbrev  0x00000770      0x1e3 ./Core/Src/main.o
 .debug_abbrev  0x00000953       0xdb ./Core/Src/stm32f1xx_hal_msp.o
 .debug_abbrev  0x00000a2e      0x1a7 ./Core/Src/stm32f1xx_it.o
 .debug_abbrev  0x00000bd5      0x13f ./Core/Src/system_stm32f1xx.o
 .debug_abbrev  0x00000d14       0x24 ./Core/Startup/startup_stm32f103zetx.o
 .debug_abbrev  0x00000d38      0x201 ./Drivers/STM32F1xx_HAL_Driver/Src/stm32f1xx_hal.o
 .debug_abbrev  0x00000f39      0x2f8 ./Drivers/STM32F1xx_HAL_Driver/Src/stm32f1xx_hal_cortex.o
 .debug_abbrev  0x00001231      0x1ca ./Drivers/STM32F1xx_HAL_Driver/Src/stm32f1xx_hal_gpio.o
 .debug_abbrev  0x000013fb      0x2d6 ./Drivers/STM32F1xx_HAL_Driver/Src/stm32f1xx_hal_pcd.o
 .debug_abbrev  0x000016d1      0x189 ./Drivers/STM32F1xx_HAL_Driver/Src/stm32f1xx_hal_pcd_ex.o
 .debug_abbrev  0x0000185a      0x2b3 ./Drivers/STM32F1xx_HAL_Driver/Src/stm32f1xx_hal_rcc.o
 .debug_abbrev  0x00001b0d      0x188 ./Drivers/STM32F1xx_HAL_Driver/Src/stm32f1xx_hal_rcc_ex.o
 .debug_abbrev  0x00001c95      0x1de ./Drivers/STM32F1xx_HAL_Driver/Src/stm32f1xx_ll_usb.o
 .debug_abbrev  0x00001e73      0x272 ./Middlewares/ST/STM32_USB_Device_Library/Class/CustomHID/Src/usbd_customhid.o
 .debug_abbrev  0x000020e5      0x24a ./Middlewares/ST/STM32_USB_Device_Library/Core/Src/usbd_core.o
 .debug_abbrev  0x0000232f      0x26b ./Middlewares/ST/STM32_USB_Device_Library/Core/Src/usbd_ctlreq.o
 .debug_abbrev  0x0000259a      0x192 ./Middlewares/ST/STM32_USB_Device_Library/Core/Src/usbd_ioreq.o
 .debug_abbrev  0x0000272c      0x18d ./USB_DEVICE/App/usb_device.o
 .debug_abbrev  0x000028b9      0x12f ./USB_DEVICE/App/usbd_custom_hid_if.o
 .debug_abbrev  0x000029e8      0x1ff ./USB_DEVICE/App/usbd_desc.o
 .debug_abbrev  0x00002be7      0x316 ./USB_DEVICE/Target/usbd_conf.o

.debug_aranges  0x00000000      0xb98
 .debug_aranges
                0x00000000      0x118 ./Core/Src/app.o
 .debug_aranges
                0x00000118       0x20 ./Core/Src/gpio.o
 .debug_aranges
                0x00000138       0x38 ./Core/Src/main.o
 .debug_aranges
                0x00000170       0x20 ./Core/Src/stm32f1xx_hal_msp.o
 .debug_aranges
                0x00000190       0x80 ./Core/Src/stm32f1xx_it.o
 .debug_aranges
                0x00000210       0x28 ./Core/Src/system_stm32f1xx.o
 .debug_aranges
                0x00000238       0x28 ./Core/Startup/startup_stm32f103zetx.o
 .debug_aranges
                0x00000260       0xe0 ./Drivers/STM32F1xx_HAL_Driver/Src/stm32f1xx_hal.o
 .debug_aranges
                0x00000340      0x100 ./Drivers/STM32F1xx_HAL_Driver/Src/stm32f1xx_hal_cortex.o
 .debug_aranges
                0x00000440       0x58 ./Drivers/STM32F1xx_HAL_Driver/Src/stm32f1xx_hal_gpio.o
 .debug_aranges
                0x00000498      0x140 ./Drivers/STM32F1xx_HAL_Driver/Src/stm32f1xx_hal_pcd.o
 .debug_aranges
                0x000005d8       0x38 ./Drivers/STM32F1xx_HAL_Driver/Src/stm32f1xx_hal_pcd_ex.o
 .debug_aranges
                0x00000610       0x90 ./Drivers/STM32F1xx_HAL_Driver/Src/stm32f1xx_hal_rcc.o
 .debug_aranges
                0x000006a0       0x30 ./Drivers/STM32F1xx_HAL_Driver/Src/stm32f1xx_hal_rcc_ex.o
 .debug_aranges
                0x000006d0       0xf8 ./Drivers/STM32F1xx_HAL_Driver/Src/stm32f1xx_ll_usb.o
 .debug_aranges
                0x000007c8       0x78 ./Middlewares/ST/STM32_USB_Device_Library/Class/CustomHID/Src/usbd_customhid.o
 .debug_aranges
                0x00000840       0xb8 ./Middlewares/ST/STM32_USB_Device_Library/Core/Src/usbd_core.o
 .debug_aranges
                0x000008f8       0x88 ./Middlewares/ST/STM32_USB_Device_Library/Core/Src/usbd_ctlreq.o
 .debug_aranges
                0x00000980       0x50 ./Middlewares/ST/STM32_USB_Device_Library/Core/Src/usbd_ioreq.o
 .debug_aranges
                0x000009d0       0x20 ./USB_DEVICE/App/usb_device.o
 .debug_aranges
                0x000009f0       0x30 ./USB_DEVICE/App/usbd_custom_hid_if.o
 .debug_aranges
                0x00000a20       0x60 ./USB_DEVICE/App/usbd_desc.o
 .debug_aranges
                0x00000a80      0x118 ./USB_DEVICE/Target/usbd_conf.o

.debug_rnglists
                0x00000000      0x873
 .debug_rnglists
                0x00000000       0xd4 ./Core/Src/app.o
 .debug_rnglists
                0x000000d4       0x14 ./Core/Src/gpio.o
 .debug_rnglists
                0x000000e8       0x26 ./Core/Src/main.o
 .debug_rnglists
                0x0000010e       0x13 ./Core/Src/stm32f1xx_hal_msp.o
 .debug_rnglists
                0x00000121       0x5b ./Core/Src/stm32f1xx_it.o
 .debug_rnglists
                0x0000017c       0x1a ./Core/Src/system_stm32f1xx.o
 .debug_rnglists
                0x00000196       0x19 ./Core/Startup/startup_stm32f103zetx.o
 .debug_rnglists
                0x000001af       0xa3 ./Drivers/STM32F1xx_HAL_Driver/Src/stm32f1xx_hal.o
 .debug_rnglists
                0x00000252       0xbb ./Drivers/STM32F1xx_HAL_Driver/Src/stm32f1xx_hal_cortex.o
 .debug_rnglists
                0x0000030d       0x3f ./Drivers/STM32F1xx_HAL_Driver/Src/stm32f1xx_hal_gpio.o
 .debug_rnglists
                0x0000034c       0xf4 ./Drivers/STM32F1xx_HAL_Driver/Src/stm32f1xx_hal_pcd.o
 .debug_rnglists
                0x00000440       0x26 ./Drivers/STM32F1xx_HAL_Driver/Src/stm32f1xx_hal_pcd_ex.o
 .debug_rnglists
                0x00000466       0x6c ./Drivers/STM32F1xx_HAL_Driver/Src/stm32f1xx_hal_rcc.o
 .debug_rnglists
                0x000004d2       0x22 ./Drivers/STM32F1xx_HAL_Driver/Src/stm32f1xx_hal_rcc_ex.o
 .debug_rnglists
                0x000004f4       0xbd ./Drivers/STM32F1xx_HAL_Driver/Src/stm32f1xx_ll_usb.o
 .debug_rnglists
                0x000005b1       0x57 ./Middlewares/ST/STM32_USB_Device_Library/Class/CustomHID/Src/usbd_customhid.o
 .debug_rnglists
                0x00000608       0x89 ./Middlewares/ST/STM32_USB_Device_Library/Core/Src/usbd_core.o
 .debug_rnglists
                0x00000691       0x68 ./Middlewares/ST/STM32_USB_Device_Library/Core/Src/usbd_ctlreq.o
 .debug_rnglists
                0x000006f9       0x37 ./Middlewares/ST/STM32_USB_Device_Library/Core/Src/usbd_ioreq.o
 .debug_rnglists
                0x00000730       0x13 ./USB_DEVICE/App/usb_device.o
 .debug_rnglists
                0x00000743       0x1f ./USB_DEVICE/App/usbd_custom_hid_if.o
 .debug_rnglists
                0x00000762       0x43 ./USB_DEVICE/App/usbd_desc.o
 .debug_rnglists
                0x000007a5       0xce ./USB_DEVICE/Target/usbd_conf.o

.debug_macro    0x00000000    0x1dce2
 .debug_macro   0x00000000      0x3d1 ./Core/Src/app.o
 .debug_macro   0x000003d1      0xba4 ./Core/Src/app.o
 .debug_macro   0x00000f75      0x215 ./Core/Src/app.o
 .debug_macro   0x0000118a       0x2e ./Core/Src/app.o
 .debug_macro   0x000011b8       0x22 ./Core/Src/app.o
 .debug_macro   0x000011da       0x1c ./Core/Src/app.o
 .debug_macro   0x000011f6       0x22 ./Core/Src/app.o
 .debug_macro   0x00001218       0x8e ./Core/Src/app.o
 .debug_macro   0x000012a6       0x51 ./Core/Src/app.o
 .debug_macro   0x000012f7      0x103 ./Core/Src/app.o
 .debug_macro   0x000013fa       0x6a ./Core/Src/app.o
 .debug_macro   0x00001464      0x1df ./Core/Src/app.o
 .debug_macro   0x00001643       0x1c ./Core/Src/app.o
 .debug_macro   0x0000165f       0x22 ./Core/Src/app.o
 .debug_macro   0x00001681       0xbd ./Core/Src/app.o
 .debug_macro   0x0000173e      0xd23 ./Core/Src/app.o
 .debug_macro   0x00002461     0xfd8c ./Core/Src/app.o
 .debug_macro   0x000121ed       0x6d ./Core/Src/app.o
 .debug_macro   0x0001225a     0x34a2 ./Core/Src/app.o
 .debug_macro   0x000156fc      0x197 ./Core/Src/app.o
 .debug_macro   0x00015893       0x5c ./Core/Src/app.o
 .debug_macro   0x000158ef      0x5bc ./Core/Src/app.o
 .debug_macro   0x00015eab      0x4d5 ./Core/Src/app.o
 .debug_macro   0x00016380      0x1cb ./Core/Src/app.o
 .debug_macro   0x0001654b      0x114 ./Core/Src/app.o
 .debug_macro   0x0001665f      0x1ea ./Core/Src/app.o
 .debug_macro   0x00016849       0x27 ./Core/Src/app.o
 .debug_macro   0x00016870      0x144 ./Core/Src/app.o
 .debug_macro   0x000169b4      0x1bc ./Core/Src/app.o
 .debug_macro   0x00016b70       0x30 ./Core/Src/app.o
 .debug_macro   0x00016ba0       0x3c ./Core/Src/app.o
 .debug_macro   0x00016bdc       0x57 ./Core/Src/app.o
 .debug_macro   0x00016c33       0x87 ./Core/Src/app.o
 .debug_macro   0x00016cba      0x24f ./Core/Src/app.o
 .debug_macro   0x00016f09      0x140 ./Core/Src/app.o
 .debug_macro   0x00017049       0xb7 ./Core/Src/app.o
 .debug_macro   0x00017100      0x242 ./Core/Src/app.o
 .debug_macro   0x00017342       0xb5 ./Core/Src/app.o
 .debug_macro   0x000173f7       0x17 ./Core/Src/app.o
 .debug_macro   0x0001740e       0x61 ./Core/Src/app.o
 .debug_macro   0x0001746f       0x24 ./Core/Src/app.o
 .debug_macro   0x00017493       0x43 ./Core/Src/app.o
 .debug_macro   0x000174d6       0x34 ./Core/Src/app.o
 .debug_macro   0x0001750a       0x16 ./Core/Src/app.o
 .debug_macro   0x00017520       0x3c ./Core/Src/app.o
 .debug_macro   0x0001755c      0x38c ./Core/Src/app.o
 .debug_macro   0x000178e8       0x10 ./Core/Src/app.o
 .debug_macro   0x000178f8       0x16 ./Core/Src/app.o
 .debug_macro   0x0001790e       0x4a ./Core/Src/app.o
 .debug_macro   0x00017958       0x34 ./Core/Src/app.o
 .debug_macro   0x0001798c       0x10 ./Core/Src/app.o
 .debug_macro   0x0001799c       0x58 ./Core/Src/app.o
 .debug_macro   0x000179f4       0x8e ./Core/Src/app.o
 .debug_macro   0x00017a82       0x16 ./Core/Src/app.o
 .debug_macro   0x00017a98      0x185 ./Core/Src/app.o
 .debug_macro   0x00017c1d       0x16 ./Core/Src/app.o
 .debug_macro   0x00017c33       0x16 ./Core/Src/app.o
 .debug_macro   0x00017c49      0x138 ./Core/Src/app.o
 .debug_macro   0x00017d81      0x1f2 ./Core/Src/app.o
 .debug_macro   0x00017f73       0x10 ./Core/Src/app.o
 .debug_macro   0x00017f83      0x409 ./Core/Src/app.o
 .debug_macro   0x0001838c       0x10 ./Core/Src/app.o
 .debug_macro   0x0001839c       0x16 ./Core/Src/app.o
 .debug_macro   0x000183b2       0x16 ./Core/Src/app.o
 .debug_macro   0x000183c8       0x29 ./Core/Src/app.o
 .debug_macro   0x000183f1       0x1c ./Core/Src/app.o
 .debug_macro   0x0001840d       0xde ./Core/Src/app.o
 .debug_macro   0x000184eb       0x16 ./Core/Src/app.o
 .debug_macro   0x00018501       0x20 ./Core/Src/app.o
 .debug_macro   0x00018521       0x6c ./Core/Src/app.o
 .debug_macro   0x0001858d      0x1c8 ./Core/Src/app.o
 .debug_macro   0x00018755       0x65 ./Core/Src/app.o
 .debug_macro   0x000187ba      0x1bc ./Core/Src/gpio.o
 .debug_macro   0x00018976      0xacc ./Core/Src/gpio.o
 .debug_macro   0x00019442      0xd23 ./Core/Src/gpio.o
 .debug_macro   0x0001a165      0x190 ./Core/Src/gpio.o
 .debug_macro   0x0001a2f5      0x324 ./Core/Src/main.o
 .debug_macro   0x0001a619       0x34 ./Core/Src/main.o
 .debug_macro   0x0001a64d       0x3c ./Core/Src/main.o
 .debug_macro   0x0001a689      0x370 ./Core/Src/main.o
 .debug_macro   0x0001a9f9       0x4a ./Core/Src/main.o
 .debug_macro   0x0001aa43       0x1c ./Core/Src/main.o
 .debug_macro   0x0001aa5f      0x146 ./Core/Src/main.o
 .debug_macro   0x0001aba5      0x1b2 ./Core/Src/stm32f1xx_hal_msp.o
 .debug_macro   0x0001ad57      0x1bc ./Core/Src/stm32f1xx_it.o
 .debug_macro   0x0001af13      0x1a8 ./Core/Src/system_stm32f1xx.o
 .debug_macro   0x0001b0bb      0x1cc ./Drivers/STM32F1xx_HAL_Driver/Src/stm32f1xx_hal.o
 .debug_macro   0x0001b287      0x1a8 ./Drivers/STM32F1xx_HAL_Driver/Src/stm32f1xx_hal_cortex.o
 .debug_macro   0x0001b42f      0x213 ./Drivers/STM32F1xx_HAL_Driver/Src/stm32f1xx_hal_gpio.o
 .debug_macro   0x0001b642      0x1b4 ./Drivers/STM32F1xx_HAL_Driver/Src/stm32f1xx_hal_pcd.o
 .debug_macro   0x0001b7f6      0x1a8 ./Drivers/STM32F1xx_HAL_Driver/Src/stm32f1xx_hal_pcd_ex.o
 .debug_macro   0x0001b99e      0x1ba ./Drivers/STM32F1xx_HAL_Driver/Src/stm32f1xx_hal_rcc.o
 .debug_macro   0x0001bb58      0x1a8 ./Drivers/STM32F1xx_HAL_Driver/Src/stm32f1xx_hal_rcc_ex.o
 .debug_macro   0x0001bd00      0x1a8 ./Drivers/STM32F1xx_HAL_Driver/Src/stm32f1xx_ll_usb.o
 .debug_macro   0x0001bea8      0x341 ./Middlewares/ST/STM32_USB_Device_Library/Class/CustomHID/Src/usbd_customhid.o
 .debug_macro   0x0001c1e9       0x9e ./Middlewares/ST/STM32_USB_Device_Library/Class/CustomHID/Src/usbd_customhid.o
 .debug_macro   0x0001c287      0x112 ./Middlewares/ST/STM32_USB_Device_Library/Class/CustomHID/Src/usbd_customhid.o
 .debug_macro   0x0001c399       0x56 ./Middlewares/ST/STM32_USB_Device_Library/Class/CustomHID/Src/usbd_customhid.o
 .debug_macro   0x0001c3ef      0x328 ./Middlewares/ST/STM32_USB_Device_Library/Core/Src/usbd_core.o
 .debug_macro   0x0001c717      0x1ce ./Middlewares/ST/STM32_USB_Device_Library/Core/Src/usbd_core.o
 .debug_macro   0x0001c8e5      0x332 ./Middlewares/ST/STM32_USB_Device_Library/Core/Src/usbd_ctlreq.o
 .debug_macro   0x0001cc17      0x32e ./Middlewares/ST/STM32_USB_Device_Library/Core/Src/usbd_ioreq.o
 .debug_macro   0x0001cf45      0x368 ./USB_DEVICE/App/usb_device.o
 .debug_macro   0x0001d2ad       0x22 ./USB_DEVICE/App/usb_device.o
 .debug_macro   0x0001d2cf      0x347 ./USB_DEVICE/App/usbd_custom_hid_if.o
 .debug_macro   0x0001d616      0x365 ./USB_DEVICE/App/usbd_desc.o
 .debug_macro   0x0001d97b       0x1c ./USB_DEVICE/App/usbd_desc.o
 .debug_macro   0x0001d997      0x34b ./USB_DEVICE/Target/usbd_conf.o

.debug_line     0x00000000     0xffb5
 .debug_line    0x00000000     0x15e1 ./Core/Src/app.o
 .debug_line    0x000015e1      0x749 ./Core/Src/gpio.o
 .debug_line    0x00001d2a      0x9dc ./Core/Src/main.o
 .debug_line    0x00002706      0x6f7 ./Core/Src/stm32f1xx_hal_msp.o
 .debug_line    0x00002dfd      0x805 ./Core/Src/stm32f1xx_it.o
 .debug_line    0x00003602      0x775 ./Core/Src/system_stm32f1xx.o
 .debug_line    0x00003d77       0x79 ./Core/Startup/startup_stm32f103zetx.o
 .debug_line    0x00003df0      0x9a6 ./Drivers/STM32F1xx_HAL_Driver/Src/stm32f1xx_hal.o
 .debug_line    0x00004796      0xb70 ./Drivers/STM32F1xx_HAL_Driver/Src/stm32f1xx_hal_cortex.o
 .debug_line    0x00005306      0xa2b ./Drivers/STM32F1xx_HAL_Driver/Src/stm32f1xx_hal_gpio.o
 .debug_line    0x00005d31     0x132b ./Drivers/STM32F1xx_HAL_Driver/Src/stm32f1xx_hal_pcd.o
 .debug_line    0x0000705c      0x770 ./Drivers/STM32F1xx_HAL_Driver/Src/stm32f1xx_hal_pcd_ex.o
 .debug_line    0x000077cc      0xe5f ./Drivers/STM32F1xx_HAL_Driver/Src/stm32f1xx_hal_rcc.o
 .debug_line    0x0000862b      0x92a ./Drivers/STM32F1xx_HAL_Driver/Src/stm32f1xx_hal_rcc_ex.o
 .debug_line    0x00008f55     0x1116 ./Drivers/STM32F1xx_HAL_Driver/Src/stm32f1xx_ll_usb.o
 .debug_line    0x0000a06b      0xc54 ./Middlewares/ST/STM32_USB_Device_Library/Class/CustomHID/Src/usbd_customhid.o
 .debug_line    0x0000acbf      0xd53 ./Middlewares/ST/STM32_USB_Device_Library/Core/Src/usbd_core.o
 .debug_line    0x0000ba12      0xf9d ./Middlewares/ST/STM32_USB_Device_Library/Core/Src/usbd_ctlreq.o
 .debug_line    0x0000c9af      0xa09 ./Middlewares/ST/STM32_USB_Device_Library/Core/Src/usbd_ioreq.o
 .debug_line    0x0000d3b8      0x9ec ./USB_DEVICE/App/usb_device.o
 .debug_line    0x0000dda4      0x9d4 ./USB_DEVICE/App/usbd_custom_hid_if.o
 .debug_line    0x0000e778      0xa82 ./USB_DEVICE/App/usbd_desc.o
 .debug_line    0x0000f1fa      0xdbb ./USB_DEVICE/Target/usbd_conf.o

.debug_str      0x00000000    0x95dcf
 .debug_str     0x00000000    0x95dcf ./Core/Src/app.o
                              0x936b1 (size before relaxing)
 .debug_str     0x00095dcf    0x8bf41 ./Core/Src/gpio.o
 .debug_str     0x00095dcf    0x9009c ./Core/Src/main.o
 .debug_str     0x00095dcf    0x8bade ./Core/Src/stm32f1xx_hal_msp.o
 .debug_str     0x00095dcf    0x8bf09 ./Core/Src/stm32f1xx_it.o
 .debug_str     0x00095dcf    0x8bb09 ./Core/Src/system_stm32f1xx.o
 .debug_str     0x00095dcf       0x55 ./Core/Startup/startup_stm32f103zetx.o
 .debug_str     0x00095dcf    0x8c320 ./Drivers/STM32F1xx_HAL_Driver/Src/stm32f1xx_hal.o
 .debug_str     0x00095dcf    0x8c26c ./Drivers/STM32F1xx_HAL_Driver/Src/stm32f1xx_hal_cortex.o
 .debug_str     0x00095dcf    0x8be8f ./Drivers/STM32F1xx_HAL_Driver/Src/stm32f1xx_hal_gpio.o
 .debug_str     0x00095dcf    0x8c426 ./Drivers/STM32F1xx_HAL_Driver/Src/stm32f1xx_hal_pcd.o
 .debug_str     0x00095dcf    0x8bf88 ./Drivers/STM32F1xx_HAL_Driver/Src/stm32f1xx_hal_pcd_ex.o
 .debug_str     0x00095dcf    0x8bf38 ./Drivers/STM32F1xx_HAL_Driver/Src/stm32f1xx_hal_rcc.o
 .debug_str     0x00095dcf    0x8bcc6 ./Drivers/STM32F1xx_HAL_Driver/Src/stm32f1xx_hal_rcc_ex.o
 .debug_str     0x00095dcf    0x8bfda ./Drivers/STM32F1xx_HAL_Driver/Src/stm32f1xx_ll_usb.o
 .debug_str     0x00095dcf    0x9071c ./Middlewares/ST/STM32_USB_Device_Library/Class/CustomHID/Src/usbd_customhid.o
 .debug_str     0x00095dcf    0x903ee ./Middlewares/ST/STM32_USB_Device_Library/Core/Src/usbd_core.o
 .debug_str     0x00095dcf    0x90308 ./Middlewares/ST/STM32_USB_Device_Library/Core/Src/usbd_ctlreq.o
 .debug_str     0x00095dcf    0x90235 ./Middlewares/ST/STM32_USB_Device_Library/Core/Src/usbd_ioreq.o
 .debug_str     0x00095dcf    0x904dd ./USB_DEVICE/App/usb_device.o
 .debug_str     0x00095dcf    0x9007a ./USB_DEVICE/App/usbd_custom_hid_if.o
 .debug_str     0x00095dcf    0x90186 ./USB_DEVICE/App/usbd_desc.o
 .debug_str     0x00095dcf    0x91054 ./USB_DEVICE/Target/usbd_conf.o

.comment        0x00000000       0x43
 .comment       0x00000000       0x43 ./Core/Src/app.o
                                 0x44 (size before relaxing)
 .comment       0x00000043       0x44 ./Core/Src/gpio.o
 .comment       0x00000043       0x44 ./Core/Src/main.o
 .comment       0x00000043       0x44 ./Core/Src/stm32f1xx_hal_msp.o