Archive member included to satisfy reference by file (symbol)

D:/p/STM32CubeIDE_1.19.0/STM32CubeIDE/plugins/com.st.stm32cube.ide.mcu.externaltools.gnu-tools-for-stm32.13.3.rel1.win32_1.0.0.202411081344/tools/bin/../lib/gcc/arm-none-eabi/13.3.1/../../../../arm-none-eabi/lib/thumb/v7-m/nofp\libstdc++_nano.a(del_ops.o)
                              ./Core/Src/app.o (operator delete(void*, unsigned int))
D:/p/STM32CubeIDE_1.19.0/STM32CubeIDE/plugins/com.st.stm32cube.ide.mcu.externaltools.gnu-tools-for-stm32.13.3.rel1.win32_1.0.0.202411081344/tools/bin/../lib/gcc/arm-none-eabi/13.3.1/../../../../arm-none-eabi/lib/thumb/v7-m/nofp\libstdc++_nano.a(del_op.o)
                              D:/p/STM32CubeIDE_1.19.0/STM32CubeIDE/plugins/com.st.stm32cube.ide.mcu.externaltools.gnu-tools-for-stm32.13.3.rel1.win32_1.0.0.202411081344/tools/bin/../lib/gcc/arm-none-eabi/13.3.1/../../../../arm-none-eabi/lib/thumb/v7-m/nofp\libstdc++_nano.a(del_ops.o) (operator delete(void*))
D:/p/STM32CubeIDE_1.19.0/STM32CubeIDE/plugins/com.st.stm32cube.ide.mcu.externaltools.gnu-tools-for-stm32.13.3.rel1.win32_1.0.0.202411081344/tools/bin/../lib/gcc/arm-none-eabi/13.3.1/../../../../arm-none-eabi/lib/thumb/v7-m/nofp\libc_nano.a(libc_a-exit.o)
                              D:/p/STM32CubeIDE_1.19.0/STM32CubeIDE/plugins/com.st.stm32cube.ide.mcu.externaltools.gnu-tools-for-stm32.13.3.rel1.win32_1.0.0.202411081344/tools/bin/../lib/gcc/arm-none-eabi/13.3.1/../../../../arm-none-eabi/lib/thumb/v7-m/nofp/crt0.o (exit)
D:/p/STM32CubeIDE_1.19.0/STM32CubeIDE/plugins/com.st.stm32cube.ide.mcu.externaltools.gnu-tools-for-stm32.13.3.rel1.win32_1.0.0.202411081344/tools/bin/../lib/gcc/arm-none-eabi/13.3.1/../../../../arm-none-eabi/lib/thumb/v7-m/nofp\libc_nano.a(libc_a-malloc.o)
                              D:/p/STM32CubeIDE_1.19.0/STM32CubeIDE/plugins/com.st.stm32cube.ide.mcu.externaltools.gnu-tools-for-stm32.13.3.rel1.win32_1.0.0.202411081344/tools/bin/../lib/gcc/arm-none-eabi/13.3.1/../../../../arm-none-eabi/lib/thumb/v7-m/nofp\libstdc++_nano.a(del_op.o) (free)
D:/p/STM32CubeIDE_1.19.0/STM32CubeIDE/plugins/com.st.stm32cube.ide.mcu.externaltools.gnu-tools-for-stm32.13.3.rel1.win32_1.0.0.202411081344/tools/bin/../lib/gcc/arm-none-eabi/13.3.1/../../../../arm-none-eabi/lib/thumb/v7-m/nofp\libc_nano.a(libc_a-mallocr.o)
                              D:/p/STM32CubeIDE_1.19.0/STM32CubeIDE/plugins/com.st.stm32cube.ide.mcu.externaltools.gnu-tools-for-stm32.13.3.rel1.win32_1.0.0.202411081344/tools/bin/../lib/gcc/arm-none-eabi/13.3.1/../../../../arm-none-eabi/lib/thumb/v7-m/nofp\libc_nano.a(libc_a-malloc.o) (_malloc_r)
D:/p/STM32CubeIDE_1.19.0/STM32CubeIDE/plugins/com.st.stm32cube.ide.mcu.externaltools.gnu-tools-for-stm32.13.3.rel1.win32_1.0.0.202411081344/tools/bin/../lib/gcc/arm-none-eabi/13.3.1/../../../../arm-none-eabi/lib/thumb/v7-m/nofp\libc_nano.a(libc_a-mlock.o)
                              D:/p/STM32CubeIDE_1.19.0/STM32CubeIDE/plugins/com.st.stm32cube.ide.mcu.externaltools.gnu-tools-for-stm32.13.3.rel1.win32_1.0.0.202411081344/tools/bin/../lib/gcc/arm-none-eabi/13.3.1/../../../../arm-none-eabi/lib/thumb/v7-m/nofp\libc_nano.a(libc_a-mallocr.o) (__malloc_lock)
D:/p/STM32CubeIDE_1.19.0/STM32CubeIDE/plugins/com.st.stm32cube.ide.mcu.externaltools.gnu-tools-for-stm32.13.3.rel1.win32_1.0.0.202411081344/tools/bin/../lib/gcc/arm-none-eabi/13.3.1/../../../../arm-none-eabi/lib/thumb/v7-m/nofp\libc_nano.a(libc_a-findfp.o)
                              D:/p/STM32CubeIDE_1.19.0/STM32CubeIDE/plugins/com.st.stm32cube.ide.mcu.externaltools.gnu-tools-for-stm32.13.3.rel1.win32_1.0.0.202411081344/tools/bin/../lib/gcc/arm-none-eabi/13.3.1/../../../../arm-none-eabi/lib/thumb/v7-m/nofp\libc_nano.a(libc_a-exit.o) (__stdio_exit_handler)
D:/p/STM32CubeIDE_1.19.0/STM32CubeIDE/plugins/com.st.stm32cube.ide.mcu.externaltools.gnu-tools-for-stm32.13.3.rel1.win32_1.0.0.202411081344/tools/bin/../lib/gcc/arm-none-eabi/13.3.1/../../../../arm-none-eabi/lib/thumb/v7-m/nofp\libc_nano.a(libc_a-fwalk.o)
                              D:/p/STM32CubeIDE_1.19.0/STM32CubeIDE/plugins/com.st.stm32cube.ide.mcu.externaltools.gnu-tools-for-stm32.13.3.rel1.win32_1.0.0.202411081344/tools/bin/../lib/gcc/arm-none-eabi/13.3.1/../../../../arm-none-eabi/lib/thumb/v7-m/nofp\libc_nano.a(libc_a-findfp.o) (_fwalk_sglue)
D:/p/STM32CubeIDE_1.19.0/STM32CubeIDE/plugins/com.st.stm32cube.ide.mcu.externaltools.gnu-tools-for-stm32.13.3.rel1.win32_1.0.0.202411081344/tools/bin/../lib/gcc/arm-none-eabi/13.3.1/../../../../arm-none-eabi/lib/thumb/v7-m/nofp\libc_nano.a(libc_a-stdio.o)
                              D:/p/STM32CubeIDE_1.19.0/STM32CubeIDE/plugins/com.st.stm32cube.ide.mcu.externaltools.gnu-tools-for-stm32.13.3.rel1.win32_1.0.0.202411081344/tools/bin/../lib/gcc/arm-none-eabi/13.3.1/../../../../arm-none-eabi/lib/thumb/v7-m/nofp\libc_nano.a(libc_a-findfp.o) (__sread)
[...]
Memory Configuration

Name             Origin             Length             Attributes
RAM              0x20000000         0x00010000         xrw
FLASH            0x08000000         0x00080000         xr
*default*        0x00000000         0xffffffff

Linker script and memory map

LOAD D:/p/STM32CubeIDE_1.19.0/STM32CubeIDE/plugins/com.st.stm32cube.ide.mcu.externaltools.gnu-tools-for-stm32.13.3.rel1.win32_1.0.0.202411081344/tools/bin/../lib/gcc/arm-none-eabi/13.3.1/thumb/v7-m/nofp/crti.o
LOAD D:/p/STM32CubeIDE_1.19.0/STM32CubeIDE/plugins/com.st.stm32cube.ide.mcu.externaltools.gnu-tools-for-stm32.13.3.rel1.win32_1.0.0.202411081344/tools/bin/../lib/gcc/arm-none-eabi/13.3.1/thumb/v7-m/nofp/crtbegin.o
LOAD D:/p/STM32CubeIDE_1.19.0/STM32CubeIDE/plugins/com.st.stm32cube.ide.mcu.externaltools.gnu-tools-for-stm32.13.3.rel1.win32_1.0.0.202411081344/tools/bin/../lib/gcc/arm-none-eabi/13.3.1/../../../../arm-none-eabi/lib/thumb/v7-m/nofp/crt0.o
LOAD ./Core/Src/app.o
LOAD ./Core/Src/gpio.o
LOAD ./Core/Src/main.o
LOAD ./Core/Src/stm32f1xx_hal_msp.o
LOAD ./Core/Src/stm32f1xx_it.o
LOAD ./Core/Src/syscalls.o
LOAD ./Core/Src/sysmem.o
LOAD ./Core/Src/system_stm32f1xx.o
LOAD ./Core/Startup/startup_stm32f103zetx.o
LOAD ./Drivers/STM32F1xx_HAL_Driver/Src/stm32f1xx_hal.o
LOAD ./Drivers/STM32F1xx_HAL_Driver/Src/stm32f1xx_hal_cortex.o
LOAD ./Drivers/STM32F1xx_HAL_Driver/Src/stm32f1xx_hal_dma.o
LOAD ./Drivers/STM32F1xx_HAL_Driver/Src/stm32f1xx_hal_exti.o
LOAD ./Drivers/STM32F1xx_HAL_Driver/Src/stm32f1xx_hal_flash.o
LOAD ./Drivers/STM32F1xx_HAL_Driver/Src/stm32f1xx_hal_flash_ex.o
LOAD ./Drivers/STM32F1xx_HAL_Driver/Src/stm32f1xx_hal_gpio.o
LOAD ./Drivers/STM32F1xx_HAL_Driver/Src/stm32f1xx_hal_gpio_ex.o
LOAD ./Drivers/STM32F1xx_HAL_Driver/Src/stm32f1xx_hal_pcd.o
LOAD ./Drivers/STM32F1xx_HAL_Driver/Src/stm32f1xx_hal_pcd_ex.o
LOAD ./Drivers/STM32F1xx_HAL_Driver/Src/stm32f1xx_hal_pwr.o
LOAD ./Drivers/STM32F1xx_HAL_Driver/Src/stm32f1xx_hal_rcc.o
LOAD ./Drivers/STM32F1xx_HAL_Driver/Src/stm32f1xx_hal_rcc_ex.o
LOAD ./Drivers/STM32F1xx_HAL_Driver/Src/stm32f1xx_ll_usb.o
LOAD ./Middlewares/ST/STM32_USB_Device_Library/Class/CustomHID/Src/usbd_customhid.o
LOAD ./Middlewares/ST/STM32_USB_Device_Library/Core/Src/usbd_core.o
LOAD ./Middlewares/ST/STM32_USB_Device_Library/Core/Src/usbd_ctlreq.o
LOAD ./Middlewares/ST/STM32_USB_Device_Library/Core/Src/usbd_ioreq.o
LOAD ./USB_DEVICE/App/usb_device.o
LOAD ./USB_DEVICE/App/usbd_custom_hid_if.o
LOAD ./USB_DEVICE/App/usbd_desc.o
LOAD ./USB_DEVICE/Target/usbd_conf.o
START GROUP
LOAD D:/p/STM32CubeIDE_1.19.0/STM32CubeIDE/plugins/com.st.stm32cube.ide.mcu.externaltools.gnu-tools-for-stm32.13.3.rel1.win32_1.0.0.202411081344/tools/bin/../lib/gcc/arm-none-eabi/13.3.1/../../../../arm-none-eabi/lib/thumb/v7-m/nofp\libstdc++_nano.a
LOAD D:/p/STM32CubeIDE_1.19.0/STM32CubeIDE/plugins/com.st.stm32cube.ide.mcu.externaltools.gnu-tools-for-stm32.13.3.rel1.win32_1.0.0.202411081344/tools/bin/../lib/gcc/arm-none-eabi/13.3.1/../../../../arm-none-eabi/lib/thumb/v7-m/nofp\libsupc++_nano.a
END GROUP
LOAD D:/p/STM32CubeIDE_1.19.0/STM32CubeIDE/plugins/com.st.stm32cube.ide.mcu.externaltools.gnu-tools-for-stm32.13.3.rel1.win32_1.0.0.202411081344/tools/bin/../lib/gcc/arm-none-eabi/13.3.1/../../../../arm-none-eabi/lib/thumb/v7-m/nofp\libstdc++_nano.a
LOAD D:/p/STM32CubeIDE_1.19.0/STM32CubeIDE/plugins/com.st.stm32cube.ide.mcu.externaltools.gnu-tools-for-stm32.13.3.rel1.win32_1.0.0.202411081344/tools/bin/../lib/gcc/arm-none-eabi/13.3.1/../../../../arm-none-eabi/lib/thumb/v7-m/nofp\libm.a
LOAD D:/p/STM32CubeIDE_1.19.0/STM32CubeIDE/plugins/com.st.stm32cube.ide.mcu.externaltools.gnu-tools-for-stm32.13.3.rel1.win32_1.0.0.202411081344/tools/bin/../lib/gcc/arm-none-eabi/13.3.1/../../../../arm-none-eabi/lib/thumb/v7-m/nofp\libc_nano.a
START GROUP
LOAD D:/p/STM32CubeIDE_1.19.0/STM32CubeIDE/plugins/com.st.stm32cube.ide.mcu.externaltools.gnu-tools-for-stm32.13.3.rel1.win32_1.0.0.202411081344/tools/bin/../lib/gcc/arm-none-eabi/13.3.1/thumb/v7-m/nofp\libgcc.a
LOAD D:/p/STM32CubeIDE_1.19.0/STM32CubeIDE/plugins/com.st.stm32cube.ide.mcu.externaltools.gnu-tools-for-stm32.13.3.rel1.win32_1.0.0.202411081344/tools/bin/../lib/gcc/arm-none-eabi/13.3.1/../../../../arm-none-eabi/lib/thumb/v7-m/nofp\libc_nano.a
END GROUP
START GROUP
LOAD D:/p/STM32CubeIDE_1.19.0/STM32CubeIDE/plugins/com.st.stm32cube.ide.mcu.externaltools.gnu-tools-for-stm32.13.3.rel1.win32_1.0.0.202411081344/tools/bin/../lib/gcc/arm-none-eabi/13.3.1/thumb/v7-m/nofp\libgcc.a
LOAD D:/p/STM32CubeIDE_1.19.0/STM32CubeIDE/plugins/com.st.stm32cube.ide.mcu.externaltools.gnu-tools-for-stm32.13.3.rel1.win32_1.0.0.202411081344/tools/bin/../lib/gcc/arm-none-eabi/13.3.1/../../../../arm-none-eabi/lib/thumb/v7-m/nofp\libc_nano.a
LOAD D:/p/STM32CubeIDE_1.19.0/STM32CubeIDE/plugins/com.st.stm32cube.ide.mcu.externaltools.gnu-tools-for-stm32.13.3.rel1.win32_1.0.0.202411081344/tools/bin/../lib/gcc/arm-none-eabi/13.3.1/../../../../arm-none-eabi/lib/thumb/v7-m/nofp\libnosys.a
END GROUP
START GROUP
LOAD D:/p/STM32CubeIDE_1.19.0/STM32CubeIDE/plugins/com.st.stm32cube.ide.mcu.externaltools.gnu-tools-for-stm32.13.3.rel1.win32_1.0.0.202411081344/tools/bin/../lib/gcc/arm-none-eabi/13.3.1/thumb/v7-m/nofp\libgcc.a
LOAD D:/p/STM32CubeIDE_1.19.0/STM32CubeIDE/plugins/com.st.stm32cube.ide.mcu.externaltools.gnu-tools-for-stm32.13.3.rel1.win32_1.0.0.202411081344/tools/bin/../lib/gcc/arm-none-eabi/13.3.1/../../../../arm-none-eabi/lib/thumb/v7-m/nofp\libc_nano.a
LOAD D:/p/STM32CubeIDE_1.19.0/STM32CubeIDE/plugins/com.st.stm32cube.ide.mcu.externaltools.gnu-tools-for-stm32.13.3.rel1.win32_1.0.0.202411081344/tools/bin/../lib/gcc/arm-none-eabi/13.3.1/../../../../arm-none-eabi/lib/thumb/v7-m/nofp\libnosys.a
END GROUP
LOAD D:/p/STM32CubeIDE_1.19.0/STM32CubeIDE/plugins/com.st.stm32cube.ide.mcu.externaltools.gnu-tools-for-stm32.13.3.rel1.win32_1.0.0.202411081344/tools/bin/../lib/gcc/arm-none-eabi/13.3.1/thumb/v7-m/nofp/crtend.o
LOAD D:/p/STM32CubeIDE_1.19.0/STM32CubeIDE/plugins/com.st.stm32cube.ide.mcu.externaltools.gnu-tools-for-stm32.13.3.rel1.win32_1.0.0.202411081344/tools/bin/../lib/gcc/arm-none-eabi/13.3.1/thumb/v7-m/nofp/crtn.o
                0x20010000                        _estack = (ORIGIN (RAM) + LENGTH (RAM))
                0x00000200                        _Min_Heap_Size = 0x200
                0x00000400                        _Min_Stack_Size = 0x400

.isr_vector     0x08000000      0x1e4
                0x08000000                        . = ALIGN (0x4)
 *(.isr_vector)
 .isr_vector    0x08000000      0x1e4 ./Core/Startup/startup_stm32f103zetx.o
                0x08000000                g_pfnVectors
                0x080001e4                        . = ALIGN (0x4)

.text           0x080001e4     0x8b78
                0x080001e4                        . = ALIGN (0x4)
 *(.text)
 .text          0x080001e4       0x40 D:/p/STM32CubeIDE_1.19.0/STM32CubeIDE/plugins/com.st.stm32cube.ide.mcu.externaltools.gnu-tools-for-stm32.13.3.rel1.win32_1.0.0.202411081344/tools/bin/../lib/gcc/arm-none-eabi/13.3.1/thumb/v7-m/nofp/crtbegin.o
 .text          0x08000224      0x21c D:/p/STM32CubeIDE_1.19.0/STM32CubeIDE/plugins/com.st.stm32cube.ide.mcu.externaltools.gnu-tools-for-stm32.13.3.rel1.win32_1.0.0.202411081344/tools/bin/../lib/gcc/arm-none-eabi/13.3.1/thumb/v7-m/nofp\libgcc.a(_arm_addsubsf3.o)
                0x08000224                __aeabi_frsub
                0x0800022c                __subsf3
                0x0800022c                __aeabi_fsub
                0x08000230                __aeabi_fadd
                0x08000230                __addsf3
                0x08000390                __aeabi_ui2f
                0x08000390                __floatunsisf
                0x08000398                __aeabi_i2f
                0x08000398                __floatsisf
                0x080003b4                __aeabi_ul2f
                0x080003b4                __floatundisf
                0x080003c4                __aeabi_l2f
                0x080003c4                __floatdisf
 .text          0x08000440      0x2a0 D:/p/STM32CubeIDE_1.19.0/STM32CubeIDE/plugins/com.st.stm32cube.ide.mcu.externaltools.gnu-tools-for-stm32.13.3.rel1.win32_1.0.0.202411081344/tools/bin/../lib/gcc/arm-none-eabi/13.3.1/thumb/v7-m/nofp\libgcc.a(_arm_muldivsf3.o)
                0x08000440                __mulsf3
                0x08000440                __aeabi_fmul
                0x080005a8                __aeabi_fdiv
                0x080005a8                __divsf3
 .text          0x080006e0       0x4c D:/p/STM32CubeIDE_1.19.0/STM32CubeIDE/plugins/com.st.stm32cube.ide.mcu.externaltools.gnu-tools-for-stm32.13.3.rel1.win32_1.0.0.202411081344/tools/bin/../lib/gcc/arm-none-eabi/13.3.1/thumb/v7-m/nofp\libgcc.a(_arm_fixsfsi.o)
                0x080006e0                __aeabi_f2iz
                0x080006e0                __fixsfsi
 *(.text*)
 .text._ZN12EXTI_Manager11registerPinEtP13EXTI_Observer
                0x0800072c       0x68 ./Core/Src/app.o
                0x0800072c                EXTI_Manager::registerPin(unsigned short, EXTI_Observer*)
 .text._ZN12EXTI_Manager8dispatchEt
                0x08000794       0x58 ./Core/Src/app.o
                0x08000794                EXTI_Manager::dispatch(unsigned short)
 .text.HAL_GPIO_EXTI_Callback
                0x080007ec       0x4c ./Core/Src/app.o
                0x080007ec                HAL_GPIO_EXTI_Callback
 .text._ZN7GPIOPinC2EP12GPIO_TypeDeft
                0x08000838       0x26 ./Core/Src/app.o
                0x08000838                GPIOPin::GPIOPin(GPIO_TypeDef*, unsigned short)
                0x08000838                GPIOPin::GPIOPin(GPIO_TypeDef*, unsigned short)
 .text._ZNK7GPIOPin5writeEb
                0x0800085e       0x2e ./Core/Src/app.o
                0x0800085e                GPIOPin::write(bool) const
 .text._ZNK7GPIOPin4readEv
                0x0800088c       0x2c ./Core/Src/app.o
                0x0800088c                GPIOPin::read() const
 .text._ZN7GPIOPinaSEb
                0x080008b8       0x20 ./Core/Src/app.o
                0x080008b8                GPIOPin::operator=(bool)
 .text._ZNK7GPIOPin7setModeE8GPIOModem
                0x080008d8       0x94 ./Core/Src/app.o
                0x080008d8                GPIOPin::setMode(GPIOMode, unsigned long) const
 .text._ZN13EXTI_ObserverC2Ev
                0x0800096c       0x20 ./Core/Src/app.o
                0x0800096c                EXTI_Observer::EXTI_Observer()
                0x0800096c                EXTI_Observer::EXTI_Observer()
 .text._ZN13EXTI_ObserverD2Ev
                0x0800098c       0x20 ./Core/Src/app.o
                0x0800098c                EXTI_Observer::~EXTI_Observer()
                0x0800098c                EXTI_Observer::~EXTI_Observer()
 .text._ZN13EXTI_ObserverD0Ev
                0x080009ac       0x20 ./Core/Src/app.o
                0x080009ac                EXTI_Observer::~EXTI_Observer()
 .text._ZN6CS1237C2E7GPIOPinS0_
                0x080009cc       0x84 ./Core/Src/app.o
                0x080009cc                CS1237::CS1237(GPIOPin, GPIOPin)
                0x080009cc                CS1237::CS1237(GPIOPin, GPIOPin)
 .text._ZN6CS123719onExternalInterruptEv
                0x08000a50       0x74 ./Core/Src/app.o
                0x08000a50                CS1237::onExternalInterrupt()
 .text._ZN6CS123710syncConfigEv
                0x08000ac4       0x70 ./Core/Src/app.o
                0x08000ac4                CS1237::syncConfig()
 .text._ZN6CS123718ADCreadImmediatelyEv
                0x08000b34       0xa2 ./Core/Src/app.o
                0x08000b34                CS1237::ADCreadImmediately()
 .text._ZN6CS12378ReadByteEv
                0x08000bd6       0xc0 ./Core/Src/app.o
                0x08000bd6                CS1237::ReadByte()
 .text._ZN6CS12379WriteByteEh
                0x08000c96       0xb8 ./Core/Src/app.o
                0x08000c96                CS1237::WriteByte(unsigned char)
 .text._ZN6CS12375SCL_HEv
                0x08000d4e       0x1c ./Core/Src/app.o
                0x08000d4e                CS1237::SCL_H()
 .text._ZN6CS12375SCL_LEv
                0x08000d6a       0x1c ./Core/Src/app.o
                0x08000d6a                CS1237::SCL_L()
 .text._ZN6CS12375SDA_HEv
                0x08000d86       0x1c ./Core/Src/app.o
                0x08000d86                CS1237::SDA_H()
 .text._ZN6CS12375SDA_LEv
                0x08000da2       0x1c ./Core/Src/app.o
                0x08000da2                CS1237::SDA_L()
 .text._ZN6CS12377one_bitEv
                0x08000dbe       0x2c ./Core/Src/app.o
                0x08000dbe                CS1237::one_bit()
 *fill*         0x08000dea        0x2 
 .text._ZN6CS12378delay_usEm
                0x08000dec       0x58 ./Core/Src/app.o
                0x08000dec                CS1237::delay_us(unsigned long)
 .text._ZN11ZeroTrackerC2El
                0x08000e44       0x40 ./Core/Src/app.o
                0x08000e44                ZeroTracker::ZeroTracker(long)
                0x08000e44                ZeroTracker::ZeroTracker(long)
 .text._ZN11ZeroTracker6updateEl
                0x08000e84       0x6c ./Core/Src/app.o
                0x08000e84                ZeroTracker::update(long)
 .text.RealMain
                0x08000ef0      0x31c ./Core/Src/app.o
                0x08000ef0                RealMain
 .text._ZN6CS1237D2Ev
                0x0800120c       0x24 ./Core/Src/app.o
                0x0800120c                CS1237::~CS1237()
                0x0800120c                CS1237::~CS1237()
 .text._ZN6CS1237D0Ev
                0x08001230       0x20 ./Core/Src/app.o
                0x08001230                CS1237::~CS1237()
 .text._Z41__static_initialization_and_destruction_0v
                0x08001250      0x71c ./Core/Src/app.o
 .text._Z41__static_initialization_and_destruction_1v
                0x0800196c       0x28 ./Core/Src/app.o
 .text._GLOBAL__sub_I_irq_cycles
                0x08001994        0xa ./Core/Src/app.o
 .text._GLOBAL__sub_D_irq_cycles
                0x0800199e        0xa ./Core/Src/app.o
 .text.MX_GPIO_Init
                0x080019a8       0xf0 ./Core/Src/gpio.o
                0x080019a8                MX_GPIO_Init
 .text.delay_init
                0x08001a98       0x34 ./Core/Src/main.o
                0x08001a98                delay_init
 .text.main     0x08001acc       0x20 ./Core/Src/main.o
                0x08001acc                main
 .text.SystemClock_Config
                0x08001aec       0xb8 ./Core/Src/main.o
                0x08001aec                SystemClock_Config
 .text.Error_Handler
                0x08001ba4        0xc ./Core/Src/main.o
                0x08001ba4                Error_Handler
 .text.HAL_MspInit
                0x08001bb0       0x64 ./Core/Src/stm32f1xx_hal_msp.o
                0x08001bb0                HAL_MspInit
 .text.NMI_Handler
                0x08001c14        0x8 ./Core/Src/stm32f1xx_it.o
                0x08001c14                NMI_Handler
 .text.HardFault_Handler
                0x08001c1c        0x8 ./Core/Src/stm32f1xx_it.o
                0x08001c1c                HardFault_Handler
 .text.MemManage_Handler
                0x08001c24        0x8 ./Core/Src/stm32f1xx_it.o
                0x08001c24                MemManage_Handler
 .text.BusFault_Handler
                0x08001c2c        0x8 ./Core/Src/stm32f1xx_it.o
                0x08001c2c                BusFault_Handler
 .text.UsageFault_Handler
                0x08001c34        0x8 ./Core/Src/stm32f1xx_it.o
                0x08001c34                UsageFault_Handler
 .text.SVC_Handler
                0x08001c3c        0xc ./Core/Src/stm32f1xx_it.o
                0x08001c3c                SVC_Handler
 .text.DebugMon_Handler
                0x08001c48        0xc ./Core/Src/stm32f1xx_it.o
                0x08001c48                DebugMon_Handler
 .text.PendSV_Handler
                0x08001c54        0xc ./Core/Src/stm32f1xx_it.o
                0x08001c54                PendSV_Handler
 .text.SysTick_Handler
                0x08001c60        0xc ./Core/Src/stm32f1xx_it.o
                0x08001c60                SysTick_Handler
 .text.USB_LP_CAN1_RX0_IRQHandler
                0x08001c6c       0x14 ./Core/Src/stm32f1xx_it.o
                0x08001c6c                USB_LP_CAN1_RX0_IRQHandler
 .text.EXTI9_5_IRQHandler
                0x08001c80       0x1c ./Core/Src/stm32f1xx_it.o
                0x08001c80                EXTI9_5_IRQHandler
 .text.SystemInit
                0x08001c9c        0xc ./Core/Src/system_stm32f1xx.o
                0x08001c9c                SystemInit
 .text.Reset_Handler
                0x08001ca8       0x48 ./Core/Startup/startup_stm32f103zetx.o
                0x08001ca8                Reset_Handler
 .text.Default_Handler
                0x08001cf0        0x2 ./Core/Startup/startup_stm32f103zetx.o
                0x08001cf0                RTC_Alarm_IRQHandler
                0x08001cf0                EXTI2_IRQHandler
                0x08001cf0                TIM8_TRG_COM_IRQHandler
                0x08001cf0                TIM8_CC_IRQHandler
                0x08001cf0                TIM1_CC_IRQHandler
                0x08001cf0                TIM6_IRQHandler
                0x08001cf0                PVD_IRQHandler
                0x08001cf0                SDIO_IRQHandler
                0x08001cf0                EXTI3_IRQHandler
                0x08001cf0                EXTI0_IRQHandler
                0x08001cf0                I2C2_EV_IRQHandler
                0x08001cf0                ADC1_2_IRQHandler
                0x08001cf0                SPI1_IRQHandler
                0x08001cf0                TAMPER_IRQHandler
                0x08001cf0                TIM8_UP_IRQHandler
                0x08001cf0                DMA2_Channel2_IRQHandler
                0x08001cf0                DMA1_Channel4_IRQHandler
                0x08001cf0                USART3_IRQHandler
                0x08001cf0                RTC_IRQHandler
                0x08001cf0                DMA1_Channel7_IRQHandler
                0x08001cf0                CAN1_RX1_IRQHandler
                0x08001cf0                UART5_IRQHandler
                0x08001cf0                ADC3_IRQHandler
                0x08001cf0                TIM4_IRQHandler
                0x08001cf0                DMA2_Channel1_IRQHandler
                0x08001cf0                I2C1_EV_IRQHandler
                0x08001cf0                DMA1_Channel6_IRQHandler
                0x08001cf0                UART4_IRQHandler
                0x08001cf0                TIM3_IRQHandler
                0x08001cf0                RCC_IRQHandler
                0x08001cf0                TIM1_TRG_COM_IRQHandler
                0x08001cf0                DMA1_Channel1_IRQHandler
                0x08001cf0                Default_Handler
                0x08001cf0                EXTI15_10_IRQHandler
                0x08001cf0                TIM7_IRQHandler
                0x08001cf0                TIM5_IRQHandler
                0x08001cf0                SPI2_IRQHandler
                0x08001cf0                DMA1_Channel5_IRQHandler
                0x08001cf0                EXTI4_IRQHandler
                0x08001cf0                USB_HP_CAN1_TX_IRQHandler
                0x08001cf0                DMA1_Channel3_IRQHandler
                0x08001cf0                FSMC_IRQHandler
                0x08001cf0                TIM1_UP_IRQHandler
                0x08001cf0                WWDG_IRQHandler
                0x08001cf0                TIM2_IRQHandler
                0x08001cf0                TIM1_BRK_IRQHandler
                0x08001cf0                EXTI1_IRQHandler
                0x08001cf0                DMA2_Channel4_5_IRQHandler
                0x08001cf0                USART2_IRQHandler
                0x08001cf0                I2C2_ER_IRQHandler
                0x08001cf0                DMA1_Channel2_IRQHandler
                0x08001cf0                TIM8_BRK_IRQHandler
                0x08001cf0                CAN1_SCE_IRQHandler
                0x08001cf0                FLASH_IRQHandler
                0x08001cf0                USART1_IRQHandler
                0x08001cf0                SPI3_IRQHandler
                0x08001cf0                I2C1_ER_IRQHandler
                0x08001cf0                USBWakeUp_IRQHandler
                0x08001cf0                DMA2_Channel3_IRQHandler
 *fill*         0x08001cf2        0x2 
 .text.HAL_Init
                0x08001cf4       0x2c ./Drivers/STM32F1xx_HAL_Driver/Src/stm32f1xx_hal.o
                0x08001cf4                HAL_Init
 .text.HAL_InitTick
                0x08001d20       0x60 ./Drivers/STM32F1xx_HAL_Driver/Src/stm32f1xx_hal.o
                0x08001d20                HAL_InitTick
 .text.HAL_IncTick
                0x08001d80       0x24 ./Drivers/STM32F1xx_HAL_Driver/Src/stm32f1xx_hal.o
                0x08001d80                HAL_IncTick
 .text.HAL_GetTick
                0x08001da4       0x14 ./Drivers/STM32F1xx_HAL_Driver/Src/stm32f1xx_hal.o
                0x08001da4                HAL_GetTick
 .text.HAL_Delay
                0x08001db8       0x48 ./Drivers/STM32F1xx_HAL_Driver/Src/stm32f1xx_hal.o
                0x08001db8                HAL_Delay
 .text.__NVIC_SetPriorityGrouping
                0x08001e00       0x48 ./Drivers/STM32F1xx_HAL_Driver/Src/stm32f1xx_hal_cortex.o
 .text.__NVIC_GetPriorityGrouping
                0x08001e48       0x1c ./Drivers/STM32F1xx_HAL_Driver/Src/stm32f1xx_hal_cortex.o
 .text.__NVIC_EnableIRQ
                0x08001e64       0x38 ./Drivers/STM32F1xx_HAL_Driver/Src/stm32f1xx_hal_cortex.o
 .text.__NVIC_SetPriority
                0x08001e9c       0x54 ./Drivers/STM32F1xx_HAL_Driver/Src/stm32f1xx_hal_cortex.o
 .text.NVIC_EncodePriority
                0x08001ef0       0x64 ./Drivers/STM32F1xx_HAL_Driver/Src/stm32f1xx_hal_cortex.o
 .text.SysTick_Config
                0x08001f54       0x44 ./Drivers/STM32F1xx_HAL_Driver/Src/stm32f1xx_hal_cortex.o
 .text.HAL_NVIC_SetPriorityGrouping
                0x08001f98       0x16 ./Drivers/STM32F1xx_HAL_Driver/Src/stm32f1xx_hal_cortex.o
                0x08001f98                HAL_NVIC_SetPriorityGrouping
 .text.HAL_NVIC_SetPriority
                0x08001fae       0x38 ./Drivers/STM32F1xx_HAL_Driver/Src/stm32f1xx_hal_cortex.o
                0x08001fae                HAL_NVIC_SetPriority
 .text.HAL_NVIC_EnableIRQ
                0x08001fe6       0x1c ./Drivers/STM32F1xx_HAL_Driver/Src/stm32f1xx_hal_cortex.o
                0x08001fe6                HAL_NVIC_EnableIRQ
 .text.HAL_SYSTICK_Config
                0x08002002       0x18 ./Drivers/STM32F1xx_HAL_Driver/Src/stm32f1xx_hal_cortex.o
                0x08002002                HAL_SYSTICK_Config
 *fill*         0x0800201a        0x2 
 .text.HAL_GPIO_Init
                0x0800201c      0x328 ./Drivers/STM32F1xx_HAL_Driver/Src/stm32f1xx_hal_gpio.o
                0x0800201c                HAL_GPIO_Init
 .text.HAL_GPIO_ReadPin
                0x08002344       0x2e ./Drivers/STM32F1xx_HAL_Driver/Src/stm32f1xx_hal_gpio.o
                0x08002344                HAL_GPIO_ReadPin
 .text.HAL_GPIO_WritePin
                0x08002372       0x30 ./Drivers/STM32F1xx_HAL_Driver/Src/stm32f1xx_hal_gpio.o
                0x08002372                HAL_GPIO_WritePin
 *fill*         0x080023a2        0x2 
 .text.HAL_GPIO_EXTI_IRQHandler
                0x080023a4       0x30 ./Drivers/STM32F1xx_HAL_Driver/Src/stm32f1xx_hal_gpio.o
                0x080023a4                HAL_GPIO_EXTI_IRQHandler
 .text.HAL_PCD_Init
                0x080023d4      0x1ec ./Drivers/STM32F1xx_HAL_Driver/Src/stm32f1xx_hal_pcd.o
                0x080023d4                HAL_PCD_Init
 .text.HAL_PCD_Start
                0x080025c0       0x4c ./Drivers/STM32F1xx_HAL_Driver/Src/stm32f1xx_hal_pcd.o
                0x080025c0                HAL_PCD_Start
 .text.HAL_PCD_IRQHandler
                0x0800260c      0x260 ./Drivers/STM32F1xx_HAL_Driver/Src/stm32f1xx_hal_pcd.o
                0x0800260c                HAL_PCD_IRQHandler
 .text.HAL_PCD_SetAddress
                0x0800286c       0x48 ./Drivers/STM32F1xx_HAL_Driver/Src/stm32f1xx_hal_pcd.o
                0x0800286c                HAL_PCD_SetAddress
 .text.HAL_PCD_EP_Open
                0x080028b4       0xba ./Drivers/STM32F1xx_HAL_Driver/Src/stm32f1xx_hal_pcd.o
                0x080028b4                HAL_PCD_EP_Open
 .text.HAL_PCD_EP_Close
                0x0800296e       0x90 ./Drivers/STM32F1xx_HAL_Driver/Src/stm32f1xx_hal_pcd.o
                0x0800296e                HAL_PCD_EP_Close
 .text.HAL_PCD_EP_Receive
                0x080029fe       0x62 ./Drivers/STM32F1xx_HAL_Driver/Src/stm32f1xx_hal_pcd.o
                0x080029fe                HAL_PCD_EP_Receive
 .text.HAL_PCD_EP_Transmit
                0x08002a60       0x6e ./Drivers/STM32F1xx_HAL_Driver/Src/stm32f1xx_hal_pcd.o
                0x08002a60                HAL_PCD_EP_Transmit
 .text.HAL_PCD_EP_SetStall
                0x08002ace       0xc0 ./Drivers/STM32F1xx_HAL_Driver/Src/stm32f1xx_hal_pcd.o
                0x08002ace                HAL_PCD_EP_SetStall
 .text.HAL_PCD_EP_ClrStall
                0x08002b8e       0xa8 ./Drivers/STM32F1xx_HAL_Driver/Src/stm32f1xx_hal_pcd.o
                0x08002b8e                HAL_PCD_EP_ClrStall
 .text.PCD_EP_ISR_Handler
                0x08002c36      0x79e ./Drivers/STM32F1xx_HAL_Driver/Src/stm32f1xx_hal_pcd.o
 .text.HAL_PCD_EP_DB_Receive
                0x080033d4      0x21a ./Drivers/STM32F1xx_HAL_Driver/Src/stm32f1xx_hal_pcd.o
 .text.HAL_PCD_EP_DB_Transmit
                0x080035ee      0x7f4 ./Drivers/STM32F1xx_HAL_Driver/Src/stm32f1xx_hal_pcd.o
 .text.HAL_PCDEx_PMAConfig
                0x08003de2       0x84 ./Drivers/STM32F1xx_HAL_Driver/Src/stm32f1xx_hal_pcd_ex.o
                0x08003de2                HAL_PCDEx_PMAConfig
 *fill*         0x08003e66        0x2 
 .text.HAL_RCC_OscConfig
                0x08003e68      0x504 ./Drivers/STM32F1xx_HAL_Driver/Src/stm32f1xx_hal_rcc.o
                0x08003e68                HAL_RCC_OscConfig
 .text.HAL_RCC_ClockConfig
                0x0800436c      0x1d4 ./Drivers/STM32F1xx_HAL_Driver/Src/stm32f1xx_hal_rcc.o
                0x0800436c                HAL_RCC_ClockConfig
 .text.HAL_RCC_GetSysClockFreq
                0x08004540       0xa8 ./Drivers/STM32F1xx_HAL_Driver/Src/stm32f1xx_hal_rcc.o
                0x08004540                HAL_RCC_GetSysClockFreq
 .text.RCC_Delay
                0x080045e8       0x3c ./Drivers/STM32F1xx_HAL_Driver/Src/stm32f1xx_hal_rcc.o
 .text.HAL_RCCEx_PeriphCLKConfig
                0x08004624      0x16c ./Drivers/STM32F1xx_HAL_Driver/Src/stm32f1xx_hal_rcc_ex.o
                0x08004624                HAL_RCCEx_PeriphCLKConfig
 .text.USB_CoreInit
                0x08004790       0x1a ./Drivers/STM32F1xx_HAL_Driver/Src/stm32f1xx_ll_usb.o
                0x08004790                USB_CoreInit
 .text.USB_EnableGlobalInt
                0x080047aa       0x2c ./Drivers/STM32F1xx_HAL_Driver/Src/stm32f1xx_ll_usb.o
                0x080047aa                USB_EnableGlobalInt
 .text.USB_DisableGlobalInt
                0x080047d6       0x34 ./Drivers/STM32F1xx_HAL_Driver/Src/stm32f1xx_ll_usb.o
                0x080047d6                USB_DisableGlobalInt
 .text.USB_SetCurrentMode
                0x0800480a       0x18 ./Drivers/STM32F1xx_HAL_Driver/Src/stm32f1xx_ll_usb.o
                0x0800480a                USB_SetCurrentMode
 .text.USB_DevInit
                0x08004822       0x3a ./Drivers/STM32F1xx_HAL_Driver/Src/stm32f1xx_ll_usb.o
                0x08004822                USB_DevInit
 .text.USB_ActivateEndpoint
                0x0800485c      0x780 ./Drivers/STM32F1xx_HAL_Driver/Src/stm32f1xx_ll_usb.o
                0x0800485c                USB_ActivateEndpoint
 .text.USB_DeactivateEndpoint
                0x08004fdc      0x3d8 ./Drivers/STM32F1xx_HAL_Driver/Src/stm32f1xx_ll_usb.o
                0x08004fdc                USB_DeactivateEndpoint
 .text.USB_EPStartXfer
                0x080053b4     0x1762 ./Drivers/STM32F1xx_HAL_Driver/Src/stm32f1xx_ll_usb.o
                0x080053b4                USB_EPStartXfer
 .text.USB_EPSetStall
                0x08006b16       0xa0 ./Drivers/STM32F1xx_HAL_Driver/Src/stm32f1xx_ll_usb.o
                0x08006b16                USB_EPSetStall
 .text.USB_EPClearStall
                0x08006bb6      0x15a ./Drivers/STM32F1xx_HAL_Driver/Src/stm32f1xx_ll_usb.o
                0x08006bb6                USB_EPClearStall
 .text.USB_SetDevAddress
                0x08006d10       0x26 ./Drivers/STM32F1xx_HAL_Driver/Src/stm32f1xx_ll_usb.o
                0x08006d10                USB_SetDevAddress
 .text.USB_DevConnect
                0x08006d36       0x14 ./Drivers/STM32F1xx_HAL_Driver/Src/stm32f1xx_ll_usb.o
                0x08006d36                USB_DevConnect
 .text.USB_DevDisconnect
                0x08006d4a       0x14 ./Drivers/STM32F1xx_HAL_Driver/Src/stm32f1xx_ll_usb.o
                0x08006d4a                USB_DevDisconnect
 .text.USB_ReadInterrupts
                0x08006d5e       0x1e ./Drivers/STM32F1xx_HAL_Driver/Src/stm32f1xx_ll_usb.o
                0x08006d5e                USB_ReadInterrupts
 .text.USB_EP0_OutStart
                0x08006d7c       0x16 ./Drivers/STM32F1xx_HAL_Driver/Src/stm32f1xx_ll_usb.o
                0x08006d7c                USB_EP0_OutStart
 .text.USB_WritePMA
                0x08006d92       0x8c ./Drivers/STM32F1xx_HAL_Driver/Src/stm32f1xx_ll_usb.o
                0x08006d92                USB_WritePMA
 .text.USB_ReadPMA
                0x08006e1e       0x9e ./Drivers/STM32F1xx_HAL_Driver/Src/stm32f1xx_ll_usb.o
                0x08006e1e                USB_ReadPMA
 .text.USBD_CUSTOM_HID_Init
                0x08006ebc       0x82 ./Middlewares/ST/STM32_USB_Device_Library/Class/CustomHID/Src/usbd_customhid.o
 .text.USBD_CUSTOM_HID_DeInit
                0x08006f3e       0x5c ./Middlewares/ST/STM32_USB_Device_Library/Class/CustomHID/Src/usbd_customhid.o
 *fill*         0x08006f9a        0x2 
 .text.USBD_CUSTOM_HID_Setup
                0x08006f9c      0x200 ./Middlewares/ST/STM32_USB_Device_Library/Class/CustomHID/Src/usbd_customhid.o
 .text.USBD_CUSTOM_HID_SendReport
                0x0800719c       0x4a ./Middlewares/ST/STM32_USB_Device_Library/Class/CustomHID/Src/usbd_customhid.o
                0x0800719c                USBD_CUSTOM_HID_SendReport
 *fill*         0x080071e6        0x2 
 .text.USBD_CUSTOM_HID_GetFSCfgDesc
                0x080071e8       0x20 ./Middlewares/ST/STM32_USB_Device_Library/Class/CustomHID/Src/usbd_customhid.o
 .text.USBD_CUSTOM_HID_GetHSCfgDesc
                0x08007208       0x20 ./Middlewares/ST/STM32_USB_Device_Library/Class/CustomHID/Src/usbd_customhid.o
 .text.USBD_CUSTOM_HID_GetOtherSpeedCfgDesc
                0x08007228       0x20 ./Middlewares/ST/STM32_USB_Device_Library/Class/CustomHID/Src/usbd_customhid.o
 .text.USBD_CUSTOM_HID_DataIn
                0x08007248       0x22 ./Middlewares/ST/STM32_USB_Device_Library/Class/CustomHID/Src/usbd_customhid.o
 .text.USBD_CUSTOM_HID_DataOut
                0x0800726a       0x3e ./Middlewares/ST/STM32_USB_Device_Library/Class/CustomHID/Src/usbd_customhid.o
 .text.USBD_CUSTOM_HID_EP0_RxReady
                0x080072a8       0x3c ./Middlewares/ST/STM32_USB_Device_Library/Class/CustomHID/Src/usbd_customhid.o
 .text.USBD_CUSTOM_HID_GetDeviceQualifierDesc
                0x080072e4       0x20 ./Middlewares/ST/STM32_USB_Device_Library/Class/CustomHID/Src/usbd_customhid.o
 .text.USBD_CUSTOM_HID_RegisterInterface
                0x08007304       0x2c ./Middlewares/ST/STM32_USB_Device_Library/Class/CustomHID/Src/usbd_customhid.o
                0x08007304                USBD_CUSTOM_HID_RegisterInterface
 .text.USBD_Init
                0x08007330       0x56 ./Middlewares/ST/STM32_USB_Device_Library/Core/Src/usbd_core.o
                0x08007330                USBD_Init
 .text.USBD_RegisterClass
                0x08007386       0x32 ./Middlewares/ST/STM32_USB_Device_Library/Core/Src/usbd_core.o
                0x08007386                USBD_RegisterClass
 .text.USBD_Start
                0x080073b8       0x18 ./Middlewares/ST/STM32_USB_Device_Library/Core/Src/usbd_core.o
                0x080073b8                USBD_Start
 .text.USBD_RunTestMode
                0x080073d0       0x14 ./Middlewares/ST/STM32_USB_Device_Library/Core/Src/usbd_core.o
                0x080073d0                USBD_RunTestMode
 .text.USBD_SetClassConfig
                0x080073e4       0x3e ./Middlewares/ST/STM32_USB_Device_Library/Core/Src/usbd_core.o
                0x080073e4                USBD_SetClassConfig
 .text.USBD_ClrClassConfig
                0x08007422       0x26 ./Middlewares/ST/STM32_USB_Device_Library/Core/Src/usbd_core.o
                0x08007422                USBD_ClrClassConfig
 .text.USBD_LL_SetupStage
                0x08007448       0x9a ./Middlewares/ST/STM32_USB_Device_Library/Core/Src/usbd_core.o
                0x08007448                USBD_LL_SetupStage
 .text.USBD_LL_DataOutStage
                0x080074e2       0xe2 ./Middlewares/ST/STM32_USB_Device_Library/Core/Src/usbd_core.o
                0x080074e2                USBD_LL_DataOutStage
 .text.USBD_LL_DataInStage
                0x080075c4      0x14a ./Middlewares/ST/STM32_USB_Device_Library/Core/Src/usbd_core.o
                0x080075c4                USBD_LL_DataInStage
 .text.USBD_LL_Reset
                0x0800770e       0x82 ./Middlewares/ST/STM32_USB_Device_Library/Core/Src/usbd_core.o
                0x0800770e                USBD_LL_Reset
 .text.USBD_LL_SetSpeed
                0x08007790       0x1e ./Middlewares/ST/STM32_USB_Device_Library/Core/Src/usbd_core.o
                0x08007790                USBD_LL_SetSpeed
 .text.USBD_LL_Suspend
                0x080077ae       0x28 ./Middlewares/ST/STM32_USB_Device_Library/Core/Src/usbd_core.o
                0x080077ae                USBD_LL_Suspend
 .text.USBD_LL_Resume
                0x080077d6       0x2a ./Middlewares/ST/STM32_USB_Device_Library/Core/Src/usbd_core.o
                0x080077d6                USBD_LL_Resume
 .text.USBD_LL_SOF
                0x08007800       0x34 ./Middlewares/ST/STM32_USB_Device_Library/Core/Src/usbd_core.o
                0x08007800                USBD_LL_SOF
 .text.USBD_StdDevReq
                0x08007834       0xd4 ./Middlewares/ST/STM32_USB_Device_Library/Core/Src/usbd_ctlreq.o
                0x08007834                USBD_StdDevReq
 .text.USBD_StdItfReq
                0x08007908       0x90 ./Middlewares/ST/STM32_USB_Device_Library/Core/Src/usbd_ctlreq.o
                0x08007908                USBD_StdItfReq
 .text.USBD_StdEPReq
                0x08007998      0x2c6 ./Middlewares/ST/STM32_USB_Device_Library/Core/Src/usbd_ctlreq.o
                0x08007998                USBD_StdEPReq
 *fill*         0x08007c5e        0x2 
 .text.USBD_GetDescriptor
                0x08007c60      0x2d0 ./Middlewares/ST/STM32_USB_Device_Library/Core/Src/usbd_ctlreq.o
 .text.USBD_SetAddress
                0x08007f30       0x86 ./Middlewares/ST/STM32_USB_Device_Library/Core/Src/usbd_ctlreq.o
 *fill*         0x08007fb6        0x2 
 .text.USBD_SetConfig
                0x08007fb8      0x11c ./Middlewares/ST/STM32_USB_Device_Library/Core/Src/usbd_ctlreq.o
 .text.USBD_GetConfig
                0x080080d4       0x6a ./Middlewares/ST/STM32_USB_Device_Library/Core/Src/usbd_ctlreq.o
 .text.USBD_GetStatus
                0x0800813e       0x66 ./Middlewares/ST/STM32_USB_Device_Library/Core/Src/usbd_ctlreq.o
 .text.USBD_SetFeature
                0x080081a4       0x28 ./Middlewares/ST/STM32_USB_Device_Library/Core/Src/usbd_ctlreq.o
 .text.USBD_ClrFeature
                0x080081cc       0x42 ./Middlewares/ST/STM32_USB_Device_Library/Core/Src/usbd_ctlreq.o
 .text.USBD_ParseSetupRequest
                0x0800820e       0x72 ./Middlewares/ST/STM32_USB_Device_Library/Core/Src/usbd_ctlreq.o
                0x0800820e                USBD_ParseSetupRequest
 .text.USBD_CtlError
                0x08008280       0x22 ./Middlewares/ST/STM32_USB_Device_Library/Core/Src/usbd_ctlreq.o
                0x08008280                USBD_CtlError
 .text.USBD_GetString
                0x080082a2       0x84 ./Middlewares/ST/STM32_USB_Device_Library/Core/Src/usbd_ctlreq.o
                0x080082a2                USBD_GetString
 .text.USBD_GetLen
                0x08008326       0x2e ./Middlewares/ST/STM32_USB_Device_Library/Core/Src/usbd_ctlreq.o
 .text.USBD_CtlSendData
                0x08008354       0x38 ./Middlewares/ST/STM32_USB_Device_Library/Core/Src/usbd_ioreq.o
                0x08008354                USBD_CtlSendData
 .text.USBD_CtlContinueSendData
                0x0800838c       0x24 ./Middlewares/ST/STM32_USB_Device_Library/Core/Src/usbd_ioreq.o
                0x0800838c                USBD_CtlContinueSendData
 .text.USBD_CtlPrepareRx
                0x080083b0       0x3c ./Middlewares/ST/STM32_USB_Device_Library/Core/Src/usbd_ioreq.o
                0x080083b0                USBD_CtlPrepareRx
 .text.USBD_CtlContinueRx
                0x080083ec       0x24 ./Middlewares/ST/STM32_USB_Device_Library/Core/Src/usbd_ioreq.o
                0x080083ec                USBD_CtlContinueRx
 .text.USBD_CtlSendStatus
                0x08008410       0x26 ./Middlewares/ST/STM32_USB_Device_Library/Core/Src/usbd_ioreq.o
                0x08008410                USBD_CtlSendStatus
 .text.USBD_CtlReceiveStatus
                0x08008436       0x26 ./Middlewares/ST/STM32_USB_Device_Library/Core/Src/usbd_ioreq.o
                0x08008436                USBD_CtlReceiveStatus
 .text.MX_USB_DEVICE_Init
                0x0800845c       0x60 ./USB_DEVICE/App/usb_device.o
                0x0800845c                MX_USB_DEVICE_Init
 .text.CUSTOM_HID_Init_FS
                0x080084bc        0xe ./USB_DEVICE/App/usbd_custom_hid_if.o
 .text.CUSTOM_HID_DeInit_FS
                0x080084ca        0xe ./USB_DEVICE/App/usbd_custom_hid_if.o
 .text.CUSTOM_HID_OutEvent_FS
                0x080084d8       0x1c ./USB_DEVICE/App/usbd_custom_hid_if.o
 .text.USBD_FS_DeviceDescriptor
                0x080084f4       0x24 ./USB_DEVICE/App/usbd_desc.o
                0x080084f4                USBD_FS_DeviceDescriptor
 .text.USBD_FS_LangIDStrDescriptor
                0x08008518       0x24 ./USB_DEVICE/App/usbd_desc.o
                0x08008518                USBD_FS_LangIDStrDescriptor
 .text.USBD_FS_ProductStrDescriptor
                0x0800853c       0x3c ./USB_DEVICE/App/usbd_desc.o
                0x0800853c                USBD_FS_ProductStrDescriptor
 .text.USBD_FS_ManufacturerStrDescriptor
                0x08008578       0x28 ./USB_DEVICE/App/usbd_desc.o
                0x08008578                USBD_FS_ManufacturerStrDescriptor
 .text.USBD_FS_SerialStrDescriptor
                0x080085a0       0x24 ./USB_DEVICE/App/usbd_desc.o
                0x080085a0                USBD_FS_SerialStrDescriptor
 .text.USBD_FS_ConfigStrDescriptor
                0x080085c4       0x3c ./USB_DEVICE/App/usbd_desc.o
                0x080085c4                USBD_FS_ConfigStrDescriptor
 .text.USBD_FS_InterfaceStrDescriptor
                0x08008600       0x3c ./USB_DEVICE/App/usbd_desc.o
                0x08008600                USBD_FS_InterfaceStrDescriptor
 .text.Get_SerialNum
                0x0800863c       0x58 ./USB_DEVICE/App/usbd_desc.o
 .text.IntToUnicode
                0x08008694       0x7c ./USB_DEVICE/App/usbd_desc.o
 .text.HAL_PCD_MspInit
                0x08008710       0x4c ./USB_DEVICE/Target/usbd_conf.o
                0x08008710                HAL_PCD_MspInit
 .text.HAL_PCD_SetupStageCallback
                0x0800875c       0x24 ./USB_DEVICE/Target/usbd_conf.o
                0x0800875c                HAL_PCD_SetupStageCallback
 .text.HAL_PCD_DataOutStageCallback
                0x08008780       0x36 ./USB_DEVICE/Target/usbd_conf.o
                0x08008780                HAL_PCD_DataOutStageCallback
 .text.HAL_PCD_DataInStageCallback
                0x080087b6       0x34 ./USB_DEVICE/Target/usbd_conf.o
                0x080087b6                HAL_PCD_DataInStageCallback
 .text.HAL_PCD_SOFCallback
                0x080087ea       0x1c ./USB_DEVICE/Target/usbd_conf.o
                0x080087ea                HAL_PCD_SOFCallback
 .text.HAL_PCD_ResetCallback
                0x08008806       0x3c ./USB_DEVICE/Target/usbd_conf.o
                0x08008806                HAL_PCD_ResetCallback
 *fill*         0x08008842        0x2 
 .text.HAL_PCD_SuspendCallback
                0x08008844       0x34 ./USB_DEVICE/Target/usbd_conf.o
                0x08008844                HAL_PCD_SuspendCallback
 .text.HAL_PCD_ResumeCallback
                0x08008878       0x1c ./USB_DEVICE/Target/usbd_conf.o
                0x08008878                HAL_PCD_ResumeCallback
 .text.USBD_LL_Init
                0x08008894       0xa0 ./USB_DEVICE/Target/usbd_conf.o
                0x08008894                USBD_LL_Init
 .text.USBD_LL_Start
                0x08008934       0x36 ./USB_DEVICE/Target/usbd_conf.o
                0x08008934                USBD_LL_Start
 .text.USBD_LL_OpenEP
                0x0800896a       0x4c ./USB_DEVICE/Target/usbd_conf.o
                0x0800896a                USBD_LL_OpenEP
 .text.USBD_LL_CloseEP
                0x080089b6       0x3e ./USB_DEVICE/Target/usbd_conf.o
                0x080089b6                USBD_LL_CloseEP
 .text.USBD_LL_StallEP
                0x080089f4       0x3e ./USB_DEVICE/Target/usbd_conf.o
                0x080089f4                USBD_LL_StallEP
 .text.USBD_LL_ClearStallEP
                0x08008a32       0x3e ./USB_DEVICE/Target/usbd_conf.o
                0x08008a32                USBD_LL_ClearStallEP
 .text.USBD_LL_IsStallEP
                0x08008a70       0x56 ./USB_DEVICE/Target/usbd_conf.o
                0x08008a70                USBD_LL_IsStallEP
 .text.USBD_LL_SetUSBAddress
                0x08008ac6       0x3e ./USB_DEVICE/Target/usbd_conf.o
                0x08008ac6                USBD_LL_SetUSBAddress
 .text.USBD_LL_Transmit
                0x08008b04       0x46 ./USB_DEVICE/Target/usbd_conf.o
                0x08008b04                USBD_LL_Transmit
 .text.USBD_LL_PrepareReceive
                0x08008b4a       0x46 ./USB_DEVICE/Target/usbd_conf.o
                0x08008b4a                USBD_LL_PrepareReceive
 .text.USBD_static_malloc
                0x08008b90       0x18 ./USB_DEVICE/Target/usbd_conf.o
                0x08008b90                USBD_static_malloc
 .text.USBD_static_free
                0x08008ba8       0x12 ./USB_DEVICE/Target/usbd_conf.o
                0x08008ba8                USBD_static_free
 .text.HAL_PCDEx_SetConnectionState
                0x08008bba       0x16 ./USB_DEVICE/Target/usbd_conf.o
                0x08008bba                HAL_PCDEx_SetConnectionState
 .text.USBD_Get_USB_Status
                0x08008bd0       0x58 ./USB_DEVICE/Target/usbd_conf.o
 .text._ZdlPvj  0x08008c28        0x4 D:/p/STM32CubeIDE_1.19.0/STM32CubeIDE/plugins/com.st.stm32cube.ide.mcu.externaltools.gnu-tools-for-stm32.13.3.rel1.win32_1.0.0.202411081344/tools/bin/../lib/gcc/arm-none-eabi/13.3.1/../../../../arm-none-eabi/lib/thumb/v7-m/nofp\libstdc++_nano.a(del_ops.o)
                0x08008c28                operator delete(void*, unsigned int)
 .text._ZdlPv   0x08008c2c        0x4 D:/p/STM32CubeIDE_1.19.0/STM32CubeIDE/plugins/com.st.stm32cube.ide.mcu.externaltools.gnu-tools-for-stm32.13.3.rel1.win32_1.0.0.202411081344/tools/bin/../lib/gcc/arm-none-eabi/13.3.1/../../../../arm-none-eabi/lib/thumb/v7-m/nofp\libstdc++_nano.a(del_op.o)
                0x08008c2c                operator delete(void*)
 .text.free     0x08008c30       0x10 D:/p/STM32CubeIDE_1.19.0/STM32CubeIDE/plugins/com.st.stm32cube.ide.mcu.externaltools.gnu-tools-for-stm32.13.3.rel1.win32_1.0.0.202411081344/tools/bin/../lib/gcc/arm-none-eabi/13.3.1/../../../../arm-none-eabi/lib/thumb/v7-m/nofp\libc_nano.a(libc_a-malloc.o)
                0x08008c30                free
 .text.__malloc_lock
                0x08008c40        0xc D:/p/STM32CubeIDE_1.19.0/STM32CubeIDE/plugins/com.st.stm32cube.ide.mcu.externaltools.gnu-tools-for-stm32.13.3.rel1.win32_1.0.0.202411081344/tools/bin/../lib/gcc/arm-none-eabi/13.3.1/../../../../arm-none-eabi/lib/thumb/v7-m/nofp\libc_nano.a(libc_a-mlock.o)
                0x08008c40                __malloc_lock
 .text.__malloc_unlock
                0x08008c4c        0xc D:/p/STM32CubeIDE_1.19.0/STM32CubeIDE/plugins/com.st.stm32cube.ide.mcu.externaltools.gnu-tools-for-stm32.13.3.rel1.win32_1.0.0.202411081344/tools/bin/../lib/gcc/arm-none-eabi/13.3.1/../../../../arm-none-eabi/lib/thumb/v7-m/nofp\libc_nano.a(libc_a-mlock.o)
                0x08008c4c                __malloc_unlock
 .text.memset   0x08008c58       0x10 D:/p/STM32CubeIDE_1.19.0/STM32CubeIDE/plugins/com.st.stm32cube.ide.mcu.externaltools.gnu-tools-for-stm32.13.3.rel1.win32_1.0.0.202411081344/tools/bin/../lib/gcc/arm-none-eabi/13.3.1/../../../../arm-none-eabi/lib/thumb/v7-m/nofp\libc_nano.a(libc_a-memset.o)
                0x08008c58                memset
 .text.__libc_init_array
                0x08008c68       0x48 D:/p/STM32CubeIDE_1.19.0/STM32CubeIDE/plugins/com.st.stm32cube.ide.mcu.externaltools.gnu-tools-for-stm32.13.3.rel1.win32_1.0.0.202411081344/tools/bin/../lib/gcc/arm-none-eabi/13.3.1/../../../../arm-none-eabi/lib/thumb/v7-m/nofp\libc_nano.a(libc_a-init.o)
                0x08008c68                __libc_init_array
 .text.__retarget_lock_acquire_recursive
                0x08008cb0        0x2 D:/p/STM32CubeIDE_1.19.0/STM32CubeIDE/plugins/com.st.stm32cube.ide.mcu.externaltools.gnu-tools-for-stm32.13.3.rel1.win32_1.0.0.202411081344/tools/bin/../lib/gcc/arm-none-eabi/13.3.1/../../../../arm-none-eabi/lib/thumb/v7-m/nofp\libc_nano.a(libc_a-lock.o)
                0x08008cb0                __retarget_lock_acquire_recursive
 .text.__retarget_lock_release_recursive
                0x08008cb2        0x2 D:/p/STM32CubeIDE_1.19.0/STM32CubeIDE/plugins/com.st.stm32cube.ide.mcu.externaltools.gnu-tools-for-stm32.13.3.rel1.win32_1.0.0.202411081344/tools/bin/../lib/gcc/arm-none-eabi/13.3.1/../../../../arm-none-eabi/lib/thumb/v7-m/nofp\libc_nano.a(libc_a-lock.o)
                0x08008cb2                __retarget_lock_release_recursive
 .text._free_r  0x08008cb4       0x90 D:/p/STM32CubeIDE_1.19.0/STM32CubeIDE/plugins/com.st.stm32cube.ide.mcu.externaltools.gnu-tools-for-stm32.13.3.rel1.win32_1.0.0.202411081344/tools/bin/../lib/gcc/arm-none-eabi/13.3.1/../../../../arm-none-eabi/lib/thumb/v7-m/nofp\libc_nano.a(libc_a-freer.o)
                0x08008cb4                _free_r
 *(.glue_7)
 .glue_7        0x08008d44        0x0 linker stubs
 *(.glue_7t)
 .glue_7t       0x08008d44        0x0 linker stubs
 *(.eh_frame)
 .eh_frame      0x08008d44        0x0 D:/p/STM32CubeIDE_1.19.0/STM32CubeIDE/plugins/com.st.stm32cube.ide.mcu.externaltools.gnu-tools-for-stm32.13.3.rel1.win32_1.0.0.202411081344/tools/bin/../lib/gcc/arm-none-eabi/13.3.1/thumb/v7-m/nofp/crtbegin.o
 *(.init)
 .init          0x08008d44        0x4 D:/p/STM32CubeIDE_1.19.0/STM32CubeIDE/plugins/com.st.stm32cube.ide.mcu.externaltools.gnu-tools-for-stm32.13.3.rel1.win32_1.0.0.202411081344/tools/bin/../lib/gcc/arm-none-eabi/13.3.1/thumb/v7-m/nofp/crti.o
                0x08008d44                _init
 .init          0x08008d48        0x8 D:/p/STM32CubeIDE_1.19.0/STM32CubeIDE/plugins/com.st.stm32cube.ide.mcu.externaltools.gnu-tools-for-stm32.13.3.rel1.win32_1.0.0.202411081344/tools/bin/../lib/gcc/arm-none-eabi/13.3.1/thumb/v7-m/nofp/crtn.o
 *(.fini)
 .fini          0x08008d50        0x4 D:/p/STM32CubeIDE_1.19.0/STM32CubeIDE/plugins/com.st.stm32cube.ide.mcu.externaltools.gnu-tools-for-stm32.13.3.rel1.win32_1.0.0.202411081344/tools/bin/../lib/gcc/arm-none-eabi/13.3.1/thumb/v7-m/nofp/crti.o
                0x08008d50                _fini
 .fini          0x08008d54        0x8 D:/p/STM32CubeIDE_1.19.0/STM32CubeIDE/plugins/com.st.stm32cube.ide.mcu.externaltools.gnu-tools-for-stm32.13.3.rel1.win32_1.0.0.202411081344/tools/bin/../lib/gcc/arm-none-eabi/13.3.1/thumb/v7-m/nofp/crtn.o
                0x08008d5c                        . = ALIGN (0x4)
                0x08008d5c                        _etext = .

.vfp11_veneer   0x08008d5c        0x0
 .vfp11_veneer  0x08008d5c        0x0 linker stubs

.v4_bx          0x08008d5c        0x0
 .v4_bx         0x08008d5c        0x0 linker stubs

.iplt           0x08008d5c        0x0
 .iplt          0x08008d5c        0x0 D:/p/STM32CubeIDE_1.19.0/STM32CubeIDE/plugins/com.st.stm32cube.ide.mcu.externaltools.gnu-tools-for-stm32.13.3.rel1.win32_1.0.0.202411081344/tools/bin/../lib/gcc/arm-none-eabi/13.3.1/thumb/v7-m/nofp/crtbegin.o

.rodata         0x08008d5c       0xac
                0x08008d5c                        . = ALIGN (0x4)
 *(.rodata)
 .rodata        0x08008d5c       0x5d ./USB_DEVICE/App/usbd_desc.o
 *(.rodata*)
 *fill*         0x08008db9        0x3 
 .rodata._ZTV6CS1237
                0x08008dbc       0x14 ./Core/Src/app.o
                0x08008dbc                vtable for CS1237
 .rodata._ZTV13EXTI_Observer
                0x08008dd0       0x14 ./Core/Src/app.o
                0x08008dd0                vtable for EXTI_Observer
 .rodata.AHBPrescTable
                0x08008de4       0x10 ./Core/Src/system_stm32f1xx.o
                0x08008de4                AHBPrescTable
 .rodata.aPLLMULFactorTable.1
                0x08008df4       0x10 ./Drivers/STM32F1xx_HAL_Driver/Src/stm32f1xx_hal_rcc.o
 .rodata.aPredivFactorTable.0
                0x08008e04        0x2 ./Drivers/STM32F1xx_HAL_Driver/Src/stm32f1xx_hal_rcc.o
                0x08008e08                        . = ALIGN (0x4)
 *fill*         0x08008e06        0x2 

.ARM.extab      0x08008e08        0x0
                0x08008e08                        . = ALIGN (0x4)
 *(.ARM.extab* .gnu.linkonce.armextab.*)
                0x08008e08                        . = ALIGN (0x4)

.ARM            0x08008e08        0x0
                0x08008e08                        . = ALIGN (0x4)
                0x08008e08                        __exidx_start = .
 *(.ARM.exidx*)
                0x08008e08                        __exidx_end = .
                0x08008e08                        . = ALIGN (0x4)

.preinit_array  0x08008e08        0x0
                0x08008e08                        . = ALIGN (0x4)
                0x08008e08                        PROVIDE (__preinit_array_start = .)
 *(.preinit_array*)
                0x08008e08                        PROVIDE (__preinit_array_end = .)
                0x08008e08                        . = ALIGN (0x4)

.init_array     0x08008e08        0x8
                0x08008e08                        . = ALIGN (0x4)
                0x08008e08                        PROVIDE (__init_array_start = .)
 *(SORT_BY_NAME(.init_array.*))
 *(.init_array*)
 .init_array    0x08008e08        0x4 D:/p/STM32CubeIDE_1.19.0/STM32CubeIDE/plugins/com.st.stm32cube.ide.mcu.externaltools.gnu-tools-for-stm32.13.3.rel1.win32_1.0.0.202411081344/tools/bin/../lib/gcc/arm-none-eabi/13.3.1/thumb/v7-m/nofp/crtbegin.o
 .init_array    0x08008e0c        0x4 ./Core/Src/app.o
                0x08008e10                        PROVIDE (__init_array_end = .)
                0x08008e10                        . = ALIGN (0x4)

.fini_array     0x08008e10        0x8
                0x08008e10                        . = ALIGN (0x4)
                [!provide]                        PROVIDE (__fini_array_start = .)
 *(SORT_BY_NAME(.fini_array.*))
 *(.fini_array*)
 .fini_array    0x08008e10        0x4 D:/p/STM32CubeIDE_1.19.0/STM32CubeIDE/plugins/com.st.stm32cube.ide.mcu.externaltools.gnu-tools-for-stm32.13.3.rel1.win32_1.0.0.202411081344/tools/bin/../lib/gcc/arm-none-eabi/13.3.1/thumb/v7-m/nofp/crtbegin.o
 .fini_array    0x08008e14        0x4 ./Core/Src/app.o
                [!provide]                        PROVIDE (__fini_array_end = .)
                0x08008e18                        . = ALIGN (0x4)
                0x08008e18                        _sidata = LOADADDR (.data)

.rel.dyn        0x08008e18        0x0
 .rel.iplt      0x08008e18        0x0 D:/p/STM32CubeIDE_1.19.0/STM32CubeIDE/plugins/com.st.stm32cube.ide.mcu.externaltools.gnu-tools-for-stm32.13.3.rel1.win32_1.0.0.202411081344/tools/bin/../lib/gcc/arm-none-eabi/13.3.1/thumb/v7-m/nofp/crtbegin.o

.data           0x20000000      0x1cc load address 0x08008e18
                0x20000000                        . = ALIGN (0x4)
                0x20000000                        _sdata = .
 *(.data)
 *(.data*)
 .data._ZN6CS123712targetConfigE
                0x20000000        0x1 ./Core/Src/app.o
                0x20000000                CS1237::targetConfig
 .data._ZN6CS123714sampleIntervalE
                0x20000001        0x1 ./Core/Src/app.o
                0x20000001                CS1237::sampleInterval
 *fill*         0x20000002        0x2 
 .data.SystemCoreClock
                0x20000004        0x4 ./Core/Src/system_stm32f1xx.o
                0x20000004                SystemCoreClock
 .data.uwTickPrio
                0x20000008        0x4 ./Drivers/STM32F1xx_HAL_Driver/Src/stm32f1xx_hal.o
                0x20000008                uwTickPrio
 .data.uwTickFreq
                0x2000000c        0x1 ./Drivers/STM32F1xx_HAL_Driver/Src/stm32f1xx_hal.o
                0x2000000c                uwTickFreq
 *fill*         0x2000000d        0x3 
 .data.USBD_CUSTOM_HID
                0x20000010       0x38 ./Middlewares/ST/STM32_USB_Device_Library/Class/CustomHID/Src/usbd_customhid.o
                0x20000010                USBD_CUSTOM_HID
 .data.USBD_CUSTOM_HID_CfgFSDesc
                0x20000048       0x29 ./Middlewares/ST/STM32_USB_Device_Library/Class/CustomHID/Src/usbd_customhid.o
 *fill*         0x20000071        0x3 
 .data.USBD_CUSTOM_HID_CfgHSDesc
                0x20000074       0x29 ./Middlewares/ST/STM32_USB_Device_Library/Class/CustomHID/Src/usbd_customhid.o
 *fill*         0x2000009d        0x3 
 .data.USBD_CUSTOM_HID_OtherSpeedCfgDesc
                0x200000a0       0x29 ./Middlewares/ST/STM32_USB_Device_Library/Class/CustomHID/Src/usbd_customhid.o
 *fill*         0x200000c9        0x3 
 .data.USBD_CUSTOM_HID_Desc
                0x200000cc        0x9 ./Middlewares/ST/STM32_USB_Device_Library/Class/CustomHID/Src/usbd_customhid.o
 *fill*         0x200000d5        0x3 
 .data.USBD_CUSTOM_HID_DeviceQualifierDesc
                0x200000d8        0xa ./Middlewares/ST/STM32_USB_Device_Library/Class/CustomHID/Src/usbd_customhid.o
 *fill*         0x200000e2        0x2 
 .data.CUSTOM_HID_ReportDesc_FS
                0x200000e4       0x37 ./USB_DEVICE/App/usbd_custom_hid_if.o
 *fill*         0x2000011b        0x1 
 .data.USBD_CustomHID_fops_FS
                0x2000011c       0x10 ./USB_DEVICE/App/usbd_custom_hid_if.o
                0x2000011c                USBD_CustomHID_fops_FS
 .data.FS_Desc  0x2000012c       0x1c ./USB_DEVICE/App/usbd_desc.o
                0x2000012c                FS_Desc
 .data.USBD_FS_DeviceDesc
                0x20000148       0x12 ./USB_DEVICE/App/usbd_desc.o
                0x20000148                USBD_FS_DeviceDesc
 *fill*         0x2000015a        0x2 
 .data.USBD_LangIDDesc
                0x2000015c        0x4 ./USB_DEVICE/App/usbd_desc.o
                0x2000015c                USBD_LangIDDesc
 .data.USBD_StringSerial
                0x20000160       0x1a ./USB_DEVICE/App/usbd_desc.o
                0x20000160                USBD_StringSerial
 *fill*         0x2000017a        0x2 
 .data._impure_ptr
                0x2000017c        0x4 D:/p/STM32CubeIDE_1.19.0/STM32CubeIDE/plugins/com.st.stm32cube.ide.mcu.externaltools.gnu-tools-for-stm32.13.3.rel1.win32_1.0.0.202411081344/tools/bin/../lib/gcc/arm-none-eabi/13.3.1/../../../../arm-none-eabi/lib/thumb/v7-m/nofp\libc_nano.a(libc_a-impure.o)
                0x2000017c                _impure_ptr
 .data._impure_data
                0x20000180       0x4c D:/p/STM32CubeIDE_1.19.0/STM32CubeIDE/plugins/com.st.stm32cube.ide.mcu.externaltools.gnu-tools-for-stm32.13.3.rel1.win32_1.0.0.202411081344/tools/bin/../lib/gcc/arm-none-eabi/13.3.1/../../../../arm-none-eabi/lib/thumb/v7-m/nofp\libc_nano.a(libc_a-impure.o)
                0x20000180                _impure_data
 *(.RamFunc)
 *(.RamFunc*)
                0x200001cc                        . = ALIGN (0x4)
                0x200001cc                        _edata = .

.igot.plt       0x200001cc        0x0 load address 0x08008fe4
 .igot.plt      0x200001cc        0x0 D:/p/STM32CubeIDE_1.19.0/STM32CubeIDE/plugins/com.st.stm32cube.ide.mcu.externaltools.gnu-tools-for-stm32.13.3.rel1.win32_1.0.0.202411081344/tools/bin/../lib/gcc/arm-none-eabi/13.3.1/thumb/v7-m/nofp/crtbegin.o
                0x200001cc                        . = ALIGN (0x4)

.bss            0x200001cc      0xd38 load address 0x08008fe4
                0x200001cc                        _sbss = .
                0x200001cc                        __bss_start__ = _sbss
 *(.bss)
 .bss           0x200001cc       0x1c D:/p/STM32CubeIDE_1.19.0/STM32CubeIDE/plugins/com.st.stm32cube.ide.mcu.externaltools.gnu-tools-for-stm32.13.3.rel1.win32_1.0.0.202411081344/tools/bin/../lib/gcc/arm-none-eabi/13.3.1/thumb/v7-m/nofp/crtbegin.o
 *(.bss*)
 .bss._ZN12EXTI_Manager8registryE
                0x200001e8       0x40 ./Core/Src/app.o
                0x200001e8                EXTI_Manager::registry
 .bss.irq_cycles
                0x20000228        0x4 ./Core/Src/app.o
                0x20000228                irq_cycles
 .bss.irq_count
                0x2000022c        0x4 ./Core/Src/app.o
                0x2000022c                irq_count
 .bss._ZL3PA0   0x20000230        0x8 ./Core/Src/app.o
 .bss._ZL3PA1   0x20000238        0x8 ./Core/Src/app.o
 .bss._ZL3PA2   0x20000240        0x8 ./Core/Src/app.o
 .bss._ZL3PA3   0x20000248        0x8 ./Core/Src/app.o
 .bss._ZL3PA4   0x20000250        0x8 ./Core/Src/app.o
 .bss._ZL3PA5   0x20000258        0x8 ./Core/Src/app.o
 .bss._ZL3PA6   0x20000260        0x8 ./Core/Src/app.o
 .bss._ZL3PA7   0x20000268        0x8 ./Core/Src/app.o
 .bss._ZL3PA8   0x20000270        0x8 ./Core/Src/app.o
 .bss._ZL3PA9   0x20000278        0x8 ./Core/Src/app.o
 .bss._ZL4PA10  0x20000280        0x8 ./Core/Src/app.o
 .bss._ZL4PA11  0x20000288        0x8 ./Core/Src/app.o
 .bss._ZL4PA12  0x20000290        0x8 ./Core/Src/app.o
 .bss._ZL4PA13  0x20000298        0x8 ./Core/Src/app.o
 .bss._ZL4PA14  0x200002a0        0x8 ./Core/Src/app.o
 .bss._ZL4PA15  0x200002a8        0x8 ./Core/Src/app.o
 .bss._ZL3PB0   0x200002b0        0x8 ./Core/Src/app.o
 .bss._ZL3PB1   0x200002b8        0x8 ./Core/Src/app.o
 .bss._ZL3PB2   0x200002c0        0x8 ./Core/Src/app.o
 .bss._ZL3PB3   0x200002c8        0x8 ./Core/Src/app.o
 .bss._ZL3PB4   0x200002d0        0x8 ./Core/Src/app.o
 .bss._ZL3PB5   0x200002d8        0x8 ./Core/Src/app.o
 .bss._ZL3PB6   0x200002e0        0x8 ./Core/Src/app.o
 .bss._ZL3PB7   0x200002e8        0x8 ./Core/Src/app.o
 .bss._ZL3PB8   0x200002f0        0x8 ./Core/Src/app.o
 .bss._ZL3PB9   0x200002f8        0x8 ./Core/Src/app.o
 .bss._ZL4PB10  0x20000300        0x8 ./Core/Src/app.o
 .bss._ZL4PB11  0x20000308        0x8 ./Core/Src/app.o
 .bss._ZL4PB12  0x20000310        0x8 ./Core/Src/app.o
 .bss._ZL4PB13  0x20000318        0x8 ./Core/Src/app.o
 .bss._ZL4PB14  0x20000320        0x8 ./Core/Src/app.o
 .bss._ZL4PB15  0x20000328        0x8 ./Core/Src/app.o
 .bss._ZL3PC0   0x20000330        0x8 ./Core/Src/app.o
 .bss._ZL3PC1   0x20000338        0x8 ./Core/Src/app.o
 .bss._ZL3PC2   0x20000340        0x8 ./Core/Src/app.o
 .bss._ZL3PC3   0x20000348        0x8 ./Core/Src/app.o
 .bss._ZL3PC4   0x20000350        0x8 ./Core/Src/app.o
 .bss._ZL3PC5   0x20000358        0x8 ./Core/Src/app.o
 .bss._ZL3PC6   0x20000360        0x8 ./Core/Src/app.o
 .bss._ZL3PC7   0x20000368        0x8 ./Core/Src/app.o
 .bss._ZL3PC8   0x20000370        0x8 ./Core/Src/app.o
 .bss._ZL3PC9   0x20000378        0x8 ./Core/Src/app.o
 .bss._ZL4PC10  0x20000380        0x8 ./Core/Src/app.o
 .bss._ZL4PC11  0x20000388        0x8 ./Core/Src/app.o
 .bss._ZL4PC12  0x20000390        0x8 ./Core/Src/app.o
 .bss._ZL4PC13  0x20000398        0x8 ./Core/Src/app.o
 .bss._ZL4PC14  0x200003a0        0x8 ./Core/Src/app.o
 .bss._ZL4PC15  0x200003a8        0x8 ./Core/Src/app.o
 .bss._ZL3PD0   0x200003b0        0x8 ./Core/Src/app.o
 .bss._ZL3PD1   0x200003b8        0x8 ./Core/Src/app.o
 .bss._ZL3PD2   0x200003c0        0x8 ./Core/Src/app.o
 .bss._ZL3PD3   0x200003c8        0x8 ./Core/Src/app.o
 .bss._ZL3PD4   0x200003d0        0x8 ./Core/Src/app.o
 .bss._ZL3PD5   0x200003d8        0x8 ./Core/Src/app.o
 .bss._ZL3PD6   0x200003e0        0x8 ./Core/Src/app.o
 .bss._ZL3PD7   0x200003e8        0x8 ./Core/Src/app.o
 .bss._ZL3PD8   0x200003f0        0x8 ./Core/Src/app.o
 .bss._ZL3PD9   0x200003f8        0x8 ./Core/Src/app.o
 .bss._ZL4PD10  0x20000400        0x8 ./Core/Src/app.o
 .bss._ZL4PD11  0x20000408        0x8 ./Core/Src/app.o
 .bss._ZL4PD12  0x20000410        0x8 ./Core/Src/app.o
 .bss._ZL4PD13  0x20000418        0x8 ./Core/Src/app.o
 .bss._ZL4PD14  0x20000420        0x8 ./Core/Src/app.o
 .bss._ZL4PD15  0x20000428        0x8 ./Core/Src/app.o
 .bss._ZL3PE0   0x20000430        0x8 ./Core/Src/app.o
 .bss._ZL3PE1   0x20000438        0x8 ./Core/Src/app.o
 .bss._ZL3PE2   0x20000440        0x8 ./Core/Src/app.o
 .bss._ZL3PE3   0x20000448        0x8 ./Core/Src/app.o
 .bss._ZL3PE4   0x20000450        0x8 ./Core/Src/app.o
 .bss._ZL3PE5   0x20000458        0x8 ./Core/Src/app.o
 .bss._ZL3PE6   0x20000460        0x8 ./Core/Src/app.o
 .bss._ZL3PE7   0x20000468        0x8 ./Core/Src/app.o
 .bss._ZL3PE8   0x20000470        0x8 ./Core/Src/app.o
 .bss._ZL3PE9   0x20000478        0x8 ./Core/Src/app.o
 .bss._ZL4PE10  0x20000480        0x8 ./Core/Src/app.o
 .bss._ZL4PE11  0x20000488        0x8 ./Core/Src/app.o
 .bss._ZL4PE12  0x20000490        0x8 ./Core/Src/app.o
 .bss._ZL4PE13  0x20000498        0x8 ./Core/Src/app.o
 .bss._ZL4PE14  0x200004a0        0x8 ./Core/Src/app.o
 .bss._ZL4PE15  0x200004a8        0x8 ./Core/Src/app.o
 .bss._ZL3PF0   0x200004b0        0x8 ./Core/Src/app.o
 .bss._ZL3PF1   0x200004b8        0x8 ./Core/Src/app.o
 .bss._ZL3PF2   0x200004c0        0x8 ./Core/Src/app.o
 .bss._ZL3PF3   0x200004c8        0x8 ./Core/Src/app.o
 .bss._ZL3PF4   0x200004d0        0x8 ./Core/Src/app.o
 .bss._ZL3PF5   0x200004d8        0x8 ./Core/Src/app.o
 .bss._ZL3PF6   0x200004e0        0x8 ./Core/Src/app.o
 .bss._ZL3PF7   0x200004e8        0x8 ./Core/Src/app.o
 .bss._ZL3PF8   0x200004f0        0x8 ./Core/Src/app.o
 .bss._ZL3PF9   0x200004f8        0x8 ./Core/Src/app.o
 .bss._ZL4PF10  0x20000500        0x8 ./Core/Src/app.o
 .bss._ZL4PF11  0x20000508        0x8 ./Core/Src/app.o
 .bss._ZL4PF12  0x20000510        0x8 ./Core/Src/app.o
 .bss._ZL4PF13  0x20000518        0x8 ./Core/Src/app.o
 .bss._ZL4PF14  0x20000520        0x8 ./Core/Src/app.o
 .bss._ZL4PF15  0x20000528        0x8 ./Core/Src/app.o
 .bss._ZL3PG0   0x20000530        0x8 ./Core/Src/app.o
 .bss._ZL3PG1   0x20000538        0x8 ./Core/Src/app.o
 .bss._ZL3PG2   0x20000540        0x8 ./Core/Src/app.o
 .bss._ZL3PG3   0x20000548        0x8 ./Core/Src/app.o
 .bss._ZL3PG4   0x20000550        0x8 ./Core/Src/app.o
 .bss._ZL3PG5   0x20000558        0x8 ./Core/Src/app.o
 .bss._ZL3PG6   0x20000560        0x8 ./Core/Src/app.o
 .bss._ZL3PG7   0x20000568        0x8 ./Core/Src/app.o
 .bss._ZL3PG8   0x20000570        0x8 ./Core/Src/app.o
 .bss._ZL3PG9   0x20000578        0x8 ./Core/Src/app.o
 .bss._ZL4PG10  0x20000580        0x8 ./Core/Src/app.o
 .bss._ZL4PG11  0x20000588        0x8 ./Core/Src/app.o
 .bss._ZL4PG12  0x20000590        0x8 ./Core/Src/app.o
 .bss._ZL4PG13  0x20000598        0x8 ./Core/Src/app.o
 .bss._ZL4PG14  0x200005a0        0x8 ./Core/Src/app.o
 .bss._ZL4PG15  0x200005a8        0x8 ./Core/Src/app.o
 .bss.sg0       0x200005b0       0x1c ./Core/Src/app.o
                0x200005b0                sg0
 .bss.sg1       0x200005cc       0x1c ./Core/Src/app.o
                0x200005cc                sg1
 .bss.sg2       0x200005e8       0x1c ./Core/Src/app.o
                0x200005e8                sg2
 .bss.uwTick    0x20000604        0x4 ./Drivers/STM32F1xx_HAL_Driver/Src/stm32f1xx_hal.o
                0x20000604                uwTick
 .bss.cfgidx.0  0x20000608        0x1 ./Middlewares/ST/STM32_USB_Device_Library/Core/Src/usbd_ctlreq.o
 *fill*         0x20000609        0x3 
 .bss.hUsbDeviceFS
                0x2000060c      0x2c4 ./USB_DEVICE/App/usb_device.o
                0x2000060c                hUsbDeviceFS
 .bss.USBD_StrDesc
                0x200008d0      0x200 ./USB_DEVICE/App/usbd_desc.o
                0x200008d0                USBD_StrDesc
 .bss.hpcd_USB_FS
                0x20000ad0      0x2d8 ./USB_DEVICE/Target/usbd_conf.o
                0x20000ad0                hpcd_USB_FS
 .bss.mem.0     0x20000da8       0x1c ./USB_DEVICE/Target/usbd_conf.o
 .bss.__malloc_free_list
                0x20000dc4        0x4 D:/p/STM32CubeIDE_1.19.0/STM32CubeIDE/plugins/com.st.stm32cube.ide.mcu.externaltools.gnu-tools-for-stm32.13.3.rel1.win32_1.0.0.202411081344/tools/bin/../lib/gcc/arm-none-eabi/13.3.1/../../../../arm-none-eabi/lib/thumb/v7-m/nofp\libc_nano.a(libc_a-mallocr.o)
                0x20000dc4                __malloc_free_list
 .bss.__sf      0x20000dc8      0x138 D:/p/STM32CubeIDE_1.19.0/STM32CubeIDE/plugins/com.st.stm32cube.ide.mcu.externaltools.gnu-tools-for-stm32.13.3.rel1.win32_1.0.0.202411081344/tools/bin/../lib/gcc/arm-none-eabi/13.3.1/../../../../arm-none-eabi/lib/thumb/v7-m/nofp\libc_nano.a(libc_a-findfp.o)
                0x20000dc8                __sf
 .bss.__lock___malloc_recursive_mutex
                0x20000f00        0x1 D:/p/STM32CubeIDE_1.19.0/STM32CubeIDE/plugins/com.st.stm32cube.ide.mcu.externaltools.gnu-tools-for-stm32.13.3.rel1.win32_1.0.0.202411081344/tools/bin/../lib/gcc/arm-none-eabi/13.3.1/../../../../arm-none-eabi/lib/thumb/v7-m/nofp\libc_nano.a(libc_a-lock.o)
                0x20000f00                __lock___malloc_recursive_mutex
 *(COMMON)
                0x20000f04                        . = ALIGN (0x4)
 *fill*         0x20000f01        0x3 
                0x20000f04                        _ebss = .
                0x20000f04                        __bss_end__ = _ebss

._user_heap_stack
                0x20000f04      0x604 load address 0x08008fe4
                0x20000f08                        . = ALIGN (0x8)
 *fill*         0x20000f04        0x4 
                [!provide]                        PROVIDE (end = .)
                0x20000f08                        PROVIDE (_end = .)
                0x20001108                        . = (. + _Min_Heap_Size)
 *fill*         0x20000f08      0x200 
                0x20001508                        . = (. + _Min_Stack_Size)
 *fill*         0x20001108      0x400 
                0x20001508                        . = ALIGN (0x8)

/DISCARD/
 libc.a(*)
 libm.a(*)
 libgcc.a(*)

.ARM.attributes
                0x00000000       0x29
 *(.ARM.attributes)
 .ARM.attributes
                0x00000000       0x1d D:/p/STM32CubeIDE_1.19.0/STM32CubeIDE/plugins/com.st.stm32cube.ide.mcu.externaltools.gnu-tools-for-stm32.13.3.rel1.win32_1.0.0.202411081344/tools/bin/../lib/gcc/arm-none-eabi/13.3.1/thumb/v7-m/nofp/crti.o
 .ARM.attributes
                0x0000001d       0x2d D:/p/STM32CubeIDE_1.19.0/STM32CubeIDE/plugins/com.st.stm32cube.ide.mcu.externaltools.gnu-tools-for-stm32.13.3.rel1.win32_1.0.0.202411081344/tools/bin/../lib/gcc/arm-none-eabi/13.3.1/thumb/v7-m/nofp/crtbegin.o
 .ARM.attributes
                0x0000004a       0x2d ./Core/Src/app.o
 .ARM.attributes
                0x00000077       0x2d ./Core/Src/gpio.o
 .ARM.attributes
                0x000000a4       0x2d ./Core/Src/main.o
 .ARM.attributes
                0x000000d1       0x2d ./Core/Src/stm32f1xx_hal_msp.o
 .ARM.attributes
                0x000000fe       0x2d ./Core/Src/stm32f1xx_it.o
 .ARM.attributes
                0x0000012b       0x2d ./Core/Src/system_stm32f1xx.o
 .ARM.attributes
                0x00000158       0x21 ./Core/Startup/startup_stm32f103zetx.o
 .ARM.attributes
                0x00000179       0x2d ./Drivers/STM32F1xx_HAL_Driver/Src/stm32f1xx_hal.o
 .ARM.attributes
                0x000001a6       0x2d ./Drivers/STM32F1xx_HAL_Driver/Src/stm32f1xx_hal_cortex.o
 .ARM.attributes
                0x000001d3       0x2d ./Drivers/STM32F1xx_HAL_Driver/Src/stm32f1xx_hal_gpio.o
 .ARM.attributes
                0x00000200       0x2d ./Drivers/STM32F1xx_HAL_Driver/Src/stm32f1xx_hal_pcd.o
 .ARM.attributes
                0x0000022d       0x2d ./Drivers/STM32F1xx_HAL_Driver/Src/stm32f1xx_hal_pcd_ex.o
 .ARM.attributes
                0x0000025a       0x2d ./Drivers/STM32F1xx_HAL_Driver/Src/stm32f1xx_hal_rcc.o
 .ARM.attributes
                0x00000287       0x2d ./Drivers/STM32F1xx_HAL_Driver/Src/stm32f1xx_hal_rcc_ex.o
 .ARM.attributes
                0x000002b4       0x2d ./Drivers/STM32F1xx_HAL_Driver/Src/stm32f1xx_ll_usb.o
 .ARM.attributes
                0x000002e1       0x2d ./Middlewares/ST/STM32_USB_Device_Library/Class/CustomHID/Src/usbd_customhid.o
 .ARM.attributes
                0x0000030e       0x2d ./Middlewares/ST/STM32_USB_Device_Library/Core/Src/usbd_core.o
 .ARM.attributes
                0x0000033b       0x2d ./Middlewares/ST/STM32_USB_Device_Library/Core/Src/usbd_ctlreq.o
 .ARM.attributes
                0x00000368       0x2d ./Middlewares/ST/STM32_USB_Device_Library/Core/Src/usbd_ioreq.o
 .ARM.attributes
                0x00000395       0x2d ./USB_DEVICE/App/usb_device.o
 .ARM.attributes
                0x000003c2       0x2d ./USB_DEVICE/App/usbd_custom_hid_if.o
 .ARM.attributes
                0x000003ef       0x2d ./USB_DEVICE/App/usbd_desc.o
 .ARM.attributes
                0x0000041c       0x2d ./USB_DEVICE/Target/usbd_conf.o
 .ARM.attributes
                0x00000449       0x2d D:/p/STM32CubeIDE_1.19.0/STM32CubeIDE/plugins/com.st.stm32cube.ide.mcu.externaltools.gnu-tools-for-stm32.13.3.rel1.win32_1.0.0.202411081344/tools/bin/../lib/gcc/arm-none-eabi/13.3.1/../../../../arm-none-eabi/lib/thumb/v7-m/nofp\libstdc++_nano.a(del_ops.o)
 .ARM.attributes
                0x00000476       0x2d D:/p/STM32CubeIDE_1.19.0/STM32CubeIDE/plugins/com.st.stm32cube.ide.mcu.externaltools.gnu-tools-for-stm32.13.3.rel1.win32_1.0.0.202411081344/tools/bin/../lib/gcc/arm-none-eabi/13.3.1/../../../../arm-none-eabi/lib/thumb/v7-m/nofp\libstdc++_nano.a(del_op.o)
 .ARM.attributes
                0x000004a3       0x2d D:/p/STM32CubeIDE_1.19.0/STM32CubeIDE/plugins/com.st.stm32cube.ide.mcu.externaltools.gnu-tools-for-stm32.13.3.rel1.win32_1.0.0.202411081344/tools/bin/../lib/gcc/arm-none-eabi/13.3.1/../../../../arm-none-eabi/lib/thumb/v7-m/nofp\libc_nano.a(libc_a-malloc.o)
 .ARM.attributes
                0x000004d0       0x2d D:/p/STM32CubeIDE_1.19.0/STM32CubeIDE/plugins/com.st.stm32cube.ide.mcu.externaltools.gnu-tools-for-stm32.13.3.rel1.win32_1.0.0.202411081344/tools/bin/../lib/gcc/arm-none-eabi/13.3.1/../../../../arm-none-eabi/lib/thumb/v7-m/nofp\libc_nano.a(libc_a-mallocr.o)
 .ARM.attributes
                0x000004fd       0x2d D:/p/STM32CubeIDE_1.19.0/STM32CubeIDE/plugins/com.st.stm32cube.ide.mcu.externaltools.gnu-tools-for-stm32.13.3.rel1.win32_1.0.0.202411081344/tools/bin/../lib/gcc/arm-none-eabi/13.3.1/../../../../arm-none-eabi/lib/thumb/v7-m/nofp\libc_nano.a(libc_a-mlock.o)
 .ARM.attributes
                0x0000052a       0x2d D:/p/STM32CubeIDE_1.19.0/STM32CubeIDE/plugins/com.st.stm32cube.ide.mcu.externaltools.gnu-tools-for-stm32.13.3.rel1.win32_1.0.0.202411081344/tools/bin/../lib/gcc/arm-none-eabi/13.3.1/../../../../arm-none-eabi/lib/thumb/v7-m/nofp\libc_nano.a(libc_a-findfp.o)
 .ARM.attributes
                0x00000557       0x2d D:/p/STM32CubeIDE_1.19.0/STM32CubeIDE/plugins/com.st.stm32cube.ide.mcu.externaltools.gnu-tools-for-stm32.13.3.rel1.win32_1.0.0.202411081344/tools/bin/../lib/gcc/arm-none-eabi/13.3.1/../../../../arm-none-eabi/lib/thumb/v7-m/nofp\libc_nano.a(libc_a-memset.o)
 .ARM.attributes
                0x00000584       0x2d D:/p/STM32CubeIDE_1.19.0/STM32CubeIDE/plugins/com.st.stm32cube.ide.mcu.externaltools.gnu-tools-for-stm32.13.3.rel1.win32_1.0.0.202411081344/tools/bin/../lib/gcc/arm-none-eabi/13.3.1/../../../../arm-none-eabi/lib/thumb/v7-m/nofp\libc_nano.a(libc_a-impure.o)
 .ARM.attributes
                0x000005b1       0x2d D:/p/STM32CubeIDE_1.19.0/STM32CubeIDE/plugins/com.st.stm32cube.ide.mcu.externaltools.gnu-tools-for-stm32.13.3.rel1.win32_1.0.0.202411081344/tools/bin/../lib/gcc/arm-none-eabi/13.3.1/../../../../arm-none-eabi/lib/thumb/v7-m/nofp\libc_nano.a(libc_a-init.o)
 .ARM.attributes
                0x000005de       0x2d D:/p/STM32CubeIDE_1.19.0/STM32CubeIDE/plugins/com.st.stm32cube.ide.mcu.externaltools.gnu-tools-for-stm32.13.3.rel1.win32_1.0.0.202411081344/tools/bin/../lib/gcc/arm-none-eabi/13.3.1/../../../../arm-none-eabi/lib/thumb/v7-m/nofp\libc_nano.a(libc_a-lock.o)
 .ARM.attributes
                0x0000060b       0x2d D:/p/STM32CubeIDE_1.19.0/STM32CubeIDE/plugins/com.st.stm32cube.ide.mcu.externaltools.gnu-tools-for-stm32.13.3.rel1.win32_1.0.0.202411081344/tools/bin/../lib/gcc/arm-none-eabi/13.3.1/../../../../arm-none-eabi/lib/thumb/v7-m/nofp\libc_nano.a(libc_a-freer.o)
 .ARM.attributes
                0x00000638       0x1d D:/p/STM32CubeIDE_1.19.0/STM32CubeIDE/plugins/com.st.stm32cube.ide.mcu.externaltools.gnu-tools-for-stm32.13.3.rel1.win32_1.0.0.202411081344/tools/bin/../lib/gcc/arm-none-eabi/13.3.1/thumb/v7-m/nofp\libgcc.a(_arm_addsubsf3.o)
 .ARM.attributes
                0x00000655       0x1d D:/p/STM32CubeIDE_1.19.0/STM32CubeIDE/plugins/com.st.stm32cube.ide.mcu.externaltools.gnu-tools-for-stm32.13.3.rel1.win32_1.0.0.202411081344/tools/bin/../lib/gcc/arm-none-eabi/13.3.1/thumb/v7-m/nofp\libgcc.a(_arm_muldivsf3.o)
 .ARM.attributes
                0x00000672       0x1d D:/p/STM32CubeIDE_1.19.0/STM32CubeIDE/plugins/com.st.stm32cube.ide.mcu.externaltools.gnu-tools-for-stm32.13.3.rel1.win32_1.0.0.202411081344/tools/bin/../lib/gcc/arm-none-eabi/13.3.1/thumb/v7-m/nofp\libgcc.a(_arm_fixsfsi.o)
 .ARM.attributes
                0x0000068f       0x1d D:/p/STM32CubeIDE_1.19.0/STM32CubeIDE/plugins/com.st.stm32cube.ide.mcu.externaltools.gnu-tools-for-stm32.13.3.rel1.win32_1.0.0.202411081344/tools/bin/../lib/gcc/arm-none-eabi/13.3.1/thumb/v7-m/nofp/crtn.o
OUTPUT(FSSB.elf elf32-littlearm)
LOAD linker stubs
LOAD D:/p/STM32CubeIDE_1.19.0/STM32CubeIDE/plugins/com.st.stm32cube.ide.mcu.externaltools.gnu-tools-for-stm32.13.3.rel1.win32_1.0.0.202411081344/tools/bin/../lib/gcc/arm-none-eabi/13.3.1/../../../../arm-none-eabi/lib/thumb/v7-m/nofp\libc.a
LOAD D:/p/STM32CubeIDE_1.19.0/STM32CubeIDE/plugins/com.st.stm32cube.ide.mcu.externaltools.gnu-tools-for-stm32.13.3.rel1.win32_1.0.0.202411081344/tools/bin/../lib/gcc/arm-none-eabi/13.3.1/../../../../arm-none-eabi/lib/thumb/v7-m/nofp\libm.a
LOAD D:/p/STM32CubeIDE_1.19.0/STM32CubeIDE/plugins/com.st.stm32cube.ide.mcu.externaltools.gnu-tools-for-stm32.13.3.rel1.win32_1.0.0.202411081344/tools/bin/../lib/gcc/arm-none-eabi/13.3.1/thumb/v7-m/nofp\libgcc.a

.debug_info     0x00000000     0xe118
 .debug_info    0x00000000     0x2a2f ./Core/Src/app.o
 .debug_info    0x00002a2f      0x498 ./Core/Src/gpio.o
 .debug_info    0x00002ec7      0x50e ./Core/Src/main.o
 .debug_info    0x000033d5      0x1f1 ./Core/Src/stm32f1xx_hal_msp.o
 .debug_info    0x000035c6      0x624 ./Core/Src/stm32f1xx_it.o
 .debug_info    0x00003bea      0x222 ./Core/Src/system_stm32f1xx.o
 .debug_info    0x00003e0c       0x30 ./Core/Startup/startup_stm32f103zetx.o
 .debug_info    0x00003e3c      0x76a ./Drivers/STM32F1xx_HAL_Driver/Src/stm32f1xx_hal.o
 .debug_info    0x000045a6      0xaed ./Drivers/STM32F1xx_HAL_Driver/Src/stm32f1xx_hal_cortex.o
 .debug_info    0x00005093      0x5ab ./Drivers/STM32F1xx_HAL_Driver/Src/stm32f1xx_hal_gpio.o
 .debug_info    0x0000563e     0x16dc ./Drivers/STM32F1xx_HAL_Driver/Src/stm32f1xx_hal_pcd.o
 .debug_info    0x00006d1a      0x6c3 ./Drivers/STM32F1xx_HAL_Driver/Src/stm32f1xx_hal_pcd_ex.o
 .debug_info    0x000073dd      0x7d5 ./Drivers/STM32F1xx_HAL_Driver/Src/stm32f1xx_hal_rcc.o
 .debug_info    0x00007bb2      0x3e9 ./Drivers/STM32F1xx_HAL_Driver/Src/stm32f1xx_hal_rcc_ex.o
 .debug_info    0x00007f9b     0x17ae ./Drivers/STM32F1xx_HAL_Driver/Src/stm32f1xx_ll_usb.o
 .debug_info    0x00009749      0xab5 ./Middlewares/ST/STM32_USB_Device_Library/Class/CustomHID/Src/usbd_customhid.o
 .debug_info    0x0000a1fe      0xa52 ./Middlewares/ST/STM32_USB_Device_Library/Core/Src/usbd_core.o
 .debug_info    0x0000ac50      0x91c ./Middlewares/ST/STM32_USB_Device_Library/Core/Src/usbd_ctlreq.o
 .debug_info    0x0000b56c      0x6a0 ./Middlewares/ST/STM32_USB_Device_Library/Core/Src/usbd_ioreq.o
 .debug_info    0x0000bc0c      0x61a ./USB_DEVICE/App/usb_device.o
 .debug_info    0x0000c226      0x1de ./USB_DEVICE/App/usbd_custom_hid_if.o
 .debug_info    0x0000c404      0x44a ./USB_DEVICE/App/usbd_desc.o
 .debug_info    0x0000c84e     0x18ca ./USB_DEVICE/Target/usbd_conf.o

.debug_abbrev   0x00000000     0x2f12
 .debug_abbrev  0x00000000      0x624 ./Core/Src/app.o
 .debug_abbrev  0x00000624      0x161 ./Core/Src/gpio.o
 .debug_abbrev  0x00000785      0x1e3 ./Core/Src/main.o
 .debug_abbrev  0x00000968       0xdb ./Core/Src/stm32f1xx_hal_msp.o
 .debug_abbrev  0x00000a43      0x1a7 ./Core/Src/stm32f1xx_it.o
 .debug_abbrev  0x00000bea      0x13f ./Core/Src/system_stm32f1xx.o
 .debug_abbrev  0x00000d29       0x24 ./Core/Startup/startup_stm32f103zetx.o
 .debug_abbrev  0x00000d4d      0x201 ./Drivers/STM32F1xx_HAL_Driver/Src/stm32f1xx_hal.o
 .debug_abbrev  0x00000f4e      0x2f8 ./Drivers/STM32F1xx_HAL_Driver/Src/stm32f1xx_hal_cortex.o
 .debug_abbrev  0x00001246      0x1ca ./Drivers/STM32F1xx_HAL_Driver/Src/stm32f1xx_hal_gpio.o
 .debug_abbrev  0x00001410      0x2d6 ./Drivers/STM32F1xx_HAL_Driver/Src/stm32f1xx_hal_pcd.o
 .debug_abbrev  0x000016e6      0x189 ./Drivers/STM32F1xx_HAL_Driver/Src/stm32f1xx_hal_pcd_ex.o
 .debug_abbrev  0x0000186f      0x2b3 ./Drivers/STM32F1xx_HAL_Driver/Src/stm32f1xx_hal_rcc.o
 .debug_abbrev  0x00001b22      0x188 ./Drivers/STM32F1xx_HAL_Driver/Src/stm32f1xx_hal_rcc_ex.o
 .debug_abbrev  0x00001caa      0x1de ./Drivers/STM32F1xx_HAL_Driver/Src/stm32f1xx_ll_usb.o
 .debug_abbrev  0x00001e88      0x272 ./Middlewares/ST/STM32_USB_Device_Library/Class/CustomHID/Src/usbd_customhid.o
 .debug_abbrev  0x000020fa      0x24a ./Middlewares/ST/STM32_USB_Device_Library/Core/Src/usbd_core.o
 .debug_abbrev  0x00002344      0x26b ./Middlewares/ST/STM32_USB_Device_Library/Core/Src/usbd_ctlreq.o
 .debug_abbrev  0x000025af      0x192 ./Middlewares/ST/STM32_USB_Device_Library/Core/Src/usbd_ioreq.o
 .debug_abbrev  0x00002741      0x18d ./USB_DEVICE/App/usb_device.o
 .debug_abbrev  0x000028ce      0x12f ./USB_DEVICE/App/usbd_custom_hid_if.o
 .debug_abbrev  0x000029fd      0x1ff ./USB_DEVICE/App/usbd_desc.o
 .debug_abbrev  0x00002bfc      0x316 ./USB_DEVICE/Target/usbd_conf.o

.debug_aranges  0x00000000      0xb88
 .debug_aranges
                0x00000000      0x118 ./Core/Src/app.o
 .debug_aranges
                0x00000118       0x20 ./Core/Src/gpio.o
 .debug_aranges
                0x00000138       0x38 ./Core/Src/main.o
 .debug_aranges
                0x00000170       0x20 ./Core/Src/stm32f1xx_hal_msp.o
 .debug_aranges
                0x00000190       0x70 ./Core/Src/stm32f1xx_it.o
 .debug_aranges
                0x00000200       0x28 ./Core/Src/system_stm32f1xx.o
 .debug_aranges
                0x00000228       0x28 ./Core/Startup/startup_stm32f103zetx.o
 .debug_aranges
                0x00000250       0xe0 ./Drivers/STM32F1xx_HAL_Driver/Src/stm32f1xx_hal.o
 .debug_aranges
                0x00000330      0x100 ./Drivers/STM32F1xx_HAL_Driver/Src/stm32f1xx_hal_cortex.o
 .debug_aranges
                0x00000430       0x58 ./Drivers/STM32F1xx_HAL_Driver/Src/stm32f1xx_hal_gpio.o
 .debug_aranges
                0x00000488      0x140 ./Drivers/STM32F1xx_HAL_Driver/Src/stm32f1xx_hal_pcd.o
 .debug_aranges
                0x000005c8       0x38 ./Drivers/STM32F1xx_HAL_Driver/Src/stm32f1xx_hal_pcd_ex.o
 .debug_aranges
                0x00000600       0x90 ./Drivers/STM32F1xx_HAL_Driver/Src/stm32f1xx_hal_rcc.o
 .debug_aranges
                0x00000690       0x30 ./Drivers/STM32F1xx_HAL_Driver/Src/stm32f1xx_hal_rcc_ex.o
 .debug_aranges
                0x000006c0       0xf8 ./Drivers/STM32F1xx_HAL_Driver/Src/stm32f1xx_ll_usb.o
 .debug_aranges
                0x000007b8       0x78 ./Middlewares/ST/STM32_USB_Device_Library/Class/CustomHID/Src/usbd_customhid.o
 .debug_aranges
                0x00000830       0xb8 ./Middlewares/ST/STM32_USB_Device_Library/Core/Src/usbd_core.o
 .debug_aranges
                0x000008e8       0x88 ./Middlewares/ST/STM32_USB_Device_Library/Core/Src/usbd_ctlreq.o
 .debug_aranges
                0x00000970       0x50 ./Middlewares/ST/STM32_USB_Device_Library/Core/Src/usbd_ioreq.o
 .debug_aranges
                0x000009c0       0x20 ./USB_DEVICE/App/usb_device.o
 .debug_aranges
                0x000009e0       0x30 ./USB_DEVICE/App/usbd_custom_hid_if.o
 .debug_aranges
                0x00000a10       0x60 ./USB_DEVICE/App/usbd_desc.o
 .debug_aranges
                0x00000a70      0x118 ./USB_DEVICE/Target/usbd_conf.o

.debug_rnglists
                0x00000000      0x867
 .debug_rnglists
                0x00000000       0xd4 ./Core/Src/app.o
 .debug_rnglists
                0x000000d4       0x14 ./Core/Src/gpio.o
 .debug_rnglists
                0x000000e8       0x26 ./Core/Src/main.o
 .debug_rnglists
                0x0000010e       0x13 ./Core/Src/stm32f1xx_hal_msp.o
 .debug_rnglists
                0x00000121       0x4f ./Core/Src/stm32f1xx_it.o
 .debug_rnglists
                0x00000170       0x1a ./Core/Src/system_stm32f1xx.o
 .debug_rnglists
                0x0000018a       0x19 ./Core/Startup/startup_stm32f103zetx.o
 .debug_rnglists
                0x000001a3       0xa3 ./Drivers/STM32F1xx_HAL_Driver/Src/stm32f1xx_hal.o
 .debug_rnglists
                0x00000246       0xbb ./Drivers/STM32F1xx_HAL_Driver/Src/stm32f1xx_hal_cortex.o
 .debug_rnglists
                0x00000301       0x3f ./Drivers/STM32F1xx_HAL_Driver/Src/stm32f1xx_hal_gpio.o
 .debug_rnglists
                0x00000340       0xf4 ./Drivers/STM32F1xx_HAL_Driver/Src/stm32f1xx_hal_pcd.o
 .debug_rnglists
                0x00000434       0x26 ./Drivers/STM32F1xx_HAL_Driver/Src/stm32f1xx_hal_pcd_ex.o
 .debug_rnglists
                0x0000045a       0x6c ./Drivers/STM32F1xx_HAL_Driver/Src/stm32f1xx_hal_rcc.o
 .debug_rnglists
                0x000004c6       0x22 ./Drivers/STM32F1xx_HAL_Driver/Src/stm32f1xx_hal_rcc_ex.o
 .debug_rnglists
                0x000004e8       0xbd ./Drivers/STM32F1xx_HAL_Driver/Src/stm32f1xx_ll_usb.o
 .debug_rnglists
                0x000005a5       0x57 ./Middlewares/ST/STM32_USB_Device_Library/Class/CustomHID/Src/usbd_customhid.o
 .debug_rnglists
                0x000005fc       0x89 ./Middlewares/ST/STM32_USB_Device_Library/Core/Src/usbd_core.o
 .debug_rnglists
                0x00000685       0x68 ./Middlewares/ST/STM32_USB_Device_Library/Core/Src/usbd_ctlreq.o
 .debug_rnglists
                0x000006ed       0x37 ./Middlewares/ST/STM32_USB_Device_Library/Core/Src/usbd_ioreq.o
 .debug_rnglists
                0x00000724       0x13 ./USB_DEVICE/App/usb_device.o
 .debug_rnglists
                0x00000737       0x1f ./USB_DEVICE/App/usbd_custom_hid_if.o
 .debug_rnglists
                0x00000756       0x43 ./USB_DEVICE/App/usbd_desc.o
 .debug_rnglists
                0x00000799       0xce ./USB_DEVICE/Target/usbd_conf.o

.debug_macro    0x00000000    0x1de8d
 .debug_macro   0x00000000      0x3e0 ./Core/Src/app.o
 .debug_macro   0x000003e0      0xc16 ./Core/Src/app.o
 .debug_macro   0x00000ff6      0x215 ./Core/Src/app.o
 .debug_macro   0x0000120b       0x2e ./Core/Src/app.o
 .debug_macro   0x00001239       0x22 ./Core/Src/app.o
 .debug_macro   0x0000125b       0x1c ./Core/Src/app.o
 .debug_macro   0x00001277       0x22 ./Core/Src/app.o
 .debug_macro   0x00001299       0x8e ./Core/Src/app.o
 .debug_macro   0x00001327       0x51 ./Core/Src/app.o
 .debug_macro   0x00001378      0x103 ./Core/Src/app.o
 .debug_macro   0x0000147b       0x6a ./Core/Src/app.o
 .debug_macro   0x000014e5      0x1df ./Core/Src/app.o
 .debug_macro   0x000016c4       0x1c ./Core/Src/app.o
 .debug_macro   0x000016e0       0x22 ./Core/Src/app.o
 .debug_macro   0x00001702       0xbd ./Core/Src/app.o
 .debug_macro   0x000017bf      0xd23 ./Core/Src/app.o
 .debug_macro   0x000024e2     0xfd8c ./Core/Src/app.o
 .debug_macro   0x0001226e       0x6d ./Core/Src/app.o
 .debug_macro   0x000122db     0x34a2 ./Core/Src/app.o
 .debug_macro   0x0001577d      0x197 ./Core/Src/app.o
 .debug_macro   0x00015914       0x5c ./Core/Src/app.o
 .debug_macro   0x00015970      0x5bc ./Core/Src/app.o
 .debug_macro   0x00015f2c      0x4d5 ./Core/Src/app.o
 .debug_macro   0x00016401      0x1cb ./Core/Src/app.o
 .debug_macro   0x000165cc      0x114 ./Core/Src/app.o
 .debug_macro   0x000166e0      0x1ea ./Core/Src/app.o
 .debug_macro   0x000168ca       0x27 ./Core/Src/app.o
 .debug_macro   0x000168f1      0x144 ./Core/Src/app.o
 .debug_macro   0x00016a35      0x1bc ./Core/Src/app.o
 .debug_macro   0x00016bf1       0x30 ./Core/Src/app.o
 .debug_macro   0x00016c21       0x3c ./Core/Src/app.o
 .debug_macro   0x00016c5d       0x57 ./Core/Src/app.o
 .debug_macro   0x00016cb4       0x87 ./Core/Src/app.o
 .debug_macro   0x00016d3b      0x24f ./Core/Src/app.o
 .debug_macro   0x00016f8a      0x140 ./Core/Src/app.o
 .debug_macro   0x000170ca       0xb7 ./Core/Src/app.o
 .debug_macro   0x00017181      0x242 ./Core/Src/app.o
 .debug_macro   0x000173c3       0xb5 ./Core/Src/app.o
 .debug_macro   0x00017478       0x17 ./Core/Src/app.o
 .debug_macro   0x0001748f       0x61 ./Core/Src/app.o
 .debug_macro   0x000174f0       0x24 ./Core/Src/app.o
 .debug_macro   0x00017514       0x43 ./Core/Src/app.o
 .debug_macro   0x00017557       0x34 ./Core/Src/app.o
 .debug_macro   0x0001758b       0x16 ./Core/Src/app.o
 .debug_macro   0x000175a1       0x3c ./Core/Src/app.o
 .debug_macro   0x000175dd      0x38c ./Core/Src/app.o
 .debug_macro   0x00017969       0x10 ./Core/Src/app.o
 .debug_macro   0x00017979       0x16 ./Core/Src/app.o
 .debug_macro   0x0001798f       0x4a ./Core/Src/app.o
 .debug_macro   0x000179d9       0x34 ./Core/Src/app.o
 .debug_macro   0x00017a0d       0x10 ./Core/Src/app.o
 .debug_macro   0x00017a1d       0x58 ./Core/Src/app.o
 .debug_macro   0x00017a75       0x8e ./Core/Src/app.o
 .debug_macro   0x00017b03       0x16 ./Core/Src/app.o
 .debug_macro   0x00017b19      0x185 ./Core/Src/app.o
 .debug_macro   0x00017c9e       0x16 ./Core/Src/app.o
 .debug_macro   0x00017cb4       0x16 ./Core/Src/app.o
 .debug_macro   0x00017cca      0x138 ./Core/Src/app.o
 .debug_macro   0x00017e02      0x1f2 ./Core/Src/app.o
 .debug_macro   0x00017ff4       0x10 ./Core/Src/app.o
 .debug_macro   0x00018004       0xc8 ./Core/Src/app.o
 .debug_macro   0x000180cc      0x103 ./Core/Src/app.o
 .debug_macro   0x000181cf      0x368 ./Core/Src/app.o
 .debug_macro   0x00018537       0x10 ./Core/Src/app.o
 .debug_macro   0x00018547       0x16 ./Core/Src/app.o
 .debug_macro   0x0001855d       0x16 ./Core/Src/app.o
 .debug_macro   0x00018573       0x29 ./Core/Src/app.o
 .debug_macro   0x0001859c       0x1c ./Core/Src/app.o
 .debug_macro   0x000185b8       0xde ./Core/Src/app.o
 .debug_macro   0x00018696       0x16 ./Core/Src/app.o
 .debug_macro   0x000186ac       0x20 ./Core/Src/app.o
 .debug_macro   0x000186cc       0x6c ./Core/Src/app.o
 .debug_macro   0x00018738      0x1c8 ./Core/Src/app.o
 .debug_macro   0x00018900       0x65 ./Core/Src/app.o
 .debug_macro   0x00018965      0x1bc ./Core/Src/gpio.o
 .debug_macro   0x00018b21      0xacc ./Core/Src/gpio.o
 .debug_macro   0x000195ed      0xd23 ./Core/Src/gpio.o
 .debug_macro   0x0001a310      0x190 ./Core/Src/gpio.o
 .debug_macro   0x0001a4a0      0x324 ./Core/Src/main.o
 .debug_macro   0x0001a7c4       0x34 ./Core/Src/main.o
 .debug_macro   0x0001a7f8       0x3c ./Core/Src/main.o
 .debug_macro   0x0001a834      0x370 ./Core/Src/main.o
 .debug_macro   0x0001aba4       0x4a ./Core/Src/main.o
 .debug_macro   0x0001abee       0x1c ./Core/Src/main.o
 .debug_macro   0x0001ac0a      0x146 ./Core/Src/main.o
 .debug_macro   0x0001ad50      0x1b2 ./Core/Src/stm32f1xx_hal_msp.o
 .debug_macro   0x0001af02      0x1bc ./Core/Src/stm32f1xx_it.o
 .debug_macro   0x0001b0be      0x1a8 ./Core/Src/system_stm32f1xx.o
 .debug_macro   0x0001b266      0x1cc ./Drivers/STM32F1xx_HAL_Driver/Src/stm32f1xx_hal.o
 .debug_macro   0x0001b432      0x1a8 ./Drivers/STM32F1xx_HAL_Driver/Src/stm32f1xx_hal_cortex.o
 .debug_macro   0x0001b5da      0x213 ./Drivers/STM32F1xx_HAL_Driver/Src/stm32f1xx_hal_gpio.o
 .debug_macro   0x0001b7ed      0x1b4 ./Drivers/STM32F1xx_HAL_Driver/Src/stm32f1xx_hal_pcd.o
 .debug_macro   0x0001b9a1      0x1a8 ./Drivers/STM32F1xx_HAL_Driver/Src/stm32f1xx_hal_pcd_ex.o
 .debug_macro   0x0001bb49      0x1ba ./Drivers/STM32F1xx_HAL_Driver/Src/stm32f1xx_hal_rcc.o
 .debug_macro   0x0001bd03      0x1a8 ./Drivers/STM32F1xx_HAL_Driver/Src/stm32f1xx_hal_rcc_ex.o
 .debug_macro   0x0001beab      0x1a8 ./Drivers/STM32F1xx_HAL_Driver/Src/stm32f1xx_ll_usb.o
 .debug_macro   0x0001c053      0x341 ./Middlewares/ST/STM32_USB_Device_Library/Class/CustomHID/Src/usbd_customhid.o
 .debug_macro   0x0001c394       0x9e ./Middlewares/ST/STM32_USB_Device_Library/Class/CustomHID/Src/usbd_customhid.o
 .debug_macro   0x0001c432      0x112 ./Middlewares/ST/STM32_USB_Device_Library/Class/CustomHID/Src/usbd_customhid.o
 .debug_macro   0x0001c544       0x56 ./Middlewares/ST/STM32_USB_Device_Library/Class/CustomHID/Src/usbd_customhid.o
 .debug_macro   0x0001c59a      0x328 ./Middlewares/ST/STM32_USB_Device_Library/Core/Src/usbd_core.o
 .debug_macro   0x0001c8c2      0x1ce ./Middlewares/ST/STM32_USB_Device_Library/Core/Src/usbd_core.o
 .debug_macro   0x0001ca90      0x332 ./Middlewares/ST/STM32_USB_Device_Library/Core/Src/usbd_ctlreq.o
 .debug_macro   0x0001cdc2      0x32e ./Middlewares/ST/STM32_USB_Device_Library/Core/Src/usbd_ioreq.o
 .debug_macro   0x0001d0f0      0x368 ./USB_DEVICE/App/usb_device.o
 .debug_macro   0x0001d458       0x22 ./USB_DEVICE/App/usb_device.o
 .debug_macro   0x0001d47a      0x347 ./USB_DEVICE/App/usbd_custom_hid_if.o
 .debug_macro   0x0001d7c1      0x365 ./USB_DEVICE/App/usbd_desc.o
 .debug_macro   0x0001db26       0x1c ./USB_DEVICE/App/usbd_desc.o
 .debug_macro   0x0001db42      0x34b ./USB_DEVICE/Target/usbd_conf.o

.debug_line     0x00000000    0x100b9
 .debug_line    0x00000000     0x173d ./Core/Src/app.o
 .debug_line    0x0000173d      0x71f ./Core/Src/gpio.o
 .debug_line    0x00001e5c      0x9dc ./Core/Src/main.o
 .debug_line    0x00002838      0x6f7 ./Core/Src/stm32f1xx_hal_msp.o
 .debug_line    0x00002f2f      0x7d7 ./Core/Src/stm32f1xx_it.o
 .debug_line    0x00003706      0x775 ./Core/Src/system_stm32f1xx.o
 .debug_line    0x00003e7b       0x79 ./Core/Startup/startup_stm32f103zetx.o
 .debug_line    0x00003ef4      0x9a6 ./Drivers/STM32F1xx_HAL_Driver/Src/stm32f1xx_hal.o
 .debug_line    0x0000489a      0xb70 ./Drivers/STM32F1xx_HAL_Driver/Src/stm32f1xx_hal_cortex.o
 .debug_line    0x0000540a      0xa2b ./Drivers/STM32F1xx_HAL_Driver/Src/stm32f1xx_hal_gpio.o
 .debug_line    0x00005e35     0x132b ./Drivers/STM32F1xx_HAL_Driver/Src/stm32f1xx_hal_pcd.o
 .debug_line    0x00007160      0x770 ./Drivers/STM32F1xx_HAL_Driver/Src/stm32f1xx_hal_pcd_ex.o
 .debug_line    0x000078d0      0xe5f ./Drivers/STM32F1xx_HAL_Driver/Src/stm32f1xx_hal_rcc.o
 .debug_line    0x0000872f      0x92a ./Drivers/STM32F1xx_HAL_Driver/Src/stm32f1xx_hal_rcc_ex.o
 .debug_line    0x00009059     0x1116 ./Drivers/STM32F1xx_HAL_Driver/Src/stm32f1xx_ll_usb.o
 .debug_line    0x0000a16f      0xc54 ./Middlewares/ST/STM32_USB_Device_Library/Class/CustomHID/Src/usbd_customhid.o
 .debug_line    0x0000adc3      0xd53 ./Middlewares/ST/STM32_USB_Device_Library/Core/Src/usbd_core.o
 .debug_line    0x0000bb16      0xf9d ./Middlewares/ST/STM32_USB_Device_Library/Core/Src/usbd_ctlreq.o
 .debug_line    0x0000cab3      0xa09 ./Middlewares/ST/STM32_USB_Device_Library/Core/Src/usbd_ioreq.o
 .debug_line    0x0000d4bc      0x9ec ./USB_DEVICE/App/usb_device.o
 .debug_line    0x0000dea8      0x9d4 ./USB_DEVICE/App/usbd_custom_hid_if.o
 .debug_line    0x0000e87c      0xa82 ./USB_DEVICE/App/usbd_desc.o
 .debug_line    0x0000f2fe      0xdbb ./USB_DEVICE/Target/usbd_conf.o

.debug_str      0x00000000    0x96a96
 .debug_str     0x00000000    0x96a96 ./Core/Src/app.o
                              0x9439c (size before relaxing)
 .debug_str     0x00096a96    0x8bf41 ./Core/Src/gpio.o
 .debug_str     0x00096a96    0x9009b ./Core/Src/main.o
 .debug_str     0x00096a96    0x8bade ./Core/Src/stm32f1xx_hal_msp.o
 .debug_str     0x00096a96    0x8bee9 ./Core/Src/stm32f1xx_it.o
 .debug_str     0x00096a96    0x8bb09 ./Core/Src/system_stm32f1xx.o
 .debug_str     0x00096a96       0x55 ./Core/Startup/startup_stm32f103zetx.o
 .debug_str     0x00096a96    0x8c320 ./Drivers/STM32F1xx_HAL_Driver/Src/stm32f1xx_hal.o
 .debug_str     0x00096a96    0x8c26c ./Drivers/STM32F1xx_HAL_Driver/Src/stm32f1xx_hal_cortex.o
 .debug_str     0x00096a96    0x8be8f ./Drivers/STM32F1xx_HAL_Driver/Src/stm32f1xx_hal_gpio.o
 .debug_str     0x00096a96    0x8c426 ./Drivers/STM32F1xx_HAL_Driver/Src/stm32f1xx_hal_pcd.o
 .debug_str     0x00096a96    0x8bf88 ./Drivers/STM32F1xx_HAL_Driver/Src/stm32f1xx_hal_pcd_ex.o
 .debug_str     0x00096a96    0x8bf38 ./Drivers/STM32F1xx_HAL_Driver/Src/stm32f1xx_hal_rcc.o
 .debug_str     0x00096a96    0x8bcc6 ./Drivers/STM32F1xx_HAL_Driver/Src/stm32f1xx_hal_rcc_ex.o
 .debug_str     0x00096a96    0x8bfda ./Drivers/STM32F1xx_HAL_Driver/Src/stm32f1xx_ll_usb.o
 .debug_str     0x00096a96    0x9071b ./Middlewares/ST/STM32_USB_Device_Library/Class/CustomHID/Src/usbd_customhid.o
 .debug_str     0x00096a96    0x903ed ./Middlewares/ST/STM32_USB_Device_Library/Core/Src/usbd_core.o
 .debug_str     0x00096a96    0x90307 ./Middlewares/ST/STM32_USB_Device_Library/Core/Src/usbd_ctlreq.o
 .debug_str     0x00096a96    0x90234 ./Middlewares/ST/STM32_USB_Device_Library/Core/Src/usbd_ioreq.o
 .debug_str     0x00096a96    0x904dc ./USB_DEVICE/App/usb_device.o
 .debug_str     0x00096a96    0x90079 ./USB_DEVICE/App/usbd_custom_hid_if.o
 .debug_str     0x00096a96    0x90185 ./USB_DEVICE/App/usbd_desc.o
 .debug_str     0x00096a96    0x91053 ./USB_DEVICE/Target/usbd_conf.o

.comment        0x00000000       0x43
 .comment       0x00000000       0x43 ./Core/Src/app.o
                                 0x44 (size before relaxing)
 .comment       0x00000043       0x44 ./Core/Src/gpio.o
 .comment       0x00000043       0x44 ./Core/Src/main.o