../Core/Inc/EXTIManager.hpp:25:17:static void EXTI_Manager::registerPin(uint16_t, EXTI_Observer*)	24	static
../Core/Inc/EXTIManager.hpp:37:17:static void EXTI_Manager::dispatch(uint16_t)	24	static
../Core/Inc/EXTIManager.hpp:52:6:void HAL_GPIO_EXTI_Callback(uint16_t)	16	static
../Core/Inc/GPIOHelper.hpp:23:5:GPIOPin::GPIOPin(GPIO_TypeDef*, uint16_t)	24	static
../Core/Inc/GPIOHelper.hpp:26:17:void GPIOPin::write(bool) const	16	static
../Core/Inc/GPIOHelper.hpp:33:17:bool GPIOPin::read() const	16	static
../Core/Inc/GPIOHelper.hpp:41:21:GPIOPin& GPIOPin::operator=(bool)	16	static
../Core/Inc/GPIOHelper.hpp:65:17:void GPIOPin::setMode(GPIOMode, uint32_t) const	40	static
../Core/Inc/EXTIManager.hpp:13:7:constexpr EXTI_Observer::EXTI_Observer()	16	static
../Core/Inc/EXTIManager.hpp:16:13:EXTI_Observer::~EXTI_Observer()	16	static
../Core/Inc/EXTIManager.hpp:16:13:virtual EXTI_Observer::~EXTI_Observer()	16	static
../Core/Inc/CS1237.hpp:29:5:CS1237::CS1237(GPIOPin, GPIOPin)	24	static
../Core/Inc/CS1237.hpp:34:10:virtual void CS1237::onExternalInterrupt()	24	static
../Core/Inc/CS1237.hpp:49:17:void CS1237::syncConfig()	24	static
../Core/Inc/CS1237.hpp:73:20:int32_t CS1237::ADCreadImmediately()	40	static
../Core/Inc/CS1237.hpp:94:20:uint8_t CS1237::ReadByte()	40	static
../Core/Inc/CS1237.hpp:114:17:void CS1237::WriteByte(uint8_t)	32	static
../Core/Inc/CS1237.hpp:133:17:void CS1237::SCL_H()	16	static
../Core/Inc/CS1237.hpp:134:17:void CS1237::SCL_L()	16	static
../Core/Inc/CS1237.hpp:135:17:void CS1237::SDA_H()	16	static
../Core/Inc/CS1237.hpp:136:17:void CS1237::SDA_L()	16	static
../Core/Inc/CS1237.hpp:137:17:void CS1237::one_bit()	16	static
../Core/Inc/CS1237.hpp:143:10:void CS1237::delay_us(uint32_t)	24	static
../Core/Inc/ZeroTracker.hpp:17:5:ZeroTracker::ZeroTracker(int32_t)	16	static
../Core/Inc/ZeroTracker.hpp:27:13:int32_t ZeroTracker::update(int32_t)	24	static
../Core/Src/app.cpp:53:17:void RealMain()	176	static,ignoring_inline_asm
../Core/Inc/CS1237.hpp:14:7:CS1237::~CS1237()	16	static
../Core/Inc/CS1237.hpp:14:7:virtual CS1237::~CS1237()	16	static
../Core/Src/app.cpp:96:1:void __static_initialization_and_destruction_0()	16	static
../Core/Src/app.cpp:96:1:void __static_initialization_and_destruction_1()	8	static
../Core/Src/app.cpp:96:1:cpp)	8	static
../Core/Src/app.cpp:96:1:cpp)	8	static
